Archive member included because of file (symbol)

/home/fanaur/RepositorioMercurial/trabajoprofesional/Codigo/workspaceLpc/CMSISv2p00_LPC17xx/Debug/libCMSISv2p00_LPC17xx.a(system_LPC17xx.o)
                              ./src/cr_startup_lpc176x.o (SystemInit)
/home/fanaur/RepositorioMercurial/trabajoprofesional/Codigo/workspaceLpc/libDriversMcuPeripherals/Debug/libDriversMcuPeripherals.a(lpc17xx_pinsel.o)
                              ./src/API_Uart.o (PINSEL_ConfigPin)
/home/fanaur/RepositorioMercurial/trabajoprofesional/Codigo/workspaceLpc/libDriversMcuPeripherals/Debug/libDriversMcuPeripherals.a(lpc17xx_uart.o)
                              ./src/API_Uart.o (UART_Init)
/home/fanaur/RepositorioMercurial/trabajoprofesional/Codigo/workspaceLpc/libDriversMcuPeripherals/Debug/libDriversMcuPeripherals.a(lpc17xx_clkpwr.o)
                              /home/fanaur/RepositorioMercurial/trabajoprofesional/Codigo/workspaceLpc/libDriversMcuPeripherals/Debug/libDriversMcuPeripherals.a(lpc17xx_uart.o) (CLKPWR_GetPCLK)
/home/fanaur/RepositorioMercurial/trabajoprofesional/Codigo/workspaceLpc/libDriversMcuPeripherals/Debug/libDriversMcuPeripherals.a(lpc17xx_libcfg_default.o)
                              /home/fanaur/RepositorioMercurial/trabajoprofesional/Codigo/workspaceLpc/libDriversMcuPeripherals/Debug/libDriversMcuPeripherals.a(lpc17xx_uart.o) (check_failed)
/usr/local/lpcxpresso_4.2.0_224/lpcxpresso/tools/bin/../lib/gcc/arm-none-eabi/4.5.1/../../../../arm-none-eabi/lib/thumb2/libcr_nohost.a(_cr__main.o)
                              ./src/cr_startup_lpc176x.o (__main)
/usr/local/lpcxpresso_4.2.0_224/lpcxpresso/tools/bin/../lib/gcc/arm-none-eabi/4.5.1/../../../../arm-none-eabi/lib/thumb2/libcr_c.a(fpprintf.o)
                              ./src/main.o (sprintf)
/usr/local/lpcxpresso_4.2.0_224/lpcxpresso/tools/bin/../lib/gcc/arm-none-eabi/4.5.1/../../../../arm-none-eabi/lib/thumb2/libcr_c.a(initio.o)
                              /usr/local/lpcxpresso_4.2.0_224/lpcxpresso/tools/bin/../lib/gcc/arm-none-eabi/4.5.1/../../../../arm-none-eabi/lib/thumb2/libcr_nohost.a(_cr__main.o) (_initio)
/usr/local/lpcxpresso_4.2.0_224/lpcxpresso/tools/bin/../lib/gcc/arm-none-eabi/4.5.1/../../../../arm-none-eabi/lib/thumb2/libcr_c.a(printf.o)
                              /usr/local/lpcxpresso_4.2.0_224/lpcxpresso/tools/bin/../lib/gcc/arm-none-eabi/4.5.1/../../../../arm-none-eabi/lib/thumb2/libcr_c.a(fpprintf.o) (__vfprintf)
/usr/local/lpcxpresso_4.2.0_224/lpcxpresso/tools/bin/../lib/gcc/arm-none-eabi/4.5.1/../../../../arm-none-eabi/lib/thumb2/libcr_c.a(setvbuf.o)
                              /usr/local/lpcxpresso_4.2.0_224/lpcxpresso/tools/bin/../lib/gcc/arm-none-eabi/4.5.1/../../../../arm-none-eabi/lib/thumb2/libcr_c.a(initio.o) (setvbuf)
/usr/local/lpcxpresso_4.2.0_224/lpcxpresso/tools/bin/../lib/gcc/arm-none-eabi/4.5.1/../../../../arm-none-eabi/lib/thumb2/libcr_c.a(stdio.o)
                              /usr/local/lpcxpresso_4.2.0_224/lpcxpresso/tools/bin/../lib/gcc/arm-none-eabi/4.5.1/../../../../arm-none-eabi/lib/thumb2/libcr_c.a(fpprintf.o) (__Ciob)
/usr/local/lpcxpresso_4.2.0_224/lpcxpresso/tools/bin/../lib/gcc/arm-none-eabi/4.5.1/../../../../arm-none-eabi/lib/thumb2/libcr_c.a(strlen.o)
                              ./src/API_Uart.o (strlen)
/usr/local/lpcxpresso_4.2.0_224/lpcxpresso/tools/bin/../lib/gcc/arm-none-eabi/4.5.1/../../../../arm-none-eabi/lib/thumb2/libcr_c.a(memset.o)
                              /usr/local/lpcxpresso_4.2.0_224/lpcxpresso/tools/bin/../lib/gcc/arm-none-eabi/4.5.1/../../../../arm-none-eabi/lib/thumb2/libcr_c.a(fpprintf.o) (memset)
/usr/local/lpcxpresso_4.2.0_224/lpcxpresso/tools/bin/../lib/gcc/arm-none-eabi/4.5.1/../../../../arm-none-eabi/lib/thumb2/libcr_c.a(__fillbuf.o)
                              /usr/local/lpcxpresso_4.2.0_224/lpcxpresso/tools/bin/../lib/gcc/arm-none-eabi/4.5.1/../../../../arm-none-eabi/lib/thumb2/libcr_c.a(stdio.o) (__filbuf)
/usr/local/lpcxpresso_4.2.0_224/lpcxpresso/tools/bin/../lib/gcc/arm-none-eabi/4.5.1/../../../../arm-none-eabi/lib/thumb2/libcr_c.a(_deferredlazyseek.o)
                              /usr/local/lpcxpresso_4.2.0_224/lpcxpresso/tools/bin/../lib/gcc/arm-none-eabi/4.5.1/../../../../arm-none-eabi/lib/thumb2/libcr_c.a(__fillbuf.o) (_deferredlazyseek)
/usr/local/lpcxpresso_4.2.0_224/lpcxpresso/tools/bin/../lib/gcc/arm-none-eabi/4.5.1/../../../../arm-none-eabi/lib/thumb2/libcr_c.a(_fdopen.o)
                              /usr/local/lpcxpresso_4.2.0_224/lpcxpresso/tools/bin/../lib/gcc/arm-none-eabi/4.5.1/../../../../arm-none-eabi/lib/thumb2/libcr_c.a(initio.o) (_fdopen)
/usr/local/lpcxpresso_4.2.0_224/lpcxpresso/tools/bin/../lib/gcc/arm-none-eabi/4.5.1/../../../../arm-none-eabi/lib/thumb2/libcr_c.a(_fflush.o)
                              /usr/local/lpcxpresso_4.2.0_224/lpcxpresso/tools/bin/../lib/gcc/arm-none-eabi/4.5.1/../../../../arm-none-eabi/lib/thumb2/libcr_c.a(__fillbuf.o) (_fflush)
[...]
Memory Configuration

Name             Origin             Length             Attributes
MFlash512        0x00000000         0x00080000         xr
RamLoc32         0x10000000         0x00008000         xrw
RamAHB32         0x2007c000         0x00008000         xrw
*default*        0x00000000         0xffffffff

Linker script and memory map

LOAD ./src/API_Uart.o
LOAD ./src/cr_startup_lpc176x.o
LOAD ./src/main.o
LOAD /home/fanaur/RepositorioMercurial/trabajoprofesional/Codigo/workspaceLpc/CMSISv2p00_LPC17xx/Debug/libCMSISv2p00_LPC17xx.a
LOAD /home/fanaur/RepositorioMercurial/trabajoprofesional/Codigo/workspaceLpc/libDriversMcuPeripherals/Debug/libDriversMcuPeripherals.a
START GROUP
LOAD /usr/local/lpcxpresso_4.2.0_224/lpcxpresso/tools/bin/../lib/gcc/arm-none-eabi/4.5.1/../../../../arm-none-eabi/lib/thumb2/libcr_nohost.a
LOAD /usr/local/lpcxpresso_4.2.0_224/lpcxpresso/tools/bin/../lib/gcc/arm-none-eabi/4.5.1/../../../../arm-none-eabi/lib/thumb2/libcr_c.a
LOAD /usr/local/lpcxpresso_4.2.0_224/lpcxpresso/tools/bin/../lib/gcc/arm-none-eabi/4.5.1/thumb2/libcr_eabihelpers.a
END GROUP
                0x00080000                __top_MFlash512 = 0x80000
                0x10008000                __top_RamLoc32 = 0x10008000
                0x20084000                __top_RamAHB32 = 0x20084000

.text           0x00000000     0x3dc8
 FILL mask 0xff
 *(.isr_vector)
 .isr_vector    0x00000000       0xcc ./src/cr_startup_lpc176x.o
                0x00000000                g_pfnVectors
                0x000000cc                . = ALIGN (0x4)
                0x000000cc                __section_table_start = .
                0x000000cc                __data_section_table = .
                0x000000cc        0x4 LONG 0x3dc8 LOADADDR (.data)
                0x000000d0        0x4 LONG 0x10000000 ADDR (.data)
                0x000000d4        0x4 LONG 0x4 SIZEOF (.data)
                0x000000d8        0x4 LONG 0x3dc8 LOADADDR (.data_RAM2)
                0x000000dc        0x4 LONG 0x2007c000 ADDR (.data_RAM2)
                0x000000e0        0x4 LONG 0x0 SIZEOF (.data_RAM2)
                0x000000e4                __data_section_table_end = .
                0x000000e4                __bss_section_table = .
                0x000000e4        0x4 LONG 0x10000004 ADDR (.bss)
                0x000000e8        0x4 LONG 0x1c4 SIZEOF (.bss)
                0x000000ec        0x4 LONG 0x2007c000 ADDR (.bss_RAM2)
                0x000000f0        0x4 LONG 0x0 SIZEOF (.bss_RAM2)
                0x000000f4                __bss_section_table_end = .
                0x000000f4                __section_table_end = .
 *(.after_vectors*)
 .after_vectors
                0x000000f4       0x78 ./src/cr_startup_lpc176x.o
                0x000000f4                NMI_Handler
                0x000000f6                HardFault_Handler
                0x000000f8                MemManage_Handler
                0x000000fa                BusFault_Handler
                0x000000fc                UsageFault_Handler
                0x000000fe                SVC_Handler
                0x00000100                DebugMon_Handler
                0x00000102                PendSV_Handler
                0x00000104                SysTick_Handler
                0x00000106                data_init
                0x00000118                bss_init
                0x00000128                ResetISR
                0x00000168                TIMER2_IRQHandler
                0x00000168                RIT_IRQHandler
                0x00000168                I2C0_IRQHandler
                0x00000168                USBActivity_IRQHandler
                0x00000168                PWM1_IRQHandler
                0x00000168                I2C1_IRQHandler
                0x00000168                EINT2_IRQHandler
                0x00000168                EINT3_IRQHandler
                0x00000168                CANActivity_IRQHandler
                0x00000168                TIMER3_IRQHandler
                0x00000168                IntDefaultHandler
                0x00000168                PLL0_IRQHandler
                0x00000168                CAN_IRQHandler
                0x00000168                PLL1_IRQHandler
                0x00000168                SSP0_IRQHandler
                0x00000168                I2S_IRQHandler
                0x00000168                I2C2_IRQHandler
                0x00000168                RTC_IRQHandler
                0x00000168                TIMER0_IRQHandler
                0x00000168                SPI_IRQHandler
                0x00000168                EINT1_IRQHandler
                0x00000168                TIMER1_IRQHandler
                0x00000168                ADC_IRQHandler
                0x00000168                SSP1_IRQHandler
                0x00000168                USB_IRQHandler
                0x00000168                BOD_IRQHandler
                0x00000168                WDT_IRQHandler
                0x00000168                QEI_IRQHandler
                0x00000168                EINT0_IRQHandler
                0x00000168                DMA_IRQHandler
                0x00000168                MCPWM_IRQHandler
                0x00000168                ENET_IRQHandler
                0x000002fc                . = 0x2fc
 *fill*         0x0000016c      0x190 ff
                0x000002fc                PROVIDE (__CRP_WORD_START__, .)
 *(.crp)
 .crp           0x000002fc        0x4 ./src/main.o
                0x000002fc                CRP_WORD
                0x00000300                PROVIDE (__CRP_WORD_END__, .)
                0x00000001                ASSERT (! ((__CRP_WORD_START__ == __CRP_WORD_END__)), Linker CRP Enabled, but no CRP_WORD provided within application)
 *(.text*)
 .text.NVIC_EnableIRQ
                0x00000300       0x38 ./src/API_Uart.o
 .text.API_UartConfig
                0x00000338      0x308 ./src/API_Uart.o
                0x00000338                API_UartConfig
 .text.API_UartSendString
                0x00000640       0x50 ./src/API_Uart.o
                0x00000640                API_UartSendString
 .text.API_UartSendByte
                0x00000690       0x38 ./src/API_Uart.o
                0x00000690                API_UartSendByte
 .text.API_EnableInterrupt
                0x000006c8       0x58 ./src/API_Uart.o
                0x000006c8                API_EnableInterrupt
 .text.UART0_IRQHandler
                0x00000720       0x30 ./src/API_Uart.o
                0x00000720                UART0_IRQHandler
 .text.UART1_IRQHandler
                0x00000750       0x30 ./src/API_Uart.o
                0x00000750                UART1_IRQHandler
 .text.UART2_IRQHandler
                0x00000780       0x30 ./src/API_Uart.o
                0x00000780                UART2_IRQHandler
 .text.UART3_IRQHandler
                0x000007b0       0x30 ./src/API_Uart.o
                0x000007b0                UART3_IRQHandler
 .text.ftest    0x000007e0       0x38 ./src/main.o
                0x000007e0                ftest
 .text.main     0x00000818       0x6c ./src/main.o
                0x00000818                main
 .text.SystemInit
                0x00000884       0xe4 /home/fanaur/RepositorioMercurial/trabajoprofesional/Codigo/workspaceLpc/CMSISv2p00_LPC17xx/Debug/libCMSISv2p00_LPC17xx.a(system_LPC17xx.o)
                0x00000884                SystemInit
 .text.set_PinFunc
                0x00000968       0xa0 /home/fanaur/RepositorioMercurial/trabajoprofesional/Codigo/workspaceLpc/libDriversMcuPeripherals/Debug/libDriversMcuPeripherals.a(lpc17xx_pinsel.o)
 .text.set_ResistorMode
                0x00000a08       0xa0 /home/fanaur/RepositorioMercurial/trabajoprofesional/Codigo/workspaceLpc/libDriversMcuPeripherals/Debug/libDriversMcuPeripherals.a(lpc17xx_pinsel.o)
 .text.set_OpenDrainMode
                0x00000aa8       0x80 /home/fanaur/RepositorioMercurial/trabajoprofesional/Codigo/workspaceLpc/libDriversMcuPeripherals/Debug/libDriversMcuPeripherals.a(lpc17xx_pinsel.o)
 .text.PINSEL_ConfigPin
                0x00000b28       0x54 /home/fanaur/RepositorioMercurial/trabajoprofesional/Codigo/workspaceLpc/libDriversMcuPeripherals/Debug/libDriversMcuPeripherals.a(lpc17xx_pinsel.o)
                0x00000b28                PINSEL_ConfigPin
 .text.uart_set_divisors
                0x00000b7c      0x314 /home/fanaur/RepositorioMercurial/trabajoprofesional/Codigo/workspaceLpc/libDriversMcuPeripherals/Debug/libDriversMcuPeripherals.a(lpc17xx_uart.o)
 .text.UART_Init
                0x00000e90      0x368 /home/fanaur/RepositorioMercurial/trabajoprofesional/Codigo/workspaceLpc/libDriversMcuPeripherals/Debug/libDriversMcuPeripherals.a(lpc17xx_uart.o)
                0x00000e90                UART_Init
 .text.CLKPWR_GetPCLKSEL
                0x000011f8       0x54 /home/fanaur/RepositorioMercurial/trabajoprofesional/Codigo/workspaceLpc/libDriversMcuPeripherals/Debug/libDriversMcuPeripherals.a(lpc17xx_clkpwr.o)
                0x000011f8                CLKPWR_GetPCLKSEL
 .text.CLKPWR_GetPCLK
                0x0000124c       0x70 /home/fanaur/RepositorioMercurial/trabajoprofesional/Codigo/workspaceLpc/libDriversMcuPeripherals/Debug/libDriversMcuPeripherals.a(lpc17xx_clkpwr.o)
                0x0000124c                CLKPWR_GetPCLK
 .text.CLKPWR_ConfigPPWR
                0x000012bc       0x80 /home/fanaur/RepositorioMercurial/trabajoprofesional/Codigo/workspaceLpc/libDriversMcuPeripherals/Debug/libDriversMcuPeripherals.a(lpc17xx_clkpwr.o)
                0x000012bc                CLKPWR_ConfigPPWR
 .text.check_failed
                0x0000133c        0xc /home/fanaur/RepositorioMercurial/trabajoprofesional/Codigo/workspaceLpc/libDriversMcuPeripherals/Debug/libDriversMcuPeripherals.a(lpc17xx_libcfg_default.o)
                0x0000133c                check_failed
 .text.__main   0x00001348       0x14 /usr/local/lpcxpresso_4.2.0_224/lpcxpresso/tools/bin/../lib/gcc/arm-none-eabi/4.5.1/../../../../arm-none-eabi/lib/thumb2/libcr_nohost.a(_cr__main.o)
                0x00001348                __main
 .text.fp_round
                0x0000135c       0x56 /usr/local/lpcxpresso_4.2.0_224/lpcxpresso/tools/bin/../lib/gcc/arm-none-eabi/4.5.1/../../../../arm-none-eabi/lib/thumb2/libcr_c.a(fpprintf.o)
 .text.lose_trailing_zeros
                0x000013b2       0x1e /usr/local/lpcxpresso_4.2.0_224/lpcxpresso/tools/bin/../lib/gcc/arm-none-eabi/4.5.1/../../../../arm-none-eabi/lib/thumb2/libcr_c.a(fpprintf.o)
 .text.pr_dec.clone.0
                0x000013d0       0x24 /usr/local/lpcxpresso_4.2.0_224/lpcxpresso/tools/bin/../lib/gcc/arm-none-eabi/4.5.1/../../../../arm-none-eabi/lib/thumb2/libcr_c.a(fpprintf.o)
 .text.sprintf  0x000013f4       0x70 /usr/local/lpcxpresso_4.2.0_224/lpcxpresso/tools/bin/../lib/gcc/arm-none-eabi/4.5.1/../../../../arm-none-eabi/lib/thumb2/libcr_c.a(fpprintf.o)
                0x000013f4                sprintf
 *fill*         0x00001464        0x4 00
 .text.fp_display
                0x00001468      0x918 /usr/local/lpcxpresso_4.2.0_224/lpcxpresso/tools/bin/../lib/gcc/arm-none-eabi/4.5.1/../../../../arm-none-eabi/lib/thumb2/libcr_c.a(fpprintf.o)
 .text._initio  0x00001d80       0x9c /usr/local/lpcxpresso_4.2.0_224/lpcxpresso/tools/bin/../lib/gcc/arm-none-eabi/4.5.1/../../../../arm-none-eabi/lib/thumb2/libcr_c.a(initio.o)
                0x00001d80                _initio
 .text.__vfprintf
                0x00001e1c      0xc3c /usr/local/lpcxpresso_4.2.0_224/lpcxpresso/tools/bin/../lib/gcc/arm-none-eabi/4.5.1/../../../../arm-none-eabi/lib/thumb2/libcr_c.a(printf.o)
                0x00001e1c                __vfprintf
 .text.setvbuf  0x00002a58       0x48 /usr/local/lpcxpresso_4.2.0_224/lpcxpresso/tools/bin/../lib/gcc/arm-none-eabi/4.5.1/../../../../arm-none-eabi/lib/thumb2/libcr_c.a(setvbuf.o)
                0x00002a58                setvbuf
 .text.strlen   0x00002aa0       0x4e /usr/local/lpcxpresso_4.2.0_224/lpcxpresso/tools/bin/../lib/gcc/arm-none-eabi/4.5.1/../../../../arm-none-eabi/lib/thumb2/libcr_c.a(strlen.o)
                0x00002aa0                strlen
 .text.memset   0x00002aee        0x4 /usr/local/lpcxpresso_4.2.0_224/lpcxpresso/tools/bin/../lib/gcc/arm-none-eabi/4.5.1/../../../../arm-none-eabi/lib/thumb2/libcr_c.a(memset.o)
                0x00002aee                memset
 .text._deferredlazyseek
                0x00002af2       0x44 /usr/local/lpcxpresso_4.2.0_224/lpcxpresso/tools/bin/../lib/gcc/arm-none-eabi/4.5.1/../../../../arm-none-eabi/lib/thumb2/libcr_c.a(_deferredlazyseek.o)
                0x00002af2                _deferredlazyseek
 .text.__flsbuf
                0x00002b36      0x15e /usr/local/lpcxpresso_4.2.0_224/lpcxpresso/tools/bin/../lib/gcc/arm-none-eabi/4.5.1/../../../../arm-none-eabi/lib/thumb2/libcr_c.a(_deferredlazyseek.o)
                0x00002b36                __flsbuf
 .text._fdopen  0x00002c94       0x6e /usr/local/lpcxpresso_4.2.0_224/lpcxpresso/tools/bin/../lib/gcc/arm-none-eabi/4.5.1/../../../../arm-none-eabi/lib/thumb2/libcr_c.a(_fdopen.o)
                0x00002c94                _fdopen
 .text._fflush  0x00002d02       0x58 /usr/local/lpcxpresso_4.2.0_224/lpcxpresso/tools/bin/../lib/gcc/arm-none-eabi/4.5.1/../../../../arm-none-eabi/lib/thumb2/libcr_c.a(_fflush.o)
                0x00002d02                _fflush
 .text._frexpl  0x00002d5a       0x62 /usr/local/lpcxpresso_4.2.0_224/lpcxpresso/tools/bin/../lib/gcc/arm-none-eabi/4.5.1/../../../../arm-none-eabi/lib/thumb2/libcr_c.a(_frexpl.o)
                0x00002d5a                _frexpl
 .text._ldexpl  0x00002dbc       0x50 /usr/local/lpcxpresso_4.2.0_224/lpcxpresso/tools/bin/../lib/gcc/arm-none-eabi/4.5.1/../../../../arm-none-eabi/lib/thumb2/libcr_c.a(_ldexpl.o)
                0x00002dbc                _ldexpl
 .text._Cwritebuf
                0x00002e0c       0x88 /usr/local/lpcxpresso_4.2.0_224/lpcxpresso/tools/bin/../lib/gcc/arm-none-eabi/4.5.1/../../../../arm-none-eabi/lib/thumb2/libcr_c.a(_writebuf.o)
                0x00002e0c                _Cwritebuf
 .text.malloc   0x00002e94       0xd0 /usr/local/lpcxpresso_4.2.0_224/lpcxpresso/tools/bin/../lib/gcc/arm-none-eabi/4.5.1/../../../../arm-none-eabi/lib/thumb2/libcr_c.a(alloc.o)
                0x00002e94                malloc
 .text.free     0x00002f64        0xa /usr/local/lpcxpresso_4.2.0_224/lpcxpresso/tools/bin/../lib/gcc/arm-none-eabi/4.5.1/../../../../arm-none-eabi/lib/thumb2/libcr_c.a(alloc.o)
                0x00002f64                free
 *fill*         0x00002f6e        0x2 00
 .text._Csys_alloc
                0x00002f70       0x20 /usr/local/lpcxpresso_4.2.0_224/lpcxpresso/tools/bin/../lib/gcc/arm-none-eabi/4.5.1/../../../../arm-none-eabi/lib/thumb2/libcr_c.a(alloc.o)
                0x00002f70                _Csys_alloc
 .text.fclose   0x00002f90       0x72 /usr/local/lpcxpresso_4.2.0_224/lpcxpresso/tools/bin/../lib/gcc/arm-none-eabi/4.5.1/../../../../arm-none-eabi/lib/thumb2/libcr_c.a(fclose.o)
                0x00002f90                fclose
 *fill*         0x00003002        0x2 00
 .text.fflush   0x00003004       0x34 /usr/local/lpcxpresso_4.2.0_224/lpcxpresso/tools/bin/../lib/gcc/arm-none-eabi/4.5.1/../../../../arm-none-eabi/lib/thumb2/libcr_c.a(fflush.o)
                0x00003004                fflush
 .text.fseek    0x00003038      0x110 /usr/local/lpcxpresso_4.2.0_224/lpcxpresso/tools/bin/../lib/gcc/arm-none-eabi/4.5.1/../../../../arm-none-eabi/lib/thumb2/libcr_c.a(fseek.o)
                0x00003038                fseek
 .text.ftell    0x00003148       0x50 /usr/local/lpcxpresso_4.2.0_224/lpcxpresso/tools/bin/../lib/gcc/arm-none-eabi/4.5.1/../../../../arm-none-eabi/lib/thumb2/libcr_c.a(ftell.o)
                0x00003148                ftell
 .text.remove   0x00003198       0x14 /usr/local/lpcxpresso_4.2.0_224/lpcxpresso/tools/bin/../lib/gcc/arm-none-eabi/4.5.1/../../../../arm-none-eabi/lib/thumb2/libcr_c.a(remove.o)
                0x00003198                remove
 .text._do_fflush
                0x000031ac       0x44 /usr/local/lpcxpresso_4.2.0_224/lpcxpresso/tools/bin/../lib/gcc/arm-none-eabi/4.5.1/../../../../arm-none-eabi/lib/thumb2/libcr_c.a(_do_fflush.o)
                0x000031ac                _do_fflush
 .text.__aeabi_division_uldivmod
                0x000031f0      0x174 /usr/local/lpcxpresso_4.2.0_224/lpcxpresso/tools/bin/../lib/gcc/arm-none-eabi/4.5.1/thumb2/libcr_eabihelpers.a(division.o)
                0x000031f0                __aeabi_uldivmod
                0x000031f4                __bhs_ldivmod1
 .text.__aeabi_division_idiv0
                0x00003364        0x2 /usr/local/lpcxpresso_4.2.0_224/lpcxpresso/tools/bin/../lib/gcc/arm-none-eabi/4.5.1/thumb2/libcr_eabihelpers.a(division.o)
                0x00003364                __aeabi_idiv0
 *fill*         0x00003366        0x2 00
 .text.__aeabi_dmul
                0x00003368      0x128 /usr/local/lpcxpresso_4.2.0_224/lpcxpresso/tools/bin/../lib/gcc/arm-none-eabi/4.5.1/thumb2/libcr_eabihelpers.a(double.o)
                0x00003368                __aeabi_dmul
 .text.__aeabi_ddiv
                0x00003490      0x144 /usr/local/lpcxpresso_4.2.0_224/lpcxpresso/tools/bin/../lib/gcc/arm-none-eabi/4.5.1/thumb2/libcr_eabihelpers.a(double.o)
                0x00003490                __aeabi_ddiv
 .text.__aeabi_dsub
                0x000035d4      0x1d8 /usr/local/lpcxpresso_4.2.0_224/lpcxpresso/tools/bin/../lib/gcc/arm-none-eabi/4.5.1/thumb2/libcr_eabihelpers.a(double.o)
                0x000035d4                __aeabi_dsub
 .text.__aeabi_dadd
                0x000037ac      0x13c /usr/local/lpcxpresso_4.2.0_224/lpcxpresso/tools/bin/../lib/gcc/arm-none-eabi/4.5.1/thumb2/libcr_eabihelpers.a(double.o)
                0x000037ac                __aeabi_dadd
 .text.__aeabi_d2iz
                0x000038e8       0x3e /usr/local/lpcxpresso_4.2.0_224/lpcxpresso/tools/bin/../lib/gcc/arm-none-eabi/4.5.1/thumb2/libcr_eabihelpers.a(double.o)
                0x000038e8                __aeabi_d2iz
 .text.__bhs_ui2d
                0x00003926       0x50 /usr/local/lpcxpresso_4.2.0_224/lpcxpresso/tools/bin/../lib/gcc/arm-none-eabi/4.5.1/thumb2/libcr_eabihelpers.a(double.o)
                0x00003926                __bhs_ui2d
 .text.__aeabi_i2d
                0x00003976       0x10 /usr/local/lpcxpresso_4.2.0_224/lpcxpresso/tools/bin/../lib/gcc/arm-none-eabi/4.5.1/thumb2/libcr_eabihelpers.a(double.o)
                0x00003976                __aeabi_i2d
 .text.__aeabi_dcmpeq
                0x00003986       0x36 /usr/local/lpcxpresso_4.2.0_224/lpcxpresso/tools/bin/../lib/gcc/arm-none-eabi/4.5.1/thumb2/libcr_eabihelpers.a(double.o)
                0x00003986                __aeabi_dcmpeq
 .text.__aeabi_dcmplt
                0x000039bc       0x5a /usr/local/lpcxpresso_4.2.0_224/lpcxpresso/tools/bin/../lib/gcc/arm-none-eabi/4.5.1/thumb2/libcr_eabihelpers.a(double.o)
                0x000039bc                __aeabi_dcmplt
 .text.__aeabi_dcmple
                0x00003a16       0x5a /usr/local/lpcxpresso_4.2.0_224/lpcxpresso/tools/bin/../lib/gcc/arm-none-eabi/4.5.1/thumb2/libcr_eabihelpers.a(double.o)
                0x00003a16                __aeabi_dcmple
 .text.__aeabi_dcmpge
                0x00003a70       0x5a /usr/local/lpcxpresso_4.2.0_224/lpcxpresso/tools/bin/../lib/gcc/arm-none-eabi/4.5.1/thumb2/libcr_eabihelpers.a(double.o)
                0x00003a70                __aeabi_dcmpge
 .text.__aeabi_memset_lowlevel
                0x00003aca       0x24 /usr/local/lpcxpresso_4.2.0_224/lpcxpresso/tools/bin/../lib/gcc/arm-none-eabi/4.5.1/thumb2/libcr_eabihelpers.a(memcpy.o)
                0x00003aca                __aeabi_lowlevel_memset
 .text.__sys_appexit
                0x00003aee        0x2 /usr/local/lpcxpresso_4.2.0_224/lpcxpresso/tools/bin/../lib/gcc/arm-none-eabi/4.5.1/../../../../arm-none-eabi/lib/thumb2/libcr_nohost.a(__sys_appexit.o)
                0x00003aee                __exit
                0x00003aee                __sys_appexit
 .text.__sys_close
                0x00003af0        0x6 /usr/local/lpcxpresso_4.2.0_224/lpcxpresso/tools/bin/../lib/gcc/arm-none-eabi/4.5.1/../../../../arm-none-eabi/lib/thumb2/libcr_nohost.a(__sys_close.o)
                0x00003af0                __sys_close
 .text.__sys_flen
                0x00003af6        0x6 /usr/local/lpcxpresso_4.2.0_224/lpcxpresso/tools/bin/../lib/gcc/arm-none-eabi/4.5.1/../../../../arm-none-eabi/lib/thumb2/libcr_nohost.a(__sys_flen.o)
                0x00003af6                __sys_flen
 .text.__sys_istty
                0x00003afc        0x6 /usr/local/lpcxpresso_4.2.0_224/lpcxpresso/tools/bin/../lib/gcc/arm-none-eabi/4.5.1/../../../../arm-none-eabi/lib/thumb2/libcr_nohost.a(__sys_istty.o)
                0x00003afc                __sys_istty
 .text.__sys_remove
                0x00003b02        0x6 /usr/local/lpcxpresso_4.2.0_224/lpcxpresso/tools/bin/../lib/gcc/arm-none-eabi/4.5.1/../../../../arm-none-eabi/lib/thumb2/libcr_nohost.a(__sys_remove.o)
                0x00003b02                __sys_remove
 .text.__sys_seek
                0x00003b08        0x6 /usr/local/lpcxpresso_4.2.0_224/lpcxpresso/tools/bin/../lib/gcc/arm-none-eabi/4.5.1/../../../../arm-none-eabi/lib/thumb2/libcr_nohost.a(__sys_seek.o)
                0x00003b08                __sys_seek
 .text.__sys_tmpnam
                0x00003b0e        0x6 /usr/local/lpcxpresso_4.2.0_224/lpcxpresso/tools/bin/../lib/gcc/arm-none-eabi/4.5.1/../../../../arm-none-eabi/lib/thumb2/libcr_nohost.a(__sys_tmpnam.o)
                0x00003b0e                __sys_tmpnam
 .text.__sys_write
                0x00003b14        0x4 /usr/local/lpcxpresso_4.2.0_224/lpcxpresso/tools/bin/../lib/gcc/arm-none-eabi/4.5.1/../../../../arm-none-eabi/lib/thumb2/libcr_nohost.a(__sys_write.o)
                0x00003b14                __write
                0x00003b14                __sys_write
 .text._sbrk    0x00003b18       0x40 /usr/local/lpcxpresso_4.2.0_224/lpcxpresso/tools/bin/../lib/gcc/arm-none-eabi/4.5.1/../../../../arm-none-eabi/lib/thumb2/libcr_nohost.a(_cr_sbrk.o)
                0x00003b18                _sbrk
 .text.__check_heap_overflow
                0x00003b58       0x2c /usr/local/lpcxpresso_4.2.0_224/lpcxpresso/tools/bin/../lib/gcc/arm-none-eabi/4.5.1/../../../../arm-none-eabi/lib/thumb2/libcr_nohost.a(_cr_check_heap.o)
                0x00003b58                __check_heap_overflow
 *(.rodata .rodata.*)
 .rodata        0x00003b84       0x18 ./src/main.o
 .rodata        0x00003b9c       0x20 /home/fanaur/RepositorioMercurial/trabajoprofesional/Codigo/workspaceLpc/libDriversMcuPeripherals/Debug/libDriversMcuPeripherals.a(lpc17xx_uart.o)
 .rodata.str1.1
                0x00003bbc       0x34 /usr/local/lpcxpresso_4.2.0_224/lpcxpresso/tools/bin/../lib/gcc/arm-none-eabi/4.5.1/../../../../arm-none-eabi/lib/thumb2/libcr_c.a(fpprintf.o)
                                 0x35 (size before relaxing)
 .rodata.str1.1
                0x00003bf0        0x4 /usr/local/lpcxpresso_4.2.0_224/lpcxpresso/tools/bin/../lib/gcc/arm-none-eabi/4.5.1/../../../../arm-none-eabi/lib/thumb2/libcr_c.a(initio.o)
 .rodata.str1.1
                0x00003bf4       0x31 /usr/local/lpcxpresso_4.2.0_224/lpcxpresso/tools/bin/../lib/gcc/arm-none-eabi/4.5.1/../../../../arm-none-eabi/lib/thumb2/libcr_c.a(printf.o)
                                 0x38 (size before relaxing)
 .rodata.str1.1
                0x00003c25       0x18 /usr/local/lpcxpresso_4.2.0_224/lpcxpresso/tools/bin/../lib/gcc/arm-none-eabi/4.5.1/../../../../arm-none-eabi/lib/thumb2/libcr_c.a(alloc.o)
 .rodata.__ctype
                0x00003c3d      0x180 /usr/local/lpcxpresso_4.2.0_224/lpcxpresso/tools/bin/../lib/gcc/arm-none-eabi/4.5.1/../../../../arm-none-eabi/lib/thumb2/libcr_c.a(ctype.o)
                0x00003c3d                __ctype
 *fill*         0x00003dbd        0x3 00
 .rodata.__huge_vall
                0x00003dc0        0x8 /usr/local/lpcxpresso_4.2.0_224/lpcxpresso/tools/bin/../lib/gcc/arm-none-eabi/4.5.1/../../../../arm-none-eabi/lib/thumb2/libcr_c.a(_hugeval.o)
                0x00003dc0                __huge_vall
                0x00003dc8                . = ALIGN (0x4)

.glue_7         0x00003dc8        0x0
 .glue_7        0x00000000        0x0 linker stubs

.glue_7t        0x00003dc8        0x0
 .glue_7t       0x00000000        0x0 linker stubs

.vfp11_veneer   0x00003dc8        0x0
 .vfp11_veneer  0x00000000        0x0 linker stubs

.v4_bx          0x00003dc8        0x0
 .v4_bx         0x00000000        0x0 linker stubs

.ARM.extab
 *(.ARM.extab* .gnu.linkonce.armextab.*)
                0x00003dc8                __exidx_start = .

.ARM.exidx
 *(.ARM.exidx* .gnu.linkonce.armexidx.*)
                0x00003dc8                __exidx_end = .
                0x00003dc8                _etext = .

.data_RAM2      0x2007c000        0x0 load address 0x00003dc8
 FILL mask 0xff
 *(.data.$RAM2*)
 *(.data.$RamAHB32*)
                0x2007c000                . = ALIGN (0x4)

.uninit_RESERVED
 *(.bss.$RESERVED*)

.data           0x10000000        0x4 load address 0x00003dc8
 FILL mask 0xff
                0x10000000                _data = .
 *(vtable)
 *(.data*)
 .data.SystemCoreClock
                0x10000000        0x4 /home/fanaur/RepositorioMercurial/trabajoprofesional/Codigo/workspaceLpc/CMSISv2p00_LPC17xx/Debug/libCMSISv2p00_LPC17xx.a(system_LPC17xx.o)
                0x10000000                SystemCoreClock
                0x10000004                . = ALIGN (0x4)
                0x10000004                _edata = .

.bss_RAM2       0x2007c000        0x0
 *(.bss.$RAM2*)
 *(.bss.$RamAHB32*)
                0x2007c000                . = ALIGN (0x4)

.bss            0x10000004      0x1c4
                0x10000004                _bss = .
 *(.bss*)
 .bss.i.2789    0x10000004        0x4 ./src/main.o
 .bss.errno     0x10000008        0x4 /usr/local/lpcxpresso_4.2.0_224/lpcxpresso/tools/bin/../lib/gcc/arm-none-eabi/4.5.1/../../../../arm-none-eabi/lib/thumb2/libcr_c.a(errno.o)
                0x10000008                errno
 *(COMMON)
 COMMON         0x1000000c       0x70 ./src/API_Uart.o
                0x1000000c                control_uarts
 COMMON         0x1000007c        0x4 /usr/local/lpcxpresso_4.2.0_224/lpcxpresso/tools/bin/../lib/gcc/arm-none-eabi/4.5.1/../../../../arm-none-eabi/lib/thumb2/libcr_c.a(initio.o)
                0x1000007c                _extra
 COMMON         0x10000080      0x140 /usr/local/lpcxpresso_4.2.0_224/lpcxpresso/tools/bin/../lib/gcc/arm-none-eabi/4.5.1/../../../../arm-none-eabi/lib/thumb2/libcr_c.a(stdio.o)
                0x10000080                __Ciob
 COMMON         0x100001c0        0x8 /usr/local/lpcxpresso_4.2.0_224/lpcxpresso/tools/bin/../lib/gcc/arm-none-eabi/4.5.1/../../../../arm-none-eabi/lib/thumb2/libcr_c.a(__init_alloc.o)
                0x100001c0                __heaps
                0x100001c4                __end_of_heap
                0x100001c8                . = ALIGN (0x4)
                0x100001c8                _ebss = .
                0x100001c8                PROVIDE (end, .)
                0x100001c8                PROVIDE (_pvHeapStart, .)
                0x10008000                PROVIDE (_vStackTop, (__top_RamLoc32 - 0x0))
OUTPUT(API_UART.axf elf32-littlearm)

.debug_abbrev   0x00000000      0x9e0
 .debug_abbrev  0x00000000      0x20e ./src/API_Uart.o
 .debug_abbrev  0x0000020e      0x10f ./src/cr_startup_lpc176x.o
 .debug_abbrev  0x0000031d       0xf0 ./src/main.o
 .debug_abbrev  0x0000040d       0xe3 /home/fanaur/RepositorioMercurial/trabajoprofesional/Codigo/workspaceLpc/CMSISv2p00_LPC17xx/Debug/libCMSISv2p00_LPC17xx.a(system_LPC17xx.o)
 .debug_abbrev  0x000004f0      0x11f /home/fanaur/RepositorioMercurial/trabajoprofesional/Codigo/workspaceLpc/libDriversMcuPeripherals/Debug/libDriversMcuPeripherals.a(lpc17xx_pinsel.o)
 .debug_abbrev  0x0000060f      0x1d0 /home/fanaur/RepositorioMercurial/trabajoprofesional/Codigo/workspaceLpc/libDriversMcuPeripherals/Debug/libDriversMcuPeripherals.a(lpc17xx_uart.o)
 .debug_abbrev  0x000007df      0x197 /home/fanaur/RepositorioMercurial/trabajoprofesional/Codigo/workspaceLpc/libDriversMcuPeripherals/Debug/libDriversMcuPeripherals.a(lpc17xx_clkpwr.o)
 .debug_abbrev  0x00000976       0x6a /home/fanaur/RepositorioMercurial/trabajoprofesional/Codigo/workspaceLpc/libDriversMcuPeripherals/Debug/libDriversMcuPeripherals.a(lpc17xx_libcfg_default.o)

.debug_info     0x00000000     0x33c9
 .debug_info    0x00000000      0xc50 ./src/API_Uart.o
 .debug_info    0x00000c50      0x2e3 ./src/cr_startup_lpc176x.o
 .debug_info    0x00000f33      0x190 ./src/main.o
 .debug_info    0x000010c3      0x38f /home/fanaur/RepositorioMercurial/trabajoprofesional/Codigo/workspaceLpc/CMSISv2p00_LPC17xx/Debug/libCMSISv2p00_LPC17xx.a(system_LPC17xx.o)
 .debug_info    0x00001452      0x4b9 /home/fanaur/RepositorioMercurial/trabajoprofesional/Codigo/workspaceLpc/libDriversMcuPeripherals/Debug/libDriversMcuPeripherals.a(lpc17xx_pinsel.o)
 .debug_info    0x0000190b     0x131a /home/fanaur/RepositorioMercurial/trabajoprofesional/Codigo/workspaceLpc/libDriversMcuPeripherals/Debug/libDriversMcuPeripherals.a(lpc17xx_uart.o)
 .debug_info    0x00002c25      0x6d7 /home/fanaur/RepositorioMercurial/trabajoprofesional/Codigo/workspaceLpc/libDriversMcuPeripherals/Debug/libDriversMcuPeripherals.a(lpc17xx_clkpwr.o)
 .debug_info    0x000032fc       0xcd /home/fanaur/RepositorioMercurial/trabajoprofesional/Codigo/workspaceLpc/libDriversMcuPeripherals/Debug/libDriversMcuPeripherals.a(lpc17xx_libcfg_default.o)

.debug_line     0x00000000     0x2cf1
 .debug_line    0x00000000      0x5b3 ./src/API_Uart.o
 .debug_line    0x000005b3      0x3fc ./src/cr_startup_lpc176x.o
 .debug_line    0x000009af      0x58f ./src/main.o
 .debug_line    0x00000f3e      0x3e7 /home/fanaur/RepositorioMercurial/trabajoprofesional/Codigo/workspaceLpc/CMSISv2p00_LPC17xx/Debug/libCMSISv2p00_LPC17xx.a(system_LPC17xx.o)
 .debug_line    0x00001325      0x4e9 /home/fanaur/RepositorioMercurial/trabajoprofesional/Codigo/workspaceLpc/libDriversMcuPeripherals/Debug/libDriversMcuPeripherals.a(lpc17xx_pinsel.o)
 .debug_line    0x0000180e      0xbc3 /home/fanaur/RepositorioMercurial/trabajoprofesional/Codigo/workspaceLpc/libDriversMcuPeripherals/Debug/libDriversMcuPeripherals.a(lpc17xx_uart.o)
 .debug_line    0x000023d1      0x551 /home/fanaur/RepositorioMercurial/trabajoprofesional/Codigo/workspaceLpc/libDriversMcuPeripherals/Debug/libDriversMcuPeripherals.a(lpc17xx_clkpwr.o)
 .debug_line    0x00002922      0x3cf /home/fanaur/RepositorioMercurial/trabajoprofesional/Codigo/workspaceLpc/libDriversMcuPeripherals/Debug/libDriversMcuPeripherals.a(lpc17xx_libcfg_default.o)

.debug_macinfo  0x00000000    0x3e51c
 .debug_macinfo
                0x00000000     0xa940 ./src/API_Uart.o
 .debug_macinfo
                0x0000a940     0x313f ./src/cr_startup_lpc176x.o
 .debug_macinfo
                0x0000da7f     0xaf4a ./src/main.o
 .debug_macinfo
                0x000189c9     0x792b /home/fanaur/RepositorioMercurial/trabajoprofesional/Codigo/workspaceLpc/CMSISv2p00_LPC17xx/Debug/libCMSISv2p00_LPC17xx.a(system_LPC17xx.o)
 .debug_macinfo
                0x000202f4     0x7d10 /home/fanaur/RepositorioMercurial/trabajoprofesional/Codigo/workspaceLpc/libDriversMcuPeripherals/Debug/libDriversMcuPeripherals.a(lpc17xx_pinsel.o)
 .debug_macinfo
                0x00028004     0xa5bf /home/fanaur/RepositorioMercurial/trabajoprofesional/Codigo/workspaceLpc/libDriversMcuPeripherals/Debug/libDriversMcuPeripherals.a(lpc17xx_uart.o)
 .debug_macinfo
                0x000325c3     0x8b35 /home/fanaur/RepositorioMercurial/trabajoprofesional/Codigo/workspaceLpc/libDriversMcuPeripherals/Debug/libDriversMcuPeripherals.a(lpc17xx_clkpwr.o)
 .debug_macinfo
                0x0003b0f8     0x3424 /home/fanaur/RepositorioMercurial/trabajoprofesional/Codigo/workspaceLpc/libDriversMcuPeripherals/Debug/libDriversMcuPeripherals.a(lpc17xx_libcfg_default.o)

.debug_loc      0x00000000      0xe2a
 .debug_loc     0x00000000      0x238 ./src/API_Uart.o
 .debug_loc     0x00000238      0x1b8 ./src/cr_startup_lpc176x.o
 .debug_loc     0x000003f0       0x70 ./src/main.o
 .debug_loc     0x00000460       0x20 /home/fanaur/RepositorioMercurial/trabajoprofesional/Codigo/workspaceLpc/CMSISv2p00_LPC17xx/Debug/libCMSISv2p00_LPC17xx.a(system_LPC17xx.o)
 .debug_loc     0x00000480      0x150 /home/fanaur/RepositorioMercurial/trabajoprofesional/Codigo/workspaceLpc/libDriversMcuPeripherals/Debug/libDriversMcuPeripherals.a(lpc17xx_pinsel.o)
 .debug_loc     0x000005d0      0x692 /home/fanaur/RepositorioMercurial/trabajoprofesional/Codigo/workspaceLpc/libDriversMcuPeripherals/Debug/libDriversMcuPeripherals.a(lpc17xx_uart.o)
 .debug_loc     0x00000c62      0x190 /home/fanaur/RepositorioMercurial/trabajoprofesional/Codigo/workspaceLpc/libDriversMcuPeripherals/Debug/libDriversMcuPeripherals.a(lpc17xx_clkpwr.o)
 .debug_loc     0x00000df2       0x38 /home/fanaur/RepositorioMercurial/trabajoprofesional/Codigo/workspaceLpc/libDriversMcuPeripherals/Debug/libDriversMcuPeripherals.a(lpc17xx_libcfg_default.o)

.debug_pubnames
                0x00000000      0x637
 .debug_pubnames
                0x00000000       0xe5 ./src/API_Uart.o
 .debug_pubnames
                0x000000e5      0x115 ./src/cr_startup_lpc176x.o
 .debug_pubnames
                0x000001fa       0x32 ./src/main.o
 .debug_pubnames
                0x0000022c       0x4f /home/fanaur/RepositorioMercurial/trabajoprofesional/Codigo/workspaceLpc/CMSISv2p00_LPC17xx/Debug/libCMSISv2p00_LPC17xx.a(system_LPC17xx.o)
 .debug_pubnames
                0x0000027b       0x59 /home/fanaur/RepositorioMercurial/trabajoprofesional/Codigo/workspaceLpc/libDriversMcuPeripherals/Debug/libDriversMcuPeripherals.a(lpc17xx_pinsel.o)
 .debug_pubnames
                0x000002d4      0x285 /home/fanaur/RepositorioMercurial/trabajoprofesional/Codigo/workspaceLpc/libDriversMcuPeripherals/Debug/libDriversMcuPeripherals.a(lpc17xx_uart.o)
 .debug_pubnames
                0x00000559       0xbb /home/fanaur/RepositorioMercurial/trabajoprofesional/Codigo/workspaceLpc/libDriversMcuPeripherals/Debug/libDriversMcuPeripherals.a(lpc17xx_clkpwr.o)
 .debug_pubnames
                0x00000614       0x23 /home/fanaur/RepositorioMercurial/trabajoprofesional/Codigo/workspaceLpc/libDriversMcuPeripherals/Debug/libDriversMcuPeripherals.a(lpc17xx_libcfg_default.o)

.debug_pubtypes
                0x00000000      0x513
 .debug_pubtypes
                0x00000000      0x138 ./src/API_Uart.o
 .debug_pubtypes
                0x00000138       0x12 ./src/cr_startup_lpc176x.o
 .debug_pubtypes
                0x0000014a       0x37 ./src/main.o
 .debug_pubtypes
                0x00000181       0x3e /home/fanaur/RepositorioMercurial/trabajoprofesional/Codigo/workspaceLpc/CMSISv2p00_LPC17xx/Debug/libCMSISv2p00_LPC17xx.a(system_LPC17xx.o)
 .debug_pubtypes
                0x000001bf       0x76 /home/fanaur/RepositorioMercurial/trabajoprofesional/Codigo/workspaceLpc/libDriversMcuPeripherals/Debug/libDriversMcuPeripherals.a(lpc17xx_pinsel.o)
 .debug_pubtypes
                0x00000235      0x248 /home/fanaur/RepositorioMercurial/trabajoprofesional/Codigo/workspaceLpc/libDriversMcuPeripherals/Debug/libDriversMcuPeripherals.a(lpc17xx_uart.o)
 .debug_pubtypes
                0x0000047d       0x6b /home/fanaur/RepositorioMercurial/trabajoprofesional/Codigo/workspaceLpc/libDriversMcuPeripherals/Debug/libDriversMcuPeripherals.a(lpc17xx_clkpwr.o)
 .debug_pubtypes
                0x000004e8       0x2b /home/fanaur/RepositorioMercurial/trabajoprofesional/Codigo/workspaceLpc/libDriversMcuPeripherals/Debug/libDriversMcuPeripherals.a(lpc17xx_libcfg_default.o)

.debug_aranges  0x00000000      0x308
 .debug_aranges
                0x00000000       0x70 ./src/API_Uart.o
 .debug_aranges
                0x00000070       0x80 ./src/cr_startup_lpc176x.o
 .debug_aranges
                0x000000f0       0x28 ./src/main.o
 .debug_aranges
                0x00000118       0x28 /home/fanaur/RepositorioMercurial/trabajoprofesional/Codigo/workspaceLpc/CMSISv2p00_LPC17xx/Debug/libCMSISv2p00_LPC17xx.a(system_LPC17xx.o)
 .debug_aranges
                0x00000140       0x48 /home/fanaur/RepositorioMercurial/trabajoprofesional/Codigo/workspaceLpc/libDriversMcuPeripherals/Debug/libDriversMcuPeripherals.a(lpc17xx_pinsel.o)
 .debug_aranges
                0x00000188      0x108 /home/fanaur/RepositorioMercurial/trabajoprofesional/Codigo/workspaceLpc/libDriversMcuPeripherals/Debug/libDriversMcuPeripherals.a(lpc17xx_uart.o)
 .debug_aranges
                0x00000290       0x58 /home/fanaur/RepositorioMercurial/trabajoprofesional/Codigo/workspaceLpc/libDriversMcuPeripherals/Debug/libDriversMcuPeripherals.a(lpc17xx_clkpwr.o)
 .debug_aranges
                0x000002e8       0x20 /home/fanaur/RepositorioMercurial/trabajoprofesional/Codigo/workspaceLpc/libDriversMcuPeripherals/Debug/libDriversMcuPeripherals.a(lpc17xx_libcfg_default.o)

.debug_ranges   0x00000000      0x288
 .debug_ranges  0x00000000       0x60 ./src/API_Uart.o
 .debug_ranges  0x00000060       0x70 ./src/cr_startup_lpc176x.o
 .debug_ranges  0x000000d0       0x18 ./src/main.o
 .debug_ranges  0x000000e8       0x18 /home/fanaur/RepositorioMercurial/trabajoprofesional/Codigo/workspaceLpc/CMSISv2p00_LPC17xx/Debug/libCMSISv2p00_LPC17xx.a(system_LPC17xx.o)
 .debug_ranges  0x00000100       0x38 /home/fanaur/RepositorioMercurial/trabajoprofesional/Codigo/workspaceLpc/libDriversMcuPeripherals/Debug/libDriversMcuPeripherals.a(lpc17xx_pinsel.o)
 .debug_ranges  0x00000138       0xf8 /home/fanaur/RepositorioMercurial/trabajoprofesional/Codigo/workspaceLpc/libDriversMcuPeripherals/Debug/libDriversMcuPeripherals.a(lpc17xx_uart.o)
 .debug_ranges  0x00000230       0x48 /home/fanaur/RepositorioMercurial/trabajoprofesional/Codigo/workspaceLpc/libDriversMcuPeripherals/Debug/libDriversMcuPeripherals.a(lpc17xx_clkpwr.o)
 .debug_ranges  0x00000278       0x10 /home/fanaur/RepositorioMercurial/trabajoprofesional/Codigo/workspaceLpc/libDriversMcuPeripherals/Debug/libDriversMcuPeripherals.a(lpc17xx_libcfg_default.o)

.debug_str      0x00000000     0x15da
 .debug_str     0x00000000      0x6a8 ./src/API_Uart.o
                                0x6dc (size before relaxing)
 .debug_str     0x000006a8      0x177 ./src/cr_startup_lpc176x.o
                                0x25a (size before relaxing)
 .debug_str     0x0000081f       0x27 ./src/main.o
                                0x176 (size before relaxing)
 .debug_str     0x00000846      0x19b /home/fanaur/RepositorioMercurial/trabajoprofesional/Codigo/workspaceLpc/CMSISv2p00_LPC17xx/Debug/libCMSISv2p00_LPC17xx.a(system_LPC17xx.o)
                                0x298 (size before relaxing)
 .debug_str     0x000009e1      0x2a1 /home/fanaur/RepositorioMercurial/trabajoprofesional/Codigo/workspaceLpc/libDriversMcuPeripherals/Debug/libDriversMcuPeripherals.a(lpc17xx_pinsel.o)
                                0x394 (size before relaxing)
 .debug_str     0x00000c82      0x7f8 /home/fanaur/RepositorioMercurial/trabajoprofesional/Codigo/workspaceLpc/libDriversMcuPeripherals/Debug/libDriversMcuPeripherals.a(lpc17xx_uart.o)
                                0xb50 (size before relaxing)
 .debug_str     0x0000147a      0x121 /home/fanaur/RepositorioMercurial/trabajoprofesional/Codigo/workspaceLpc/libDriversMcuPeripherals/Debug/libDriversMcuPeripherals.a(lpc17xx_clkpwr.o)
                                0x3bb (size before relaxing)
 .debug_str     0x0000159b       0x3f /home/fanaur/RepositorioMercurial/trabajoprofesional/Codigo/workspaceLpc/libDriversMcuPeripherals/Debug/libDriversMcuPeripherals.a(lpc17xx_libcfg_default.o)
                                0x142 (size before relaxing)

.comment        0x00000000      0x284
 .comment       0x00000000       0x2a ./src/API_Uart.o
                                 0x2b (size before relaxing)
 .comment       0x00000000       0x2b ./src/cr_startup_lpc176x.o
 .comment       0x00000000       0x2b ./src/main.o
 .comment       0x00000000       0x2b /home/fanaur/RepositorioMercurial/trabajoprofesional/Codigo/workspaceLpc/CMSISv2p00_LPC17xx/Debug/libCMSISv2p00_LPC17xx.a(system_LPC17xx.o)
 .comment       0x00000000       0x2b /home/fanaur/RepositorioMercurial/trabajoprofesional/Codigo/workspaceLpc/libDriversMcuPeripherals/Debug/libDriversMcuPeripherals.a(lpc17xx_pinsel.o)
 .comment       0x00000000       0x2b /home/fanaur/RepositorioMercurial/trabajoprofesional/Codigo/workspaceLpc/libDriversMcuPeripherals/Debug/libDriversMcuPeripherals.a(lpc17xx_uart.o)
 .comment       0x00000000       0x2b /home/fanaur/RepositorioMercurial/trabajoprofesional/Codigo/workspaceLpc/libDriversMcuPeripherals/Debug/libDriversMcuPeripherals.a(lpc17xx_clkpwr.o)
 .comment       0x00000000       0x2b /home/fanaur/RepositorioMercurial/trabajoprofesional/Codigo/workspaceLpc/libDriversMcuPeripherals/Debug/libDriversMcuPeripherals.a(lpc17xx_libcfg_default.o)
 .comment       0x0000002a       0x2b /usr/local/lpcxpresso_4.2.0_224/lpcxpresso/tools/bin/../lib/gcc/arm-none-eabi/4.5.1/../../../../arm-none-eabi/lib/thumb2/libcr_nohost.a(_cr__main.o)
 .comment       0x00000000       0x2b /usr/local/lpcxpresso_4.2.0_224/lpcxpresso/tools/bin/../lib/gcc/arm-none-eabi/4.5.1/../../../../arm-none-eabi/lib/thumb2/libcr_c.a(fpprintf.o)
 .comment       0x00000000       0x2b /usr/local/lpcxpresso_4.2.0_224/lpcxpresso/tools/bin/../lib/gcc/arm-none-eabi/4.5.1/../../../../arm-none-eabi/lib/thumb2/libcr_c.a(initio.o)
 .comment       0x00000000       0x2b /usr/local/lpcxpresso_4.2.0_224/lpcxpresso/tools/bin/../lib/gcc/arm-none-eabi/4.5.1/../../../../arm-none-eabi/lib/thumb2/libcr_c.a(printf.o)
 .comment       0x00000000       0x2b /usr/local/lpcxpresso_4.2.0_224/lpcxpresso/tools/bin/../lib/gcc/arm-none-eabi/4.5.1/../../../../arm-none-eabi/lib/thumb2/libcr_c.a(setvbuf.o)
 .comment       0x00000000       0x2b /usr/local/lpcxpresso_4.2.0_224/lpcxpresso/tools/bin/../lib/gcc/arm-none-eabi/4.5.1/../../../../arm-none-eabi/lib/thumb2/libcr_c.a(stdio.o)
 .comment       0x00000000       0x2b /usr/local/lpcxpresso_4.2.0_224/lpcxpresso/tools/bin/../lib/gcc/arm-none-eabi/4.5.1/../../../../arm-none-eabi/lib/thumb2/libcr_c.a(strlen.o)
 .comment       0x00000000       0x2b /usr/local/lpcxpresso_4.2.0_224/lpcxpresso/tools/bin/../lib/gcc/arm-none-eabi/4.5.1/../../../../arm-none-eabi/lib/thumb2/libcr_c.a(memset.o)
 .comment       0x00000000       0x2b /usr/local/lpcxpresso_4.2.0_224/lpcxpresso/tools/bin/../lib/gcc/arm-none-eabi/4.5.1/../../../../arm-none-eabi/lib/thumb2/libcr_c.a(__fillbuf.o)
 .comment       0x00000000       0x2b /usr/local/lpcxpresso_4.2.0_224/lpcxpresso/tools/bin/../lib/gcc/arm-none-eabi/4.5.1/../../../../arm-none-eabi/lib/thumb2/libcr_c.a(_deferredlazyseek.o)
 .comment       0x00000000       0x2b /usr/local/lpcxpresso_4.2.0_224/lpcxpresso/tools/bin/../lib/gcc/arm-none-eabi/4.5.1/../../../../arm-none-eabi/lib/thumb2/libcr_c.a(_fdopen.o)
 .comment       0x00000000       0x2b /usr/local/lpcxpresso_4.2.0_224/lpcxpresso/tools/bin/../lib/gcc/arm-none-eabi/4.5.1/../../../../arm-none-eabi/lib/thumb2/libcr_c.a(_fflush.o)
 .comment       0x00000000       0x2b /usr/local/lpcxpresso_4.2.0_224/lpcxpresso/tools/bin/../lib/gcc/arm-none-eabi/4.5.1/../../../../arm-none-eabi/lib/thumb2/libcr_c.a(_frexpl.o)
 .comment       0x00000000       0x2b /usr/local/lpcxpresso_4.2.0_224/lpcxpresso/tools/bin/../lib/gcc/arm-none-eabi/4.5.1/../../../../arm-none-eabi/lib/thumb2/libcr_c.a(_ldexpl.o)
 .comment       0x00000000       0x2b /usr/local/lpcxpresso_4.2.0_224/lpcxpresso/tools/bin/../lib/gcc/arm-none-eabi/4.5.1/../../../../arm-none-eabi/lib/thumb2/libcr_c.a(_writebuf.o)
 .comment       0x00000000       0x2b /usr/local/lpcxpresso_4.2.0_224/lpcxpresso/tools/bin/../lib/gcc/arm-none-eabi/4.5.1/../../../../arm-none-eabi/lib/thumb2/libcr_c.a(alloc.o)
 .comment       0x00000000       0x2b /usr/local/lpcxpresso_4.2.0_224/lpcxpresso/tools/bin/../lib/gcc/arm-none-eabi/4.5.1/../../../../arm-none-eabi/lib/thumb2/libcr_c.a(ctype.o)
 .comment       0x00000000       0x2b /usr/local/lpcxpresso_4.2.0_224/lpcxpresso/tools/bin/../lib/gcc/arm-none-eabi/4.5.1/../../../../arm-none-eabi/lib/thumb2/libcr_c.a(errno.o)
 .comment       0x00000000       0x2b /usr/local/lpcxpresso_4.2.0_224/lpcxpresso/tools/bin/../lib/gcc/arm-none-eabi/4.5.1/../../../../arm-none-eabi/lib/thumb2/libcr_c.a(fclose.o)
 .comment       0x00000000       0x2b /usr/local/lpcxpresso_4.2.0_224/lpcxpresso/tools/bin/../lib/gcc/arm-none-eabi/4.5.1/../../../../arm-none-eabi/lib/thumb2/libcr_c.a(fflush.o)
 .comment       0x00000000       0x2b /usr/local/lpcxpresso_4.2.0_224/lpcxpresso/tools/bin/../lib/gcc/arm-none-eabi/4.5.1/../../../../arm-none-eabi/lib/thumb2/libcr_c.a(fseek.o)
 .comment       0x00000000       0x2b /usr/local/lpcxpresso_4.2.0_224/lpcxpresso/tools/bin/../lib/gcc/arm-none-eabi/4.5.1/../../../../arm-none-eabi/lib/thumb2/libcr_c.a(ftell.o)
 .comment       0x00000000       0x2b /usr/local/lpcxpresso_4.2.0_224/lpcxpresso/tools/bin/../lib/gcc/arm-none-eabi/4.5.1/../../../../arm-none-eabi/lib/thumb2/libcr_c.a(remove.o)
 .comment       0x00000000       0x2b /usr/local/lpcxpresso_4.2.0_224/lpcxpresso/tools/bin/../lib/gcc/arm-none-eabi/4.5.1/../../../../arm-none-eabi/lib/thumb2/libcr_c.a(memcpy.o)
 .comment       0x00000000       0x2b /usr/local/lpcxpresso_4.2.0_224/lpcxpresso/tools/bin/../lib/gcc/arm-none-eabi/4.5.1/../../../../arm-none-eabi/lib/thumb2/libcr_c.a(__init_alloc.o)
 .comment       0x00000000       0x2b /usr/local/lpcxpresso_4.2.0_224/lpcxpresso/tools/bin/../lib/gcc/arm-none-eabi/4.5.1/../../../../arm-none-eabi/lib/thumb2/libcr_c.a(_do_fflush.o)
 .comment       0x00000000       0x2b /usr/local/lpcxpresso_4.2.0_224/lpcxpresso/tools/bin/../lib/gcc/arm-none-eabi/4.5.1/../../../../arm-none-eabi/lib/thumb2/libcr_c.a(_hugeval.o)
 .comment       0x00000000       0x2b /usr/local/lpcxpresso_4.2.0_224/lpcxpresso/tools/bin/../lib/gcc/arm-none-eabi/4.5.1/thumb2/libcr_eabihelpers.a(double.o)
 .comment       0x00000055       0x2b /usr/local/lpcxpresso_4.2.0_224/lpcxpresso/tools/bin/../lib/gcc/arm-none-eabi/4.5.1/../../../../arm-none-eabi/lib/thumb2/libcr_nohost.a(__sys_appexit.o)
 .comment       0x00000080       0x2b /usr/local/lpcxpresso_4.2.0_224/lpcxpresso/tools/bin/../lib/gcc/arm-none-eabi/4.5.1/../../../../arm-none-eabi/lib/thumb2/libcr_nohost.a(__sys_close.o)
 .comment       0x000000ab       0x2b /usr/local/lpcxpresso_4.2.0_224/lpcxpresso/tools/bin/../lib/gcc/arm-none-eabi/4.5.1/../../../../arm-none-eabi/lib/thumb2/libcr_nohost.a(__sys_flen.o)
 .comment       0x000000d6       0x2b /usr/local/lpcxpresso_4.2.0_224/lpcxpresso/tools/bin/../lib/gcc/arm-none-eabi/4.5.1/../../../../arm-none-eabi/lib/thumb2/libcr_nohost.a(__sys_istty.o)
 .comment       0x00000101       0x2b /usr/local/lpcxpresso_4.2.0_224/lpcxpresso/tools/bin/../lib/gcc/arm-none-eabi/4.5.1/../../../../arm-none-eabi/lib/thumb2/libcr_nohost.a(__sys_read.o)
 .comment       0x0000012c       0x2b /usr/local/lpcxpresso_4.2.0_224/lpcxpresso/tools/bin/../lib/gcc/arm-none-eabi/4.5.1/../../../../arm-none-eabi/lib/thumb2/libcr_nohost.a(__sys_readc.o)
 .comment       0x00000157       0x2b /usr/local/lpcxpresso_4.2.0_224/lpcxpresso/tools/bin/../lib/gcc/arm-none-eabi/4.5.1/../../../../arm-none-eabi/lib/thumb2/libcr_nohost.a(__sys_remove.o)
 .comment       0x00000182       0x2b /usr/local/lpcxpresso_4.2.0_224/lpcxpresso/tools/bin/../lib/gcc/arm-none-eabi/4.5.1/../../../../arm-none-eabi/lib/thumb2/libcr_nohost.a(__sys_rename.o)
 .comment       0x000001ad       0x2b /usr/local/lpcxpresso_4.2.0_224/lpcxpresso/tools/bin/../lib/gcc/arm-none-eabi/4.5.1/../../../../arm-none-eabi/lib/thumb2/libcr_nohost.a(__sys_seek.o)
 .comment       0x000001d8       0x2b /usr/local/lpcxpresso_4.2.0_224/lpcxpresso/tools/bin/../lib/gcc/arm-none-eabi/4.5.1/../../../../arm-none-eabi/lib/thumb2/libcr_nohost.a(__sys_tmpnam.o)
 .comment       0x00000203       0x2b /usr/local/lpcxpresso_4.2.0_224/lpcxpresso/tools/bin/../lib/gcc/arm-none-eabi/4.5.1/../../../../arm-none-eabi/lib/thumb2/libcr_nohost.a(__sys_write.o)
 .comment       0x0000022e       0x2b /usr/local/lpcxpresso_4.2.0_224/lpcxpresso/tools/bin/../lib/gcc/arm-none-eabi/4.5.1/../../../../arm-none-eabi/lib/thumb2/libcr_nohost.a(_cr_sbrk.o)
 .comment       0x00000259       0x2b /usr/local/lpcxpresso_4.2.0_224/lpcxpresso/tools/bin/../lib/gcc/arm-none-eabi/4.5.1/../../../../arm-none-eabi/lib/thumb2/libcr_nohost.a(_cr_check_heap.o)

.ARM.attributes
                0x00000000       0x2f
 .ARM.attributes
                0x00000000       0x31 ./src/API_Uart.o
 .ARM.attributes
                0x00000031       0x31 ./src/cr_startup_lpc176x.o
 .ARM.attributes
                0x00000062       0x31 ./src/main.o
 .ARM.attributes
                0x00000093       0x31 /home/fanaur/RepositorioMercurial/trabajoprofesional/Codigo/workspaceLpc/CMSISv2p00_LPC17xx/Debug/libCMSISv2p00_LPC17xx.a(system_LPC17xx.o)
 .ARM.attributes
                0x000000c4       0x31 /home/fanaur/RepositorioMercurial/trabajoprofesional/Codigo/workspaceLpc/libDriversMcuPeripherals/Debug/libDriversMcuPeripherals.a(lpc17xx_pinsel.o)
 .ARM.attributes
                0x000000f5       0x31 /home/fanaur/RepositorioMercurial/trabajoprofesional/Codigo/workspaceLpc/libDriversMcuPeripherals/Debug/libDriversMcuPeripherals.a(lpc17xx_uart.o)
 .ARM.attributes
                0x00000126       0x31 /home/fanaur/RepositorioMercurial/trabajoprofesional/Codigo/workspaceLpc/libDriversMcuPeripherals/Debug/libDriversMcuPeripherals.a(lpc17xx_clkpwr.o)
 .ARM.attributes
                0x00000157       0x31 /home/fanaur/RepositorioMercurial/trabajoprofesional/Codigo/workspaceLpc/libDriversMcuPeripherals/Debug/libDriversMcuPeripherals.a(lpc17xx_libcfg_default.o)
 .ARM.attributes
                0x00000188       0x31 /usr/local/lpcxpresso_4.2.0_224/lpcxpresso/tools/bin/../lib/gcc/arm-none-eabi/4.5.1/../../../../arm-none-eabi/lib/thumb2/libcr_nohost.a(_cr__main.o)
 .ARM.attributes
                0x000001b9       0x31 /usr/local/lpcxpresso_4.2.0_224/lpcxpresso/tools/bin/../lib/gcc/arm-none-eabi/4.5.1/../../../../arm-none-eabi/lib/thumb2/libcr_c.a(fpprintf.o)
 .ARM.attributes
                0x000001ea       0x31 /usr/local/lpcxpresso_4.2.0_224/lpcxpresso/tools/bin/../lib/gcc/arm-none-eabi/4.5.1/../../../../arm-none-eabi/lib/thumb2/libcr_c.a(initio.o)
 .ARM.attributes
                0x0000021b       0x31 /usr/local/lpcxpresso_4.2.0_224/lpcxpresso/tools/bin/../lib/gcc/arm-none-eabi/4.5.1/../../../../arm-none-eabi/lib/thumb2/libcr_c.a(printf.o)
 .ARM.attributes
                0x0000024c       0x31 /usr/local/lpcxpresso_4.2.0_224/lpcxpresso/tools/bin/../lib/gcc/arm-none-eabi/4.5.1/../../../../arm-none-eabi/lib/thumb2/libcr_c.a(setvbuf.o)
 .ARM.attributes
                0x0000027d       0x31 /usr/local/lpcxpresso_4.2.0_224/lpcxpresso/tools/bin/../lib/gcc/arm-none-eabi/4.5.1/../../../../arm-none-eabi/lib/thumb2/libcr_c.a(stdio.o)
 .ARM.attributes
                0x000002ae       0x31 /usr/local/lpcxpresso_4.2.0_224/lpcxpresso/tools/bin/../lib/gcc/arm-none-eabi/4.5.1/../../../../arm-none-eabi/lib/thumb2/libcr_c.a(strlen.o)
 .ARM.attributes
                0x000002df       0x31 /usr/local/lpcxpresso_4.2.0_224/lpcxpresso/tools/bin/../lib/gcc/arm-none-eabi/4.5.1/../../../../arm-none-eabi/lib/thumb2/libcr_c.a(memset.o)
 .ARM.attributes
                0x00000310       0x31 /usr/local/lpcxpresso_4.2.0_224/lpcxpresso/tools/bin/../lib/gcc/arm-none-eabi/4.5.1/../../../../arm-none-eabi/lib/thumb2/libcr_c.a(__fillbuf.o)
 .ARM.attributes
                0x00000341       0x31 /usr/local/lpcxpresso_4.2.0_224/lpcxpresso/tools/bin/../lib/gcc/arm-none-eabi/4.5.1/../../../../arm-none-eabi/lib/thumb2/libcr_c.a(_deferredlazyseek.o)
 .ARM.attributes
                0x00000372       0x31 /usr/local/lpcxpresso_4.2.0_224/lpcxpresso/tools/bin/../lib/gcc/arm-none-eabi/4.5.1/../../../../arm-none-eabi/lib/thumb2/libcr_c.a(_fdopen.o)
 .ARM.attributes
                0x000003a3       0x31 /usr/local/lpcxpresso_4.2.0_224/lpcxpresso/tools/bin/../lib/gcc/arm-none-eabi/4.5.1/../../../../arm-none-eabi/lib/thumb2/libcr_c.a(_fflush.o)
 .ARM.attributes
                0x000003d4       0x31 /usr/local/lpcxpresso_4.2.0_224/lpcxpresso/tools/bin/../lib/gcc/arm-none-eabi/4.5.1/../../../../arm-none-eabi/lib/thumb2/libcr_c.a(_frexpl.o)
 .ARM.attributes
                0x00000405       0x31 /usr/local/lpcxpresso_4.2.0_224/lpcxpresso/tools/bin/../lib/gcc/arm-none-eabi/4.5.1/../../../../arm-none-eabi/lib/thumb2/libcr_c.a(_ldexpl.o)
 .ARM.attributes
                0x00000436       0x31 /usr/local/lpcxpresso_4.2.0_224/lpcxpresso/tools/bin/../lib/gcc/arm-none-eabi/4.5.1/../../../../arm-none-eabi/lib/thumb2/libcr_c.a(_writebuf.o)
 .ARM.attributes
                0x00000467       0x31 /usr/local/lpcxpresso_4.2.0_224/lpcxpresso/tools/bin/../lib/gcc/arm-none-eabi/4.5.1/../../../../arm-none-eabi/lib/thumb2/libcr_c.a(alloc.o)
 .ARM.attributes
                0x00000498       0x31 /usr/local/lpcxpresso_4.2.0_224/lpcxpresso/tools/bin/../lib/gcc/arm-none-eabi/4.5.1/../../../../arm-none-eabi/lib/thumb2/libcr_c.a(ctype.o)
 .ARM.attributes
                0x000004c9       0x31 /usr/local/lpcxpresso_4.2.0_224/lpcxpresso/tools/bin/../lib/gcc/arm-none-eabi/4.5.1/../../../../arm-none-eabi/lib/thumb2/libcr_c.a(errno.o)
 .ARM.attributes
                0x000004fa       0x31 /usr/local/lpcxpresso_4.2.0_224/lpcxpresso/tools/bin/../lib/gcc/arm-none-eabi/4.5.1/../../../../arm-none-eabi/lib/thumb2/libcr_c.a(fclose.o)
 .ARM.attributes
                0x0000052b       0x31 /usr/local/lpcxpresso_4.2.0_224/lpcxpresso/tools/bin/../lib/gcc/arm-none-eabi/4.5.1/../../../../arm-none-eabi/lib/thumb2/libcr_c.a(fflush.o)
 .ARM.attributes
                0x0000055c       0x31 /usr/local/lpcxpresso_4.2.0_224/lpcxpresso/tools/bin/../lib/gcc/arm-none-eabi/4.5.1/../../../../arm-none-eabi/lib/thumb2/libcr_c.a(fseek.o)
 .ARM.attributes
                0x0000058d       0x31 /usr/local/lpcxpresso_4.2.0_224/lpcxpresso/tools/bin/../lib/gcc/arm-none-eabi/4.5.1/../../../../arm-none-eabi/lib/thumb2/libcr_c.a(ftell.o)
 .ARM.attributes
                0x000005be       0x31 /usr/local/lpcxpresso_4.2.0_224/lpcxpresso/tools/bin/../lib/gcc/arm-none-eabi/4.5.1/../../../../arm-none-eabi/lib/thumb2/libcr_c.a(remove.o)
 .ARM.attributes
                0x000005ef       0x31 /usr/local/lpcxpresso_4.2.0_224/lpcxpresso/tools/bin/../lib/gcc/arm-none-eabi/4.5.1/../../../../arm-none-eabi/lib/thumb2/libcr_c.a(memcpy.o)
 .ARM.attributes
                0x00000620       0x31 /usr/local/lpcxpresso_4.2.0_224/lpcxpresso/tools/bin/../lib/gcc/arm-none-eabi/4.5.1/../../../../arm-none-eabi/lib/thumb2/libcr_c.a(__init_alloc.o)
 .ARM.attributes
                0x00000651       0x31 /usr/local/lpcxpresso_4.2.0_224/lpcxpresso/tools/bin/../lib/gcc/arm-none-eabi/4.5.1/../../../../arm-none-eabi/lib/thumb2/libcr_c.a(_do_fflush.o)
 .ARM.attributes
                0x00000682       0x31 /usr/local/lpcxpresso_4.2.0_224/lpcxpresso/tools/bin/../lib/gcc/arm-none-eabi/4.5.1/../../../../arm-none-eabi/lib/thumb2/libcr_c.a(_hugeval.o)
 .ARM.attributes
                0x000006b3       0x21 /usr/local/lpcxpresso_4.2.0_224/lpcxpresso/tools/bin/../lib/gcc/arm-none-eabi/4.5.1/thumb2/libcr_eabihelpers.a(division.o)
 .ARM.attributes
                0x000006d4       0x31 /usr/local/lpcxpresso_4.2.0_224/lpcxpresso/tools/bin/../lib/gcc/arm-none-eabi/4.5.1/thumb2/libcr_eabihelpers.a(double.o)
 .ARM.attributes
                0x00000705       0x21 /usr/local/lpcxpresso_4.2.0_224/lpcxpresso/tools/bin/../lib/gcc/arm-none-eabi/4.5.1/thumb2/libcr_eabihelpers.a(memcpy.o)
 .ARM.attributes
                0x00000726       0x31 /usr/local/lpcxpresso_4.2.0_224/lpcxpresso/tools/bin/../lib/gcc/arm-none-eabi/4.5.1/../../../../arm-none-eabi/lib/thumb2/libcr_nohost.a(__sys_appexit.o)
 .ARM.attributes
                0x00000757       0x31 /usr/local/lpcxpresso_4.2.0_224/lpcxpresso/tools/bin/../lib/gcc/arm-none-eabi/4.5.1/../../../../arm-none-eabi/lib/thumb2/libcr_nohost.a(__sys_close.o)
 .ARM.attributes
                0x00000788       0x31 /usr/local/lpcxpresso_4.2.0_224/lpcxpresso/tools/bin/../lib/gcc/arm-none-eabi/4.5.1/../../../../arm-none-eabi/lib/thumb2/libcr_nohost.a(__sys_flen.o)
 .ARM.attributes
                0x000007b9       0x31 /usr/local/lpcxpresso_4.2.0_224/lpcxpresso/tools/bin/../lib/gcc/arm-none-eabi/4.5.1/../../../../arm-none-eabi/lib/thumb2/libcr_nohost.a(__sys_istty.o)
 .ARM.attributes
                0x000007ea       0x31 /usr/local/lpcxpresso_4.2.0_224/lpcxpresso/tools/bin/../lib/gcc/arm-none-eabi/4.5.1/../../../../arm-none-eabi/lib/thumb2/libcr_nohost.a(__sys_read.o)
 .ARM.attributes
                0x0000081b       0x31 /usr/local/lpcxpresso_4.2.0_224/lpcxpresso/tools/bin/../lib/gcc/arm-none-eabi/4.5.1/../../../../arm-none-eabi/lib/thumb2/libcr_nohost.a(__sys_readc.o)
 .ARM.attributes
                0x0000084c       0x31 /usr/local/lpcxpresso_4.2.0_224/lpcxpresso/tools/bin/../lib/gcc/arm-none-eabi/4.5.1/../../../../arm-none-eabi/lib/thumb2/libcr_nohost.a(__sys_remove.o)
 .ARM.attributes
                0x0000087d       0x31 /usr/local/lpcxpresso_4.2.0_224/lpcxpresso/tools/bin/../lib/gcc/arm-none-eabi/4.5.1/../../../../arm-none-eabi/lib/thumb2/libcr_nohost.a(__sys_rename.o)
 .ARM.attributes
                0x000008ae       0x31 /usr/local/lpcxpresso_4.2.0_224/lpcxpresso/tools/bin/../lib/gcc/arm-none-eabi/4.5.1/../../../../arm-none-eabi/lib/thumb2/libcr_nohost.a(__sys_seek.o)
 .ARM.attributes
                0x000008df       0x31 /usr/local/lpcxpresso_4.2.0_224/lpcxpresso/tools/bin/../lib/gcc/arm-none-eabi/4.5.1/../../../../arm-none-eabi/lib/thumb2/libcr_nohost.a(__sys_tmpnam.o)
 .ARM.attributes
                0x00000910       0x31 /usr/local/lpcxpresso_4.2.0_224/lpcxpresso/tools/bin/../lib/gcc/arm-none-eabi/4.5.1/../../../../arm-none-eabi/lib/thumb2/libcr_nohost.a(__sys_write.o)
 .ARM.attributes
                0x00000941       0x31 /usr/local/lpcxpresso_4.2.0_224/lpcxpresso/tools/bin/../lib/gcc/arm-none-eabi/4.5.1/../../../../arm-none-eabi/lib/thumb2/libcr_nohost.a(_cr_sbrk.o)
 .ARM.attributes
                0x00000972       0x31 /usr/local/lpcxpresso_4.2.0_224/lpcxpresso/tools/bin/../lib/gcc/arm-none-eabi/4.5.1/../../../../arm-none-eabi/lib/thumb2/libcr_nohost.a(_cr_check_heap.o)

.debug_frame    0x00000000      0x868
 .debug_frame   0x00000000      0x154 ./src/API_Uart.o
 .debug_frame   0x00000154       0xf0 ./src/cr_startup_lpc176x.o
 .debug_frame   0x00000244       0x50 ./src/main.o
 .debug_frame   0x00000294       0x3c /home/fanaur/RepositorioMercurial/trabajoprofesional/Codigo/workspaceLpc/CMSISv2p00_LPC17xx/Debug/libCMSISv2p00_LPC17xx.a(system_LPC17xx.o)
 .debug_frame   0x000002d0       0xbc /home/fanaur/RepositorioMercurial/trabajoprofesional/Codigo/workspaceLpc/libDriversMcuPeripherals/Debug/libDriversMcuPeripherals.a(lpc17xx_pinsel.o)
 .debug_frame   0x0000038c      0x3cc /home/fanaur/RepositorioMercurial/trabajoprofesional/Codigo/workspaceLpc/libDriversMcuPeripherals/Debug/libDriversMcuPeripherals.a(lpc17xx_uart.o)
 .debug_frame   0x00000758       0xe4 /home/fanaur/RepositorioMercurial/trabajoprofesional/Codigo/workspaceLpc/libDriversMcuPeripherals/Debug/libDriversMcuPeripherals.a(lpc17xx_clkpwr.o)
 .debug_frame   0x0000083c       0x2c /home/fanaur/RepositorioMercurial/trabajoprofesional/Codigo/workspaceLpc/libDriversMcuPeripherals/Debug/libDriversMcuPeripherals.a(lpc17xx_libcfg_default.o)
