Archive member included because of file (symbol)

/home/fanaur/RepositorioMercurial/trabajoprofesional/Codigo/workspaceLpc/CMSISv2p00_LPC17xx/Debug/libCMSISv2p00_LPC17xx.a(system_LPC17xx.o)
                              ./src/cr_startup_lpc176x.o (SystemInit)
/usr/local/lpcxpresso_4.2.0_224/lpcxpresso/tools/bin/../lib/gcc/arm-none-eabi/4.5.1/../../../../arm-none-eabi/lib/thumb2/libcr_nohost.a(_cr__main.o)
                              ./src/cr_startup_lpc176x.o (__main)
/usr/local/lpcxpresso_4.2.0_224/lpcxpresso/tools/bin/../lib/gcc/arm-none-eabi/4.5.1/../../../../arm-none-eabi/lib/thumb2/libcr_c.a(fpprintf.o)
                              ./apps/webserver/httpd-cgi.o (snprintf)
/usr/local/lpcxpresso_4.2.0_224/lpcxpresso/tools/bin/../lib/gcc/arm-none-eabi/4.5.1/../../../../arm-none-eabi/lib/thumb2/libcr_c.a(initio.o)
                              /usr/local/lpcxpresso_4.2.0_224/lpcxpresso/tools/bin/../lib/gcc/arm-none-eabi/4.5.1/../../../../arm-none-eabi/lib/thumb2/libcr_nohost.a(_cr__main.o) (_initio)
/usr/local/lpcxpresso_4.2.0_224/lpcxpresso/tools/bin/../lib/gcc/arm-none-eabi/4.5.1/../../../../arm-none-eabi/lib/thumb2/libcr_c.a(memcmp.o)
                              ./apps/dhcpc/dhcpc.o (memcmp)
/usr/local/lpcxpresso_4.2.0_224/lpcxpresso/tools/bin/../lib/gcc/arm-none-eabi/4.5.1/../../../../arm-none-eabi/lib/thumb2/libcr_c.a(printf.o)
                              /usr/local/lpcxpresso_4.2.0_224/lpcxpresso/tools/bin/../lib/gcc/arm-none-eabi/4.5.1/../../../../arm-none-eabi/lib/thumb2/libcr_c.a(fpprintf.o) (__vfprintf)
/usr/local/lpcxpresso_4.2.0_224/lpcxpresso/tools/bin/../lib/gcc/arm-none-eabi/4.5.1/../../../../arm-none-eabi/lib/thumb2/libcr_c.a(setvbuf.o)
                              /usr/local/lpcxpresso_4.2.0_224/lpcxpresso/tools/bin/../lib/gcc/arm-none-eabi/4.5.1/../../../../arm-none-eabi/lib/thumb2/libcr_c.a(initio.o) (setvbuf)
/usr/local/lpcxpresso_4.2.0_224/lpcxpresso/tools/bin/../lib/gcc/arm-none-eabi/4.5.1/../../../../arm-none-eabi/lib/thumb2/libcr_c.a(stdio.o)
                              /usr/local/lpcxpresso_4.2.0_224/lpcxpresso/tools/bin/../lib/gcc/arm-none-eabi/4.5.1/../../../../arm-none-eabi/lib/thumb2/libcr_c.a(fpprintf.o) (__Ciob)
/usr/local/lpcxpresso_4.2.0_224/lpcxpresso/tools/bin/../lib/gcc/arm-none-eabi/4.5.1/../../../../arm-none-eabi/lib/thumb2/libcr_c.a(strchr.o)
                              ./apps/webserver/httpd-cgi.o (strchr)
/usr/local/lpcxpresso_4.2.0_224/lpcxpresso/tools/bin/../lib/gcc/arm-none-eabi/4.5.1/../../../../arm-none-eabi/lib/thumb2/libcr_c.a(strcpy.o)
                              ./apps/webserver/httpd.o (strcpy)
/usr/local/lpcxpresso_4.2.0_224/lpcxpresso/tools/bin/../lib/gcc/arm-none-eabi/4.5.1/../../../../arm-none-eabi/lib/thumb2/libcr_c.a(strlen.o)
                              ./apps/webserver/httpd-cgi.o (strlen)
/usr/local/lpcxpresso_4.2.0_224/lpcxpresso/tools/bin/../lib/gcc/arm-none-eabi/4.5.1/../../../../arm-none-eabi/lib/thumb2/libcr_c.a(strncmp.o)
                              ./apps/webserver/httpd-cgi.o (strncmp)
/usr/local/lpcxpresso_4.2.0_224/lpcxpresso/tools/bin/../lib/gcc/arm-none-eabi/4.5.1/../../../../arm-none-eabi/lib/thumb2/libcr_c.a(strncpy.o)
                              ./apps/webserver/httpd.o (strncpy)
/usr/local/lpcxpresso_4.2.0_224/lpcxpresso/tools/bin/../lib/gcc/arm-none-eabi/4.5.1/../../../../arm-none-eabi/lib/thumb2/libcr_c.a(strrchr.o)
                              ./apps/webserver/httpd.o (strrchr)
/usr/local/lpcxpresso_4.2.0_224/lpcxpresso/tools/bin/../lib/gcc/arm-none-eabi/4.5.1/../../../../arm-none-eabi/lib/thumb2/libcr_c.a(memcpy.o)
                              ./uip/psock.o (memcpy)
/usr/local/lpcxpresso_4.2.0_224/lpcxpresso/tools/bin/../lib/gcc/arm-none-eabi/4.5.1/../../../../arm-none-eabi/lib/thumb2/libcr_c.a(memset.o)
                              ./uip/uip.o (memset)
/usr/local/lpcxpresso_4.2.0_224/lpcxpresso/tools/bin/../lib/gcc/arm-none-eabi/4.5.1/../../../../arm-none-eabi/lib/thumb2/libcr_c.a(__fillbuf.o)
                              /usr/local/lpcxpresso_4.2.0_224/lpcxpresso/tools/bin/../lib/gcc/arm-none-eabi/4.5.1/../../../../arm-none-eabi/lib/thumb2/libcr_c.a(stdio.o) (__filbuf)
/usr/local/lpcxpresso_4.2.0_224/lpcxpresso/tools/bin/../lib/gcc/arm-none-eabi/4.5.1/../../../../arm-none-eabi/lib/thumb2/libcr_c.a(_deferredlazyseek.o)
                              /usr/local/lpcxpresso_4.2.0_224/lpcxpresso/tools/bin/../lib/gcc/arm-none-eabi/4.5.1/../../../../arm-none-eabi/lib/thumb2/libcr_c.a(__fillbuf.o) (_deferredlazyseek)
/usr/local/lpcxpresso_4.2.0_224/lpcxpresso/tools/bin/../lib/gcc/arm-none-eabi/4.5.1/../../../../arm-none-eabi/lib/thumb2/libcr_c.a(_fdopen.o)
                              /usr/local/lpcxpresso_4.2.0_224/lpcxpresso/tools/bin/../lib/gcc/arm-none-eabi/4.5.1/../../../../arm-none-eabi/lib/thumb2/libcr_c.a(initio.o) (_fdopen)
/usr/local/lpcxpresso_4.2.0_224/lpcxpresso/tools/bin/../lib/gcc/arm-none-eabi/4.5.1/../../../../arm-none-eabi/lib/thumb2/libcr_c.a(_fflush.o)
[...]
Memory Configuration

Name             Origin             Length             Attributes
MFlash512        0x00000000         0x00080000         xr
RamLoc32         0x10000000         0x00008000         xrw
RamAHB32         0x2007c000         0x00008000         xrw
*default*        0x00000000         0xffffffff

Linker script and memory map

LOAD ./uip/psock.o
LOAD ./uip/timer.o
LOAD ./uip/uip-fw.o
LOAD ./uip/uip-neighbor.o
LOAD ./uip/uip-split.o
LOAD ./uip/uip.o
LOAD ./uip/uip_arp.o
LOAD ./uip/uiplib.o
LOAD ./src/cr_startup_lpc176x.o
LOAD ./main/clock-arch.o
LOAD ./main/main.o
LOAD ./main/tapdev.o
LOAD ./main/lpc1700/lpc17xx_emac.o
LOAD ./main/lpc1700/lpc17xx_systick.o
LOAD ./apps/webserver/http-strings.o
LOAD ./apps/webserver/httpd-cgi.o
LOAD ./apps/webserver/httpd-fs.o
LOAD ./apps/webserver/httpd.o
LOAD ./apps/dhcpc/dhcpc.o
LOAD /home/fanaur/RepositorioMercurial/trabajoprofesional/Codigo/workspaceLpc/CMSISv2p00_LPC17xx/Debug/libCMSISv2p00_LPC17xx.a
START GROUP
LOAD /usr/local/lpcxpresso_4.2.0_224/lpcxpresso/tools/bin/../lib/gcc/arm-none-eabi/4.5.1/../../../../arm-none-eabi/lib/thumb2/libcr_nohost.a
LOAD /usr/local/lpcxpresso_4.2.0_224/lpcxpresso/tools/bin/../lib/gcc/arm-none-eabi/4.5.1/../../../../arm-none-eabi/lib/thumb2/libcr_c.a
LOAD /usr/local/lpcxpresso_4.2.0_224/lpcxpresso/tools/bin/../lib/gcc/arm-none-eabi/4.5.1/thumb2/libcr_eabihelpers.a
END GROUP
                0x00080000                __top_MFlash512 = 0x80000
                0x10008000                __top_RamLoc32 = 0x10008000
                0x20084000                __top_RamAHB32 = 0x20084000

.text           0x00000000     0xa6b0
 FILL mask 0xff
 *(.isr_vector)
 .isr_vector    0x00000000       0xcc ./src/cr_startup_lpc176x.o
                0x00000000                g_pfnVectors
                0x000000cc                . = ALIGN (0x4)
                0x000000cc                __section_table_start = .
                0x000000cc                __data_section_table = .
                0x000000cc        0x4 LONG 0xa6b0 LOADADDR (.data)
                0x000000d0        0x4 LONG 0x10000000 ADDR (.data)
                0x000000d4        0x4 LONG 0x40 SIZEOF (.data)
                0x000000d8        0x4 LONG 0xa6b0 LOADADDR (.data_RAM2)
                0x000000dc        0x4 LONG 0x2007c000 ADDR (.data_RAM2)
                0x000000e0        0x4 LONG 0x0 SIZEOF (.data_RAM2)
                0x000000e4                __data_section_table_end = .
                0x000000e4                __bss_section_table = .
                0x000000e4        0x4 LONG 0x10000040 ADDR (.bss)
                0x000000e8        0x4 LONG 0x2b28 SIZEOF (.bss)
                0x000000ec        0x4 LONG 0x2007c000 ADDR (.bss_RAM2)
                0x000000f0        0x4 LONG 0x0 SIZEOF (.bss_RAM2)
                0x000000f4                __bss_section_table_end = .
                0x000000f4                __section_table_end = .
 *(.after_vectors*)
 .after_vectors
                0x000000f4       0x78 ./src/cr_startup_lpc176x.o
                0x000000f4                NMI_Handler
                0x000000f6                HardFault_Handler
                0x000000f8                MemManage_Handler
                0x000000fa                BusFault_Handler
                0x000000fc                UsageFault_Handler
                0x000000fe                SVCall_Handler
                0x00000100                DebugMon_Handler
                0x00000102                PendSV_Handler
                0x00000106                data_init
                0x00000118                bss_init
                0x00000128                ResetISR
                0x00000168                TIMER2_IRQHandler
                0x00000168                RIT_IRQHandler
                0x00000168                I2C0_IRQHandler
                0x00000168                USBActivity_IRQHandler
                0x00000168                PWM1_IRQHandler
                0x00000168                I2C1_IRQHandler
                0x00000168                EINT2_IRQHandler
                0x00000168                UART1_IRQHandler
                0x00000168                EINT3_IRQHandler
                0x00000168                CANActivity_IRQHandler
                0x00000168                TIMER3_IRQHandler
                0x00000168                UART0_IRQHandler
                0x00000168                IntDefaultHandler
                0x00000168                PLL0_IRQHandler
                0x00000168                CAN_IRQHandler
                0x00000168                PLL1_IRQHandler
                0x00000168                SSP0_IRQHandler
                0x00000168                I2S_IRQHandler
                0x00000168                I2C2_IRQHandler
                0x00000168                RTC_IRQHandler
                0x00000168                TIMER0_IRQHandler
                0x00000168                SPI_IRQHandler
                0x00000168                EINT1_IRQHandler
                0x00000168                TIMER1_IRQHandler
                0x00000168                UART2_IRQHandler
                0x00000168                ADC_IRQHandler
                0x00000168                SSP1_IRQHandler
                0x00000168                USB_IRQHandler
                0x00000168                BOD_IRQHandler
                0x00000168                WDT_IRQHandler
                0x00000168                QEI_IRQHandler
                0x00000168                EINT0_IRQHandler
                0x00000168                DMA_IRQHandler
                0x00000168                UART3_IRQHandler
                0x00000168                MCPWM_IRQHandler
                0x00000168                ENET_IRQHandler
                0x000002fc                . = 0x2fc
 *fill*         0x0000016c      0x190 ff
                0x000002fc                PROVIDE (__CRP_WORD_START__, .)
 *(.crp)
 .crp           0x000002fc        0x4 ./main/main.o
                0x000002fc                CRP_WORD
                0x00000300                PROVIDE (__CRP_WORD_END__, .)
                0x00000001                ASSERT (! ((__CRP_WORD_START__ == __CRP_WORD_END__)), Linker CRP Enabled, but no CRP_WORD provided within application)
 *(.text*)
 .text.buf_setup
                0x00000300       0x24 ./uip/psock.o
 .text.buf_bufto
                0x00000324       0xa0 ./uip/psock.o
 .text.send_data
                0x000003c4       0x6c ./uip/psock.o
 .text.data_acked
                0x00000430       0x84 ./uip/psock.o
 .text.psock_send
                0x000004b4       0x94 ./uip/psock.o
                0x000004b4                psock_send
 .text.psock_generator_send
                0x00000548       0xb8 ./uip/psock.o
                0x00000548                psock_generator_send
 .text.psock_datalen
                0x00000600       0x24 ./uip/psock.o
                0x00000600                psock_datalen
 .text.psock_newdata
                0x00000624       0x58 ./uip/psock.o
                0x00000624                psock_newdata
 .text.psock_readto
                0x0000067c       0xcc ./uip/psock.o
                0x0000067c                psock_readto
 .text.psock_init
                0x00000748       0x48 ./uip/psock.o
                0x00000748                psock_init
 .text.timer_set
                0x00000790       0x24 ./uip/timer.o
                0x00000790                timer_set
 .text.timer_reset
                0x000007b4       0x20 ./uip/timer.o
                0x000007b4                timer_reset
 .text.timer_expired
                0x000007d4       0x2c ./uip/timer.o
                0x000007d4                timer_expired
 .text.uip_add32
                0x00000800      0x14c ./uip/uip.o
                0x00000800                uip_add32
 .text.chksum   0x0000094c       0x98 ./uip/uip.o
 .text.uip_ipchksum
                0x000009e4       0x3c ./uip/uip.o
                0x000009e4                uip_ipchksum
 .text.upper_layer_chksum
                0x00000a20       0x8c ./uip/uip.o
 .text.uip_tcpchksum
                0x00000aac       0x14 ./uip/uip.o
                0x00000aac                uip_tcpchksum
 .text.uip_udpchksum
                0x00000ac0       0x14 ./uip/uip.o
                0x00000ac0                uip_udpchksum
 .text.uip_init
                0x00000ad4      0x124 ./uip/uip.o
                0x00000ad4                uip_init
 .text.uip_udp_new
                0x00000bf8      0x1a4 ./uip/uip.o
                0x00000bf8                uip_udp_new
 .text.uip_listen
                0x00000d9c       0x84 ./uip/uip.o
                0x00000d9c                uip_listen
 .text.uip_add_rcv_nxt
                0x00000e20       0x84 ./uip/uip.o
 .text.uip_process
                0x00000ea4     0x2244 ./uip/uip.o
                0x00000ea4                uip_process
 .text.htons    0x000030e8       0x30 ./uip/uip.o
                0x000030e8                htons
 .text.uip_send
                0x00003118       0x54 ./uip/uip.o
                0x00003118                uip_send
 .text.uip_arp_timer
                0x0000316c       0xc0 ./uip/uip_arp.o
                0x0000316c                uip_arp_timer
 .text.uip_arp_update
                0x0000322c      0x254 ./uip/uip_arp.o
 .text.uip_arp_arpin
                0x00003480      0x1e0 ./uip/uip_arp.o
                0x00003480                uip_arp_arpin
 .text.uip_arp_out
                0x00003660      0x318 ./uip/uip_arp.o
                0x00003660                uip_arp_out
 .text.clock_init
                0x00003978       0x10 ./main/clock-arch.o
                0x00003978                clock_init
 .text.clock_time
                0x00003988       0x18 ./main/clock-arch.o
                0x00003988                clock_time
 .text.uip_log  0x000039a0       0x14 ./main/main.o
                0x000039a0                uip_log
 .text.main     0x000039b4      0x28c ./main/main.o
                0x000039b4                main
 .text.tapdev_init
                0x00003c40        0xc ./main/tapdev.o
                0x00003c40                tapdev_init
 .text.tapdev_read
                0x00003c4c       0x1c ./main/tapdev.o
                0x00003c4c                tapdev_read
 .text.tapdev_send
                0x00003c68       0x1c ./main/tapdev.o
                0x00003c68                tapdev_send
 .text.EMAC_Init
                0x00003c84      0x37c ./main/lpc1700/lpc17xx_emac.o
                0x00003c84                EMAC_Init
 .text.write_PHY
                0x00004000       0x60 ./main/lpc1700/lpc17xx_emac.o
 .text.read_PHY
                0x00004060       0x74 ./main/lpc1700/lpc17xx_emac.o
 .text.EMAC_ReadPacket
                0x000040d4       0xac ./main/lpc1700/lpc17xx_emac.o
                0x000040d4                EMAC_ReadPacket
 .text.EMAC_SendPacket
                0x00004180      0x10c ./main/lpc1700/lpc17xx_emac.o
                0x00004180                EMAC_SendPacket
 .text.rx_descr_init
                0x0000428c       0xd4 ./main/lpc1700/lpc17xx_emac.o
 .text.tx_descr_init
                0x00004360       0xc0 ./main/lpc1700/lpc17xx_emac.o
 .text.NVIC_SetPriority
                0x00004420       0x5c ./main/lpc1700/lpc17xx_systick.o
 .text.SysTick_Config
                0x0000447c       0x64 ./main/lpc1700/lpc17xx_systick.o
 .text.SysTick_Handler
                0x000044e0       0x24 ./main/lpc1700/lpc17xx_systick.o
                0x000044e0                SysTick_Handler
 .text.init_timer
                0x00004504       0x34 ./main/lpc1700/lpc17xx_systick.o
                0x00004504                init_timer
 .text.nullfunction
                0x00004538       0x30 ./apps/webserver/httpd-cgi.o
 .text.httpd_cgi
                0x00004568       0x64 ./apps/webserver/httpd-cgi.o
                0x00004568                httpd_cgi
 .text.generate_file_stats
                0x000045cc       0x44 ./apps/webserver/httpd-cgi.o
 .text.file_stats
                0x00004610       0x74 ./apps/webserver/httpd-cgi.o
 .text.generate_tcp_stats
                0x00004684      0x128 ./apps/webserver/httpd-cgi.o
 .text.tcp_stats
                0x000047ac       0xb4 ./apps/webserver/httpd-cgi.o
 .text.generate_net_stats
                0x00004860       0x54 ./apps/webserver/httpd-cgi.o
 .text.net_stats
                0x000048b4       0x8c ./apps/webserver/httpd-cgi.o
 .text.httpd_fs_strcmp
                0x00004940       0x6c ./apps/webserver/httpd-fs.o
 .text.httpd_fs_open
                0x000049ac       0x88 ./apps/webserver/httpd-fs.o
                0x000049ac                httpd_fs_open
 .text.httpd_fs_count
                0x00004a34       0x60 ./apps/webserver/httpd-fs.o
                0x00004a34                httpd_fs_count
 .text.generate_part_of_file
                0x00004a94       0x78 ./apps/webserver/httpd.o
 .text.send_file
                0x00004b0c       0x94 ./apps/webserver/httpd.o
 .text.send_part_of_file
                0x00004ba0       0x68 ./apps/webserver/httpd.o
 .text.next_scriptstate
                0x00004c08       0x50 ./apps/webserver/httpd.o
 .text.handle_script
                0x00004c58      0x22c ./apps/webserver/httpd.o
 .text.send_headers
                0x00004e84      0x2d4 ./apps/webserver/httpd.o
 .text.handle_output
                0x00005158      0x17c ./apps/webserver/httpd.o
 .text.handle_input
                0x000052d4      0x1c4 ./apps/webserver/httpd.o
 .text.handle_connection
                0x00005498       0x28 ./apps/webserver/httpd.o
 .text.httpd_appcall
                0x000054c0      0x118 ./apps/webserver/httpd.o
                0x000054c0                httpd_appcall
 .text.httpd_init
                0x000055d8       0x10 ./apps/webserver/httpd.o
                0x000055d8                httpd_init
 .text.add_msg_type
                0x000055e8       0x48 ./apps/dhcpc/dhcpc.o
 .text.add_server_id
                0x00005630       0x48 ./apps/dhcpc/dhcpc.o
 .text.add_req_ipaddr
                0x00005678       0x48 ./apps/dhcpc/dhcpc.o
 .text.add_req_options
                0x000056c0       0x68 ./apps/dhcpc/dhcpc.o
 .text.add_end  0x00005728       0x28 ./apps/dhcpc/dhcpc.o
 .text.create_msg
                0x00005750      0x11c ./apps/dhcpc/dhcpc.o
 .text.send_discover
                0x0000586c       0x94 ./apps/dhcpc/dhcpc.o
 .text.send_request
                0x00005900       0x6c ./apps/dhcpc/dhcpc.o
 .text.parse_options
                0x0000596c       0xf0 ./apps/dhcpc/dhcpc.o
 .text.parse_msg
                0x00005a5c       0xa4 ./apps/dhcpc/dhcpc.o
 .text.dhcpc_configured
                0x00005b00       0x6c ./apps/dhcpc/dhcpc.o
                0x00005b00                dhcpc_configured
 .text.handle_dhcp
                0x00005b6c      0x240 ./apps/dhcpc/dhcpc.o
 .text.dhcpc_init
                0x00005dac       0x94 ./apps/dhcpc/dhcpc.o
                0x00005dac                dhcpc_init
 .text.dhcpc_appcall
                0x00005e40        0xc ./apps/dhcpc/dhcpc.o
                0x00005e40                dhcpc_appcall
 .text.dhcpc_request
                0x00005e4c       0x50 ./apps/dhcpc/dhcpc.o
                0x00005e4c                dhcpc_request
 .text.SystemInit
                0x00005e9c       0xe4 /home/fanaur/RepositorioMercurial/trabajoprofesional/Codigo/workspaceLpc/CMSISv2p00_LPC17xx/Debug/libCMSISv2p00_LPC17xx.a(system_LPC17xx.o)
                0x00005e9c                SystemInit
 .text.__main   0x00005f80       0x14 /usr/local/lpcxpresso_4.2.0_224/lpcxpresso/tools/bin/../lib/gcc/arm-none-eabi/4.5.1/../../../../arm-none-eabi/lib/thumb2/libcr_nohost.a(_cr__main.o)
                0x00005f80                __main
 .text.fp_round
                0x00005f94       0x56 /usr/local/lpcxpresso_4.2.0_224/lpcxpresso/tools/bin/../lib/gcc/arm-none-eabi/4.5.1/../../../../arm-none-eabi/lib/thumb2/libcr_c.a(fpprintf.o)
 .text.lose_trailing_zeros
                0x00005fea       0x1e /usr/local/lpcxpresso_4.2.0_224/lpcxpresso/tools/bin/../lib/gcc/arm-none-eabi/4.5.1/../../../../arm-none-eabi/lib/thumb2/libcr_c.a(fpprintf.o)
 .text.pr_dec.clone.0
                0x00006008       0x24 /usr/local/lpcxpresso_4.2.0_224/lpcxpresso/tools/bin/../lib/gcc/arm-none-eabi/4.5.1/../../../../arm-none-eabi/lib/thumb2/libcr_c.a(fpprintf.o)
 .text.sprintf  0x0000602c       0x70 /usr/local/lpcxpresso_4.2.0_224/lpcxpresso/tools/bin/../lib/gcc/arm-none-eabi/4.5.1/../../../../arm-none-eabi/lib/thumb2/libcr_c.a(fpprintf.o)
                0x0000602c                sprintf
 *fill*         0x0000609c        0x4 00
 .text.fp_display
                0x000060a0      0x918 /usr/local/lpcxpresso_4.2.0_224/lpcxpresso/tools/bin/../lib/gcc/arm-none-eabi/4.5.1/../../../../arm-none-eabi/lib/thumb2/libcr_c.a(fpprintf.o)
 .text.snprintf
                0x000069b8       0x6c /usr/local/lpcxpresso_4.2.0_224/lpcxpresso/tools/bin/../lib/gcc/arm-none-eabi/4.5.1/../../../../arm-none-eabi/lib/thumb2/libcr_c.a(fpprintf.o)
                0x000069b8                snprintf
 .text._initio  0x00006a24       0x9c /usr/local/lpcxpresso_4.2.0_224/lpcxpresso/tools/bin/../lib/gcc/arm-none-eabi/4.5.1/../../../../arm-none-eabi/lib/thumb2/libcr_c.a(initio.o)
                0x00006a24                _initio
 .text.memcmp   0x00006ac0       0x46 /usr/local/lpcxpresso_4.2.0_224/lpcxpresso/tools/bin/../lib/gcc/arm-none-eabi/4.5.1/../../../../arm-none-eabi/lib/thumb2/libcr_c.a(memcmp.o)
                0x00006ac0                memcmp
 *fill*         0x00006b06        0x2 00
 .text.__vfprintf
                0x00006b08      0xc3c /usr/local/lpcxpresso_4.2.0_224/lpcxpresso/tools/bin/../lib/gcc/arm-none-eabi/4.5.1/../../../../arm-none-eabi/lib/thumb2/libcr_c.a(printf.o)
                0x00006b08                __vfprintf
 .text.setvbuf  0x00007744       0x48 /usr/local/lpcxpresso_4.2.0_224/lpcxpresso/tools/bin/../lib/gcc/arm-none-eabi/4.5.1/../../../../arm-none-eabi/lib/thumb2/libcr_c.a(setvbuf.o)
                0x00007744                setvbuf
 .text.strchr   0x0000778c       0x18 /usr/local/lpcxpresso_4.2.0_224/lpcxpresso/tools/bin/../lib/gcc/arm-none-eabi/4.5.1/../../../../arm-none-eabi/lib/thumb2/libcr_c.a(strchr.o)
                0x0000778c                strchr
 .text.strcpy   0x000077a4       0x42 /usr/local/lpcxpresso_4.2.0_224/lpcxpresso/tools/bin/../lib/gcc/arm-none-eabi/4.5.1/../../../../arm-none-eabi/lib/thumb2/libcr_c.a(strcpy.o)
                0x000077a4                strcpy
 .text.strlen   0x000077e6       0x4e /usr/local/lpcxpresso_4.2.0_224/lpcxpresso/tools/bin/../lib/gcc/arm-none-eabi/4.5.1/../../../../arm-none-eabi/lib/thumb2/libcr_c.a(strlen.o)
                0x000077e6                strlen
 .text.strncmp  0x00007834       0x58 /usr/local/lpcxpresso_4.2.0_224/lpcxpresso/tools/bin/../lib/gcc/arm-none-eabi/4.5.1/../../../../arm-none-eabi/lib/thumb2/libcr_c.a(strncmp.o)
                0x00007834                strncmp
 .text.strncpy  0x0000788c       0x58 /usr/local/lpcxpresso_4.2.0_224/lpcxpresso/tools/bin/../lib/gcc/arm-none-eabi/4.5.1/../../../../arm-none-eabi/lib/thumb2/libcr_c.a(strncpy.o)
                0x0000788c                strncpy
 .text.strrchr  0x000078e4       0x24 /usr/local/lpcxpresso_4.2.0_224/lpcxpresso/tools/bin/../lib/gcc/arm-none-eabi/4.5.1/../../../../arm-none-eabi/lib/thumb2/libcr_c.a(strrchr.o)
                0x000078e4                strrchr
 .text.memcpy   0x00007908        0x4 /usr/local/lpcxpresso_4.2.0_224/lpcxpresso/tools/bin/../lib/gcc/arm-none-eabi/4.5.1/../../../../arm-none-eabi/lib/thumb2/libcr_c.a(memcpy.o)
                0x00007908                memcpy
 .text.memset   0x0000790c        0x4 /usr/local/lpcxpresso_4.2.0_224/lpcxpresso/tools/bin/../lib/gcc/arm-none-eabi/4.5.1/../../../../arm-none-eabi/lib/thumb2/libcr_c.a(memset.o)
                0x0000790c                memset
 .text._deferredlazyseek
                0x00007910       0x44 /usr/local/lpcxpresso_4.2.0_224/lpcxpresso/tools/bin/../lib/gcc/arm-none-eabi/4.5.1/../../../../arm-none-eabi/lib/thumb2/libcr_c.a(_deferredlazyseek.o)
                0x00007910                _deferredlazyseek
 .text.__flsbuf
                0x00007954      0x15e /usr/local/lpcxpresso_4.2.0_224/lpcxpresso/tools/bin/../lib/gcc/arm-none-eabi/4.5.1/../../../../arm-none-eabi/lib/thumb2/libcr_c.a(_deferredlazyseek.o)
                0x00007954                __flsbuf
 .text._fdopen  0x00007ab2       0x6e /usr/local/lpcxpresso_4.2.0_224/lpcxpresso/tools/bin/../lib/gcc/arm-none-eabi/4.5.1/../../../../arm-none-eabi/lib/thumb2/libcr_c.a(_fdopen.o)
                0x00007ab2                _fdopen
 .text._fflush  0x00007b20       0x58 /usr/local/lpcxpresso_4.2.0_224/lpcxpresso/tools/bin/../lib/gcc/arm-none-eabi/4.5.1/../../../../arm-none-eabi/lib/thumb2/libcr_c.a(_fflush.o)
                0x00007b20                _fflush
 .text._frexpl  0x00007b78       0x62 /usr/local/lpcxpresso_4.2.0_224/lpcxpresso/tools/bin/../lib/gcc/arm-none-eabi/4.5.1/../../../../arm-none-eabi/lib/thumb2/libcr_c.a(_frexpl.o)
                0x00007b78                _frexpl
 *fill*         0x00007bda        0x2 00
 .text._ldexpl  0x00007bdc       0x50 /usr/local/lpcxpresso_4.2.0_224/lpcxpresso/tools/bin/../lib/gcc/arm-none-eabi/4.5.1/../../../../arm-none-eabi/lib/thumb2/libcr_c.a(_ldexpl.o)
                0x00007bdc                _ldexpl
 .text._Cwritebuf
                0x00007c2c       0x88 /usr/local/lpcxpresso_4.2.0_224/lpcxpresso/tools/bin/../lib/gcc/arm-none-eabi/4.5.1/../../../../arm-none-eabi/lib/thumb2/libcr_c.a(_writebuf.o)
                0x00007c2c                _Cwritebuf
 .text.malloc   0x00007cb4       0xd0 /usr/local/lpcxpresso_4.2.0_224/lpcxpresso/tools/bin/../lib/gcc/arm-none-eabi/4.5.1/../../../../arm-none-eabi/lib/thumb2/libcr_c.a(alloc.o)
                0x00007cb4                malloc
 .text.free     0x00007d84        0xa /usr/local/lpcxpresso_4.2.0_224/lpcxpresso/tools/bin/../lib/gcc/arm-none-eabi/4.5.1/../../../../arm-none-eabi/lib/thumb2/libcr_c.a(alloc.o)
                0x00007d84                free
 *fill*         0x00007d8e        0x2 00
 .text._Csys_alloc
                0x00007d90       0x20 /usr/local/lpcxpresso_4.2.0_224/lpcxpresso/tools/bin/../lib/gcc/arm-none-eabi/4.5.1/../../../../arm-none-eabi/lib/thumb2/libcr_c.a(alloc.o)
                0x00007d90                _Csys_alloc
 .text.fclose   0x00007db0       0x72 /usr/local/lpcxpresso_4.2.0_224/lpcxpresso/tools/bin/../lib/gcc/arm-none-eabi/4.5.1/../../../../arm-none-eabi/lib/thumb2/libcr_c.a(fclose.o)
                0x00007db0                fclose
 *fill*         0x00007e22        0x2 00
 .text.fflush   0x00007e24       0x34 /usr/local/lpcxpresso_4.2.0_224/lpcxpresso/tools/bin/../lib/gcc/arm-none-eabi/4.5.1/../../../../arm-none-eabi/lib/thumb2/libcr_c.a(fflush.o)
                0x00007e24                fflush
 .text.fseek    0x00007e58      0x110 /usr/local/lpcxpresso_4.2.0_224/lpcxpresso/tools/bin/../lib/gcc/arm-none-eabi/4.5.1/../../../../arm-none-eabi/lib/thumb2/libcr_c.a(fseek.o)
                0x00007e58                fseek
 .text.ftell    0x00007f68       0x50 /usr/local/lpcxpresso_4.2.0_224/lpcxpresso/tools/bin/../lib/gcc/arm-none-eabi/4.5.1/../../../../arm-none-eabi/lib/thumb2/libcr_c.a(ftell.o)
                0x00007f68                ftell
 .text.remove   0x00007fb8       0x14 /usr/local/lpcxpresso_4.2.0_224/lpcxpresso/tools/bin/../lib/gcc/arm-none-eabi/4.5.1/../../../../arm-none-eabi/lib/thumb2/libcr_c.a(remove.o)
                0x00007fb8                remove
 .text._do_fflush
                0x00007fcc       0x44 /usr/local/lpcxpresso_4.2.0_224/lpcxpresso/tools/bin/../lib/gcc/arm-none-eabi/4.5.1/../../../../arm-none-eabi/lib/thumb2/libcr_c.a(_do_fflush.o)
                0x00007fcc                _do_fflush
 .text.__aeabi_dmul
                0x00008010      0x128 /usr/local/lpcxpresso_4.2.0_224/lpcxpresso/tools/bin/../lib/gcc/arm-none-eabi/4.5.1/thumb2/libcr_eabihelpers.a(double.o)
                0x00008010                __aeabi_dmul
 .text.__aeabi_ddiv
                0x00008138      0x144 /usr/local/lpcxpresso_4.2.0_224/lpcxpresso/tools/bin/../lib/gcc/arm-none-eabi/4.5.1/thumb2/libcr_eabihelpers.a(double.o)
                0x00008138                __aeabi_ddiv
 .text.__aeabi_dsub
                0x0000827c      0x1d8 /usr/local/lpcxpresso_4.2.0_224/lpcxpresso/tools/bin/../lib/gcc/arm-none-eabi/4.5.1/thumb2/libcr_eabihelpers.a(double.o)
                0x0000827c                __aeabi_dsub
 .text.__aeabi_dadd
                0x00008454      0x13c /usr/local/lpcxpresso_4.2.0_224/lpcxpresso/tools/bin/../lib/gcc/arm-none-eabi/4.5.1/thumb2/libcr_eabihelpers.a(double.o)
                0x00008454                __aeabi_dadd
 .text.__aeabi_d2iz
                0x00008590       0x3e /usr/local/lpcxpresso_4.2.0_224/lpcxpresso/tools/bin/../lib/gcc/arm-none-eabi/4.5.1/thumb2/libcr_eabihelpers.a(double.o)
                0x00008590                __aeabi_d2iz
 .text.__bhs_ui2d
                0x000085ce       0x50 /usr/local/lpcxpresso_4.2.0_224/lpcxpresso/tools/bin/../lib/gcc/arm-none-eabi/4.5.1/thumb2/libcr_eabihelpers.a(double.o)
                0x000085ce                __bhs_ui2d
 .text.__aeabi_i2d
                0x0000861e       0x10 /usr/local/lpcxpresso_4.2.0_224/lpcxpresso/tools/bin/../lib/gcc/arm-none-eabi/4.5.1/thumb2/libcr_eabihelpers.a(double.o)
                0x0000861e                __aeabi_i2d
 .text.__aeabi_dcmpeq
                0x0000862e       0x36 /usr/local/lpcxpresso_4.2.0_224/lpcxpresso/tools/bin/../lib/gcc/arm-none-eabi/4.5.1/thumb2/libcr_eabihelpers.a(double.o)
                0x0000862e                __aeabi_dcmpeq
 .text.__aeabi_dcmplt
                0x00008664       0x5a /usr/local/lpcxpresso_4.2.0_224/lpcxpresso/tools/bin/../lib/gcc/arm-none-eabi/4.5.1/thumb2/libcr_eabihelpers.a(double.o)
                0x00008664                __aeabi_dcmplt
 .text.__aeabi_dcmple
                0x000086be       0x5a /usr/local/lpcxpresso_4.2.0_224/lpcxpresso/tools/bin/../lib/gcc/arm-none-eabi/4.5.1/thumb2/libcr_eabihelpers.a(double.o)
                0x000086be                __aeabi_dcmple
 .text.__aeabi_dcmpge
                0x00008718       0x5a /usr/local/lpcxpresso_4.2.0_224/lpcxpresso/tools/bin/../lib/gcc/arm-none-eabi/4.5.1/thumb2/libcr_eabihelpers.a(double.o)
                0x00008718                __aeabi_dcmpge
 .text.__aeabi_memcpy
                0x00008772       0x26 /usr/local/lpcxpresso_4.2.0_224/lpcxpresso/tools/bin/../lib/gcc/arm-none-eabi/4.5.1/thumb2/libcr_eabihelpers.a(memcpy.o)
                0x00008772                __aeabi_memcpy
                0x00008772                __aeabi_memcpy4
                0x00008772                __aeabi_memcpy8
 .text.__aeabi_memset_lowlevel
                0x00008798       0x24 /usr/local/lpcxpresso_4.2.0_224/lpcxpresso/tools/bin/../lib/gcc/arm-none-eabi/4.5.1/thumb2/libcr_eabihelpers.a(memcpy.o)
                0x00008798                __aeabi_lowlevel_memset
 .text.__sys_appexit
                0x000087bc        0x2 /usr/local/lpcxpresso_4.2.0_224/lpcxpresso/tools/bin/../lib/gcc/arm-none-eabi/4.5.1/../../../../arm-none-eabi/lib/thumb2/libcr_nohost.a(__sys_appexit.o)
                0x000087bc                __exit
                0x000087bc                __sys_appexit
 .text.__sys_close
                0x000087be        0x6 /usr/local/lpcxpresso_4.2.0_224/lpcxpresso/tools/bin/../lib/gcc/arm-none-eabi/4.5.1/../../../../arm-none-eabi/lib/thumb2/libcr_nohost.a(__sys_close.o)
                0x000087be                __sys_close
 .text.__sys_flen
                0x000087c4        0x6 /usr/local/lpcxpresso_4.2.0_224/lpcxpresso/tools/bin/../lib/gcc/arm-none-eabi/4.5.1/../../../../arm-none-eabi/lib/thumb2/libcr_nohost.a(__sys_flen.o)
                0x000087c4                __sys_flen
 .text.__sys_istty
                0x000087ca        0x6 /usr/local/lpcxpresso_4.2.0_224/lpcxpresso/tools/bin/../lib/gcc/arm-none-eabi/4.5.1/../../../../arm-none-eabi/lib/thumb2/libcr_nohost.a(__sys_istty.o)
                0x000087ca                __sys_istty
 .text.__sys_remove
                0x000087d0        0x6 /usr/local/lpcxpresso_4.2.0_224/lpcxpresso/tools/bin/../lib/gcc/arm-none-eabi/4.5.1/../../../../arm-none-eabi/lib/thumb2/libcr_nohost.a(__sys_remove.o)
                0x000087d0                __sys_remove
 .text.__sys_seek
                0x000087d6        0x6 /usr/local/lpcxpresso_4.2.0_224/lpcxpresso/tools/bin/../lib/gcc/arm-none-eabi/4.5.1/../../../../arm-none-eabi/lib/thumb2/libcr_nohost.a(__sys_seek.o)
                0x000087d6                __sys_seek
 .text.__sys_tmpnam
                0x000087dc        0x6 /usr/local/lpcxpresso_4.2.0_224/lpcxpresso/tools/bin/../lib/gcc/arm-none-eabi/4.5.1/../../../../arm-none-eabi/lib/thumb2/libcr_nohost.a(__sys_tmpnam.o)
                0x000087dc                __sys_tmpnam
 .text.__sys_write
                0x000087e2        0x4 /usr/local/lpcxpresso_4.2.0_224/lpcxpresso/tools/bin/../lib/gcc/arm-none-eabi/4.5.1/../../../../arm-none-eabi/lib/thumb2/libcr_nohost.a(__sys_write.o)
                0x000087e2                __write
                0x000087e2                __sys_write
 *fill*         0x000087e6        0x2 00
 .text._sbrk    0x000087e8       0x40 /usr/local/lpcxpresso_4.2.0_224/lpcxpresso/tools/bin/../lib/gcc/arm-none-eabi/4.5.1/../../../../arm-none-eabi/lib/thumb2/libcr_nohost.a(_cr_sbrk.o)
                0x000087e8                _sbrk
 .text.__check_heap_overflow
                0x00008828       0x2c /usr/local/lpcxpresso_4.2.0_224/lpcxpresso/tools/bin/../lib/gcc/arm-none-eabi/4.5.1/../../../../arm-none-eabi/lib/thumb2/libcr_nohost.a(_cr_check_heap.o)
                0x00008828                __check_heap_overflow
 *(.rodata .rodata.*)
 .rodata        0x00008854      0x158 ./uip/uip.o
 .rodata        0x000089ac        0xc ./uip/uip_arp.o
 .rodata        0x000089b8      0x288 ./apps/webserver/http-strings.o
                0x000089b8                http_http
                0x000089c0                http_200
                0x000089c8                http_301
                0x000089d0                http_302
                0x000089d8                http_get
                0x000089e0                http_10
                0x000089ec                http_11
                0x000089f8                http_content_type
                0x00008a08                http_texthtml
                0x00008a14                http_location
                0x00008a20                http_host
                0x00008a28                http_crnl
                0x00008a2c                http_index_html
                0x00008a38                http_404_html
                0x00008a44                http_referer
                0x00008a50                http_header_200
                0x00008aa4                http_header_404
                0x00008b00                http_content_type_plain
                0x00008b20                http_content_type_html
                0x00008b3c                http_content_type_css
                0x00008b58                http_content_type_text
                0x00008b74                http_content_type_png
                0x00008b90                http_content_type_gif
                0x00008bac                http_content_type_jpg
                0x00008bcc                http_content_type_binary
                0x00008bf8                http_html
                0x00008c00                http_shtml
                0x00008c08                http_htm
                0x00008c10                http_css
                0x00008c18                http_png
                0x00008c20                http_gif
                0x00008c28                http_jpg
                0x00008c30                http_text
                0x00008c38                http_txt
 .rodata        0x00008c40      0x110 ./apps/webserver/httpd-cgi.o
 .rodata        0x00008d50     0x174c ./apps/webserver/httpd-fs.o
                0x0000a3d4                file_404_html
                0x0000a3e8                file_fade_png
                0x0000a3fc                file_files_shtml
                0x0000a410                file_footer_html
                0x0000a424                file_header_html
                0x0000a438                file_index_html
                0x0000a44c                file_processes_shtml
                0x0000a460                file_stats_shtml
                0x0000a474                file_style_css
                0x0000a488                file_tcp_shtml
 .rodata        0x0000a49c        0x8 ./apps/dhcpc/dhcpc.o
 .rodata.str1.1
                0x0000a4a4       0x34 /usr/local/lpcxpresso_4.2.0_224/lpcxpresso/tools/bin/../lib/gcc/arm-none-eabi/4.5.1/../../../../arm-none-eabi/lib/thumb2/libcr_c.a(fpprintf.o)
                                 0x35 (size before relaxing)
 .rodata.str1.1
                0x0000a4d8        0x4 /usr/local/lpcxpresso_4.2.0_224/lpcxpresso/tools/bin/../lib/gcc/arm-none-eabi/4.5.1/../../../../arm-none-eabi/lib/thumb2/libcr_c.a(initio.o)
 .rodata.str1.1
                0x0000a4dc       0x31 /usr/local/lpcxpresso_4.2.0_224/lpcxpresso/tools/bin/../lib/gcc/arm-none-eabi/4.5.1/../../../../arm-none-eabi/lib/thumb2/libcr_c.a(printf.o)
                                 0x38 (size before relaxing)
 .rodata.str1.1
                0x0000a50d       0x18 /usr/local/lpcxpresso_4.2.0_224/lpcxpresso/tools/bin/../lib/gcc/arm-none-eabi/4.5.1/../../../../arm-none-eabi/lib/thumb2/libcr_c.a(alloc.o)
 .rodata.__ctype
                0x0000a525      0x180 /usr/local/lpcxpresso_4.2.0_224/lpcxpresso/tools/bin/../lib/gcc/arm-none-eabi/4.5.1/../../../../arm-none-eabi/lib/thumb2/libcr_c.a(ctype.o)
                0x0000a525                __ctype
 *fill*         0x0000a6a5        0x3 00
 .rodata.__huge_vall
                0x0000a6a8        0x8 /usr/local/lpcxpresso_4.2.0_224/lpcxpresso/tools/bin/../lib/gcc/arm-none-eabi/4.5.1/../../../../arm-none-eabi/lib/thumb2/libcr_c.a(_hugeval.o)
                0x0000a6a8                __huge_vall
                0x0000a6b0                . = ALIGN (0x4)

.glue_7         0x0000a6b0        0x0
 .glue_7        0x00000000        0x0 linker stubs

.glue_7t        0x0000a6b0        0x0
 .glue_7t       0x00000000        0x0 linker stubs

.vfp11_veneer   0x0000a6b0        0x0
 .vfp11_veneer  0x00000000        0x0 linker stubs

.v4_bx          0x0000a6b0        0x0
 .v4_bx         0x00000000        0x0 linker stubs

.ARM.extab
 *(.ARM.extab* .gnu.linkonce.armextab.*)
                0x0000a6b0                __exidx_start = .

.ARM.exidx
 *(.ARM.exidx* .gnu.linkonce.armexidx.*)
                0x0000a6b0                __exidx_end = .
                0x0000a6b0                _etext = .

.data_RAM2      0x2007c000        0x0 load address 0x0000a6b0
 FILL mask 0xff
 *(.data.$RAM2*)
 *(.data.$RamAHB32*)
                0x2007c000                . = ALIGN (0x4)

.uninit_RESERVED
 *(.bss.$RESERVED*)

.data           0x10000000       0x40 load address 0x0000a6b0
 FILL mask 0xff
                0x10000000                _data = .
 *(vtable)
 *(.data*)
 .data          0x10000000        0x8 ./main/main.o
                0x10000000                mymac
 .data          0x10000008       0x34 ./apps/webserver/httpd-cgi.o
 .data.SystemCoreClock
                0x1000003c        0x4 /home/fanaur/RepositorioMercurial/trabajoprofesional/Codigo/workspaceLpc/CMSISv2p00_LPC17xx/Debug/libCMSISv2p00_LPC17xx.a(system_LPC17xx.o)
                0x1000003c                SystemCoreClock
                0x10000040                . = ALIGN (0x4)
                0x10000040                _edata = .

.bss_RAM2       0x2007c000        0x0
 *(.bss.$RAM2*)
 *(.bss.$RamAHB32*)
                0x2007c000                . = ALIGN (0x4)

.bss            0x10000040     0x2b28
                0x10000040                _bss = .
 *(.bss*)
 .bss           0x10000040       0x14 ./uip/uip.o
                0x10000040                uip_ethaddr
 .bss           0x10000054       0x68 ./uip/uip_arp.o
 .bss           0x100000bc        0x4 ./main/lpc1700/lpc17xx_systick.o
                0x100000bc                systick_counter
 .bss           0x100000c0       0x14 ./apps/webserver/httpd-fs.o
 .bss           0x100000d4       0x34 ./apps/dhcpc/dhcpc.o
 .bss.errno     0x10000108        0x4 /usr/local/lpcxpresso_4.2.0_224/lpcxpresso/tools/bin/../lib/gcc/arm-none-eabi/4.5.1/../../../../arm-none-eabi/lib/thumb2/libcr_c.a(errno.o)
                0x10000108                errno
 *(COMMON)
 COMMON         0x1000010c     0x2910 ./uip/uip.o
                0x1000010c                uip_len
                0x10000110                uip_sappdata
                0x10000114                uip_acc32
                0x10000118                uip_flags
                0x1000011c                uip_udp_conn
                0x10000120                uip_appdata
                0x10000124                uip_conn
                0x10000128                uip_conns
                0x10002108                uip_listenports
                0x10002158                uip_draddr
                0x1000215c                uip_stat
                0x10002190                uip_netmask
                0x10002194                uip_hostaddr
                0x10002198                uip_buf
                0x1000279a                uip_slen
                0x1000279c                uip_udp_conns
 COMMON         0x10002a1c        0x4 /usr/local/lpcxpresso_4.2.0_224/lpcxpresso/tools/bin/../lib/gcc/arm-none-eabi/4.5.1/../../../../arm-none-eabi/lib/thumb2/libcr_c.a(initio.o)
                0x10002a1c                _extra
 COMMON         0x10002a20      0x140 /usr/local/lpcxpresso_4.2.0_224/lpcxpresso/tools/bin/../lib/gcc/arm-none-eabi/4.5.1/../../../../arm-none-eabi/lib/thumb2/libcr_c.a(stdio.o)
                0x10002a20                __Ciob
 COMMON         0x10002b60        0x8 /usr/local/lpcxpresso_4.2.0_224/lpcxpresso/tools/bin/../lib/gcc/arm-none-eabi/4.5.1/../../../../arm-none-eabi/lib/thumb2/libcr_c.a(__init_alloc.o)
                0x10002b60                __heaps
                0x10002b64                __end_of_heap
                0x10002b68                . = ALIGN (0x4)
                0x10002b68                _ebss = .
                0x10002b68                PROVIDE (end, .)
                0x10002b68                PROVIDE (_pvHeapStart, .)
                0x10008000                PROVIDE (_vStackTop, (__top_RamLoc32 - 0x0))
OUTPUT(uIP_dhcp.axf elf32-littlearm)

.debug_abbrev   0x00000000     0x18c3
 .debug_abbrev  0x00000000      0x1de ./uip/psock.o
 .debug_abbrev  0x000001de       0xb0 ./uip/timer.o
 .debug_abbrev  0x0000028e      0x1a6 ./uip/uip-fw.o
 .debug_abbrev  0x00000434      0x106 ./uip/uip-neighbor.o
 .debug_abbrev  0x0000053a       0xeb ./uip/uip-split.o
 .debug_abbrev  0x00000625      0x239 ./uip/uip.o
 .debug_abbrev  0x0000085e      0x183 ./uip/uip_arp.o
 .debug_abbrev  0x000009e1       0x6c ./uip/uiplib.o
 .debug_abbrev  0x00000a4d      0x10f ./src/cr_startup_lpc176x.o
 .debug_abbrev  0x00000b5c       0x7f ./main/clock-arch.o
 .debug_abbrev  0x00000bdb      0x166 ./main/main.o
 .debug_abbrev  0x00000d41       0xae ./main/tapdev.o
 .debug_abbrev  0x00000def      0x1b9 ./main/lpc1700/lpc17xx_emac.o
 .debug_abbrev  0x00000fa8      0x195 ./main/lpc1700/lpc17xx_systick.o
 .debug_abbrev  0x0000113d       0x4b ./apps/webserver/http-strings.o
 .debug_abbrev  0x00001188      0x179 ./apps/webserver/httpd-cgi.o
 .debug_abbrev  0x00001301      0x145 ./apps/webserver/httpd-fs.o
 .debug_abbrev  0x00001446      0x1c6 ./apps/webserver/httpd.o
 .debug_abbrev  0x0000160c      0x1d4 ./apps/dhcpc/dhcpc.o
 .debug_abbrev  0x000017e0       0xe3 /home/fanaur/RepositorioMercurial/trabajoprofesional/Codigo/workspaceLpc/CMSISv2p00_LPC17xx/Debug/libCMSISv2p00_LPC17xx.a(system_LPC17xx.o)

.debug_info     0x00000000     0x73c7
 .debug_info    0x00000000      0x7d7 ./uip/psock.o
 .debug_info    0x000007d7      0x120 ./uip/timer.o
 .debug_info    0x000008f7      0x675 ./uip/uip-fw.o
 .debug_info    0x00000f6c      0x2cc ./uip/uip-neighbor.o
 .debug_info    0x00001238      0x30e ./uip/uip-split.o
 .debug_info    0x00001546     0x1224 ./uip/uip.o
 .debug_info    0x0000276a      0x4fc ./uip/uip_arp.o
 .debug_info    0x00002c66       0xef ./uip/uiplib.o
 .debug_info    0x00002d55      0x2e3 ./src/cr_startup_lpc176x.o
 .debug_info    0x00003038       0xd0 ./main/clock-arch.o
 .debug_info    0x00003108      0x653 ./main/main.o
 .debug_info    0x0000375b      0x120 ./main/tapdev.o
 .debug_info    0x0000387b      0xadb ./main/lpc1700/lpc17xx_emac.o
 .debug_info    0x00004356      0x5f6 ./main/lpc1700/lpc17xx_systick.o
 .debug_info    0x0000494c      0x446 ./apps/webserver/http-strings.o
 .debug_info    0x00004d92      0xa96 ./apps/webserver/httpd-cgi.o
 .debug_info    0x00005828      0x625 ./apps/webserver/httpd-fs.o
 .debug_info    0x00005e4d      0xa4d ./apps/webserver/httpd.o
 .debug_info    0x0000689a      0x79e ./apps/dhcpc/dhcpc.o
 .debug_info    0x00007038      0x38f /home/fanaur/RepositorioMercurial/trabajoprofesional/Codigo/workspaceLpc/CMSISv2p00_LPC17xx/Debug/libCMSISv2p00_LPC17xx.a(system_LPC17xx.o)

.debug_line     0x00000000     0x6ed8
 .debug_line    0x00000000      0x707 ./uip/psock.o
 .debug_line    0x00000707       0xf5 ./uip/timer.o
 .debug_line    0x000007fc      0x6d3 ./uip/uip-fw.o
 .debug_line    0x00000ecf      0x623 ./uip/uip-neighbor.o
 .debug_line    0x000014f2      0x5a9 ./uip/uip-split.o
 .debug_line    0x00001a9b      0xb76 ./uip/uip.o
 .debug_line    0x00002611      0x693 ./uip/uip_arp.o
 .debug_line    0x00002ca4      0x575 ./uip/uiplib.o
 .debug_line    0x00003219      0x3fc ./src/cr_startup_lpc176x.o
 .debug_line    0x00003615       0xea ./main/clock-arch.o
 .debug_line    0x000036ff      0x785 ./main/main.o
 .debug_line    0x00003e84      0x488 ./main/tapdev.o
 .debug_line    0x0000430c      0x7ac ./main/lpc1700/lpc17xx_emac.o
 .debug_line    0x00004ab8      0x44a ./main/lpc1700/lpc17xx_systick.o
 .debug_line    0x00004f02       0x41 ./apps/webserver/http-strings.o
 .debug_line    0x00004f43      0x6b8 ./apps/webserver/httpd-cgi.o
 .debug_line    0x000055fb      0x5e0 ./apps/webserver/httpd-fs.o
 .debug_line    0x00005bdb      0x7e9 ./apps/webserver/httpd.o
 .debug_line    0x000063c4      0x72d ./apps/dhcpc/dhcpc.o
 .debug_line    0x00006af1      0x3e7 /home/fanaur/RepositorioMercurial/trabajoprofesional/Codigo/workspaceLpc/CMSISv2p00_LPC17xx/Debug/libCMSISv2p00_LPC17xx.a(system_LPC17xx.o)

.debug_macinfo  0x00000000    0x6e6d8
 .debug_macinfo
                0x00000000     0x536b ./uip/psock.o
 .debug_macinfo
                0x0000536b     0x1737 ./uip/timer.o
 .debug_macinfo
                0x00006aa2     0x533c ./uip/uip-fw.o
 .debug_macinfo
                0x0000bdde     0x505a ./uip/uip-neighbor.o
 .debug_macinfo
                0x00010e38     0x52e4 ./uip/uip-split.o
 .debug_macinfo
                0x0001611c     0x5587 ./uip/uip.o
 .debug_macinfo
                0x0001b6a3     0x521c ./uip/uip_arp.o
 .debug_macinfo
                0x000208bf     0x4ff3 ./uip/uiplib.o
 .debug_macinfo
                0x000258b2     0x315c ./src/cr_startup_lpc176x.o
 .debug_macinfo
                0x00028a0e     0x1b53 ./main/clock-arch.o
 .debug_macinfo
                0x0002a561     0xb738 ./main/main.o
 .debug_macinfo
                0x00035c99     0x9379 ./main/tapdev.o
 .debug_macinfo
                0x0003f012     0xa231 ./main/lpc1700/lpc17xx_emac.o
 .debug_macinfo
                0x00049243     0x7aaa ./main/lpc1700/lpc17xx_systick.o
 .debug_macinfo
                0x00050ced     0x16c0 ./apps/webserver/http-strings.o
 .debug_macinfo
                0x000523ad     0x5355 ./apps/webserver/httpd-cgi.o
 .debug_macinfo
                0x00057702     0x503e ./apps/webserver/httpd-fs.o
 .debug_macinfo
                0x0005c740     0x5179 ./apps/webserver/httpd.o
 .debug_macinfo
                0x000618b9     0x54f4 ./apps/dhcpc/dhcpc.o
 .debug_macinfo
                0x00066dad     0x792b /home/fanaur/RepositorioMercurial/trabajoprofesional/Codigo/workspaceLpc/CMSISv2p00_LPC17xx/Debug/libCMSISv2p00_LPC17xx.a(system_LPC17xx.o)

.debug_loc      0x00000000     0x19b1
 .debug_loc     0x00000000      0x288 ./uip/psock.o
 .debug_loc     0x00000288       0xe0 ./uip/timer.o
 .debug_loc     0x00000368      0x230 ./uip/uip-fw.o
 .debug_loc     0x00000598      0x150 ./uip/uip-neighbor.o
 .debug_loc     0x000006e8       0x38 ./uip/uip-split.o
 .debug_loc     0x00000720      0x394 ./uip/uip.o
 .debug_loc     0x00000ab4      0x100 ./uip/uip_arp.o
 .debug_loc     0x00000bb4       0x38 ./uip/uiplib.o
 .debug_loc     0x00000bec      0x1b8 ./src/cr_startup_lpc176x.o
 .debug_loc     0x00000da4       0x58 ./main/clock-arch.o
 .debug_loc     0x00000dfc       0x70 ./main/main.o
 .debug_loc     0x00000e6c       0x9c ./main/tapdev.o
 .debug_loc     0x00000f08      0x188 ./main/lpc1700/lpc17xx_emac.o
 .debug_loc     0x00001090       0xd4 ./main/lpc1700/lpc17xx_systick.o
 .debug_loc     0x00001164      0x1c1 ./apps/webserver/httpd-cgi.o
 .debug_loc     0x00001325       0xe0 ./apps/webserver/httpd-fs.o
 .debug_loc     0x00001405      0x25c ./apps/webserver/httpd.o
 .debug_loc     0x00001661      0x330 ./apps/dhcpc/dhcpc.o
 .debug_loc     0x00001991       0x20 /home/fanaur/RepositorioMercurial/trabajoprofesional/Codigo/workspaceLpc/CMSISv2p00_LPC17xx/Debug/libCMSISv2p00_LPC17xx.a(system_LPC17xx.o)

.debug_pubnames
                0x00000000      0xb63
 .debug_pubnames
                0x00000000       0x90 ./uip/psock.o
 .debug_pubnames
                0x00000090       0x54 ./uip/timer.o
 .debug_pubnames
                0x000000e4       0x82 ./uip/uip-fw.o
 .debug_pubnames
                0x00000166       0x87 ./uip/uip-neighbor.o
 .debug_pubnames
                0x000001ed       0x27 ./uip/uip-split.o
 .debug_pubnames
                0x00000214      0x1e9 ./uip/uip.o
 .debug_pubnames
                0x000003fd       0x57 ./uip/uip_arp.o
 .debug_pubnames
                0x00000454       0x28 ./uip/uiplib.o
 .debug_pubnames
                0x0000047c      0x118 ./src/cr_startup_lpc176x.o
 .debug_pubnames
                0x00000594       0x30 ./main/clock-arch.o
 .debug_pubnames
                0x000005c4       0x4b ./main/main.o
 .debug_pubnames
                0x0000060f       0x42 ./main/tapdev.o
 .debug_pubnames
                0x00000651       0x48 ./main/lpc1700/lpc17xx_emac.o
 .debug_pubnames
                0x00000699       0x49 ./main/lpc1700/lpc17xx_systick.o
 .debug_pubnames
                0x000006e2      0x271 ./apps/webserver/http-strings.o
 .debug_pubnames
                0x00000953       0x20 ./apps/webserver/httpd-cgi.o
 .debug_pubnames
                0x00000973      0x114 ./apps/webserver/httpd-fs.o
 .debug_pubnames
                0x00000a87       0x33 ./apps/webserver/httpd.o
 .debug_pubnames
                0x00000aba       0x5a ./apps/dhcpc/dhcpc.o
 .debug_pubnames
                0x00000b14       0x4f /home/fanaur/RepositorioMercurial/trabajoprofesional/Codigo/workspaceLpc/CMSISv2p00_LPC17xx/Debug/libCMSISv2p00_LPC17xx.a(system_LPC17xx.o)

.debug_pubtypes
                0x00000000      0xadf
 .debug_pubtypes
                0x00000000       0xcf ./uip/psock.o
 .debug_pubtypes
                0x000000cf       0x2d ./uip/timer.o
 .debug_pubtypes
                0x000000fc       0xa1 ./uip/uip-fw.o
 .debug_pubtypes
                0x0000019d       0x9b ./uip/uip-neighbor.o
 .debug_pubtypes
                0x00000238       0x50 ./uip/uip-split.o
 .debug_pubtypes
                0x00000288      0x188 ./uip/uip.o
 .debug_pubtypes
                0x00000410       0xaa ./uip/uip_arp.o
 .debug_pubtypes
                0x000004ba       0x12 ./uip/uiplib.o
 .debug_pubtypes
                0x000004cc       0x12 ./src/cr_startup_lpc176x.o
 .debug_pubtypes
                0x000004de       0x2e ./main/clock-arch.o
 .debug_pubtypes
                0x0000050c      0x117 ./main/main.o
 .debug_pubtypes
                0x00000623       0x1e ./main/tapdev.o
 .debug_pubtypes
                0x00000641       0xa1 ./main/lpc1700/lpc17xx_emac.o
 .debug_pubtypes
                0x000006e2       0x85 ./main/lpc1700/lpc17xx_systick.o
 .debug_pubtypes
                0x00000767      0x116 ./apps/webserver/httpd-cgi.o
 .debug_pubtypes
                0x0000087d       0x84 ./apps/webserver/httpd-fs.o
 .debug_pubtypes
                0x00000901       0xcf ./apps/webserver/httpd.o
 .debug_pubtypes
                0x000009d0       0xd1 ./apps/dhcpc/dhcpc.o
 .debug_pubtypes
                0x00000aa1       0x3e /home/fanaur/RepositorioMercurial/trabajoprofesional/Codigo/workspaceLpc/CMSISv2p00_LPC17xx/Debug/libCMSISv2p00_LPC17xx.a(system_LPC17xx.o)

.debug_aranges  0x00000000      0x5c0
 .debug_aranges
                0x00000000       0x78 ./uip/psock.o
 .debug_aranges
                0x00000078       0x38 ./uip/timer.o
 .debug_aranges
                0x000000b0       0x68 ./uip/uip-fw.o
 .debug_aranges
                0x00000118       0x48 ./uip/uip-neighbor.o
 .debug_aranges
                0x00000160       0x20 ./uip/uip-split.o
 .debug_aranges
                0x00000180       0xa0 ./uip/uip.o
 .debug_aranges
                0x00000220       0x40 ./uip/uip_arp.o
 .debug_aranges
                0x00000260       0x20 ./uip/uiplib.o
 .debug_aranges
                0x00000280       0x80 ./src/cr_startup_lpc176x.o
 .debug_aranges
                0x00000300       0x28 ./main/clock-arch.o
 .debug_aranges
                0x00000328       0x28 ./main/main.o
 .debug_aranges
                0x00000350       0x30 ./main/tapdev.o
 .debug_aranges
                0x00000380       0x50 ./main/lpc1700/lpc17xx_emac.o
 .debug_aranges
                0x000003d0       0x38 ./main/lpc1700/lpc17xx_systick.o
 .debug_aranges
                0x00000408       0x58 ./apps/webserver/httpd-cgi.o
 .debug_aranges
                0x00000460       0x38 ./apps/webserver/httpd-fs.o
 .debug_aranges
                0x00000498       0x70 ./apps/webserver/httpd.o
 .debug_aranges
                0x00000508       0x90 ./apps/dhcpc/dhcpc.o
 .debug_aranges
                0x00000598       0x28 /home/fanaur/RepositorioMercurial/trabajoprofesional/Codigo/workspaceLpc/CMSISv2p00_LPC17xx/Debug/libCMSISv2p00_LPC17xx.a(system_LPC17xx.o)

.debug_ranges   0x00000000      0x490
 .debug_ranges  0x00000000       0x68 ./uip/psock.o
 .debug_ranges  0x00000068       0x28 ./uip/timer.o
 .debug_ranges  0x00000090       0x58 ./uip/uip-fw.o
 .debug_ranges  0x000000e8       0x38 ./uip/uip-neighbor.o
 .debug_ranges  0x00000120       0x10 ./uip/uip-split.o
 .debug_ranges  0x00000130       0x90 ./uip/uip.o
 .debug_ranges  0x000001c0       0x30 ./uip/uip_arp.o
 .debug_ranges  0x000001f0       0x10 ./uip/uiplib.o
 .debug_ranges  0x00000200       0x70 ./src/cr_startup_lpc176x.o
 .debug_ranges  0x00000270       0x18 ./main/clock-arch.o
 .debug_ranges  0x00000288       0x18 ./main/main.o
 .debug_ranges  0x000002a0       0x20 ./main/tapdev.o
 .debug_ranges  0x000002c0       0x40 ./main/lpc1700/lpc17xx_emac.o
 .debug_ranges  0x00000300       0x28 ./main/lpc1700/lpc17xx_systick.o
 .debug_ranges  0x00000328       0x48 ./apps/webserver/httpd-cgi.o
 .debug_ranges  0x00000370       0x28 ./apps/webserver/httpd-fs.o
 .debug_ranges  0x00000398       0x60 ./apps/webserver/httpd.o
 .debug_ranges  0x000003f8       0x80 ./apps/dhcpc/dhcpc.o
 .debug_ranges  0x00000478       0x18 /home/fanaur/RepositorioMercurial/trabajoprofesional/Codigo/workspaceLpc/CMSISv2p00_LPC17xx/Debug/libCMSISv2p00_LPC17xx.a(system_LPC17xx.o)

.debug_str      0x00000000     0x1c1a
 .debug_str     0x00000000      0x2f8 ./uip/psock.o
                                0x35d (size before relaxing)
 .debug_str     0x000002f8       0x57 ./uip/timer.o
                                 0xd4 (size before relaxing)
 .debug_str     0x0000034f      0x181 ./uip/uip-fw.o
                                0x308 (size before relaxing)
 .debug_str     0x000004d0       0xc4 ./uip/uip-neighbor.o
                                0x1f5 (size before relaxing)
 .debug_str     0x00000594       0x5a ./uip/uip-split.o
                                0x1ea (size before relaxing)
 .debug_str     0x000005ee      0x366 ./uip/uip.o
                                0x71b (size before relaxing)
 .debug_str     0x00000954      0x10d ./uip/uip_arp.o
                                0x2d4 (size before relaxing)
 .debug_str     0x00000a61       0x2a ./uip/uiplib.o
                                0x113 (size before relaxing)
 .debug_str     0x00000a8b      0x17a ./src/cr_startup_lpc176x.o
                                0x25d (size before relaxing)
 .debug_str     0x00000c05       0x42 ./main/clock-arch.o
                                0x121 (size before relaxing)
 .debug_str     0x00000c47       0x50 ./main/main.o
                                0x330 (size before relaxing)
 .debug_str     0x00000c97       0x3d ./main/tapdev.o
                                0x139 (size before relaxing)
 .debug_str     0x00000cd4      0x4de ./main/lpc1700/lpc17xx_emac.o
                                0x5f6 (size before relaxing)
 .debug_str     0x000011b2      0x30b ./main/lpc1700/lpc17xx_systick.o
                                0x477 (size before relaxing)
 .debug_str     0x000014bd      0x1f8 ./apps/webserver/http-strings.o
                                0x26e (size before relaxing)
 .debug_str     0x000016b5       0xf3 ./apps/webserver/httpd-cgi.o
                                0x428 (size before relaxing)
 .debug_str     0x000017a8      0x1d4 ./apps/webserver/httpd-fs.o
                                0x2ff (size before relaxing)
 .debug_str     0x0000197c       0xc8 ./apps/webserver/httpd.o
                                0x45d (size before relaxing)
 .debug_str     0x00001a44      0x13b ./apps/dhcpc/dhcpc.o
                                0x3a8 (size before relaxing)
 .debug_str     0x00001b7f       0x9b /home/fanaur/RepositorioMercurial/trabajoprofesional/Codigo/workspaceLpc/CMSISv2p00_LPC17xx/Debug/libCMSISv2p00_LPC17xx.a(system_LPC17xx.o)
                                0x298 (size before relaxing)

.comment        0x00000000      0x284
 .comment       0x00000000       0x2a ./uip/psock.o
                                 0x2b (size before relaxing)
 .comment       0x00000000       0x2b ./uip/timer.o
 .comment       0x00000000       0x2b ./uip/uip-fw.o
 .comment       0x00000000       0x2b ./uip/uip-neighbor.o
 .comment       0x00000000       0x2b ./uip/uip-split.o
 .comment       0x00000000       0x2b ./uip/uip.o
 .comment       0x00000000       0x2b ./uip/uip_arp.o
 .comment       0x00000000       0x2b ./uip/uiplib.o
 .comment       0x00000000       0x2b ./src/cr_startup_lpc176x.o
 .comment       0x00000000       0x2b ./main/clock-arch.o
 .comment       0x00000000       0x2b ./main/main.o
 .comment       0x00000000       0x2b ./main/tapdev.o
 .comment       0x00000000       0x2b ./main/lpc1700/lpc17xx_emac.o
 .comment       0x00000000       0x2b ./main/lpc1700/lpc17xx_systick.o
 .comment       0x00000000       0x2b ./apps/webserver/http-strings.o
 .comment       0x00000000       0x2b ./apps/webserver/httpd-cgi.o
 .comment       0x00000000       0x2b ./apps/webserver/httpd-fs.o
 .comment       0x00000000       0x2b ./apps/webserver/httpd.o
 .comment       0x00000000       0x2b ./apps/dhcpc/dhcpc.o
 .comment       0x00000000       0x2b /home/fanaur/RepositorioMercurial/trabajoprofesional/Codigo/workspaceLpc/CMSISv2p00_LPC17xx/Debug/libCMSISv2p00_LPC17xx.a(system_LPC17xx.o)
 .comment       0x0000002a       0x2b /usr/local/lpcxpresso_4.2.0_224/lpcxpresso/tools/bin/../lib/gcc/arm-none-eabi/4.5.1/../../../../arm-none-eabi/lib/thumb2/libcr_nohost.a(_cr__main.o)
 .comment       0x00000000       0x2b /usr/local/lpcxpresso_4.2.0_224/lpcxpresso/tools/bin/../lib/gcc/arm-none-eabi/4.5.1/../../../../arm-none-eabi/lib/thumb2/libcr_c.a(fpprintf.o)
 .comment       0x00000000       0x2b /usr/local/lpcxpresso_4.2.0_224/lpcxpresso/tools/bin/../lib/gcc/arm-none-eabi/4.5.1/../../../../arm-none-eabi/lib/thumb2/libcr_c.a(initio.o)
 .comment       0x00000000       0x2b /usr/local/lpcxpresso_4.2.0_224/lpcxpresso/tools/bin/../lib/gcc/arm-none-eabi/4.5.1/../../../../arm-none-eabi/lib/thumb2/libcr_c.a(memcmp.o)
 .comment       0x00000000       0x2b /usr/local/lpcxpresso_4.2.0_224/lpcxpresso/tools/bin/../lib/gcc/arm-none-eabi/4.5.1/../../../../arm-none-eabi/lib/thumb2/libcr_c.a(printf.o)
 .comment       0x00000000       0x2b /usr/local/lpcxpresso_4.2.0_224/lpcxpresso/tools/bin/../lib/gcc/arm-none-eabi/4.5.1/../../../../arm-none-eabi/lib/thumb2/libcr_c.a(setvbuf.o)
 .comment       0x00000000       0x2b /usr/local/lpcxpresso_4.2.0_224/lpcxpresso/tools/bin/../lib/gcc/arm-none-eabi/4.5.1/../../../../arm-none-eabi/lib/thumb2/libcr_c.a(stdio.o)
 .comment       0x00000000       0x2b /usr/local/lpcxpresso_4.2.0_224/lpcxpresso/tools/bin/../lib/gcc/arm-none-eabi/4.5.1/../../../../arm-none-eabi/lib/thumb2/libcr_c.a(strchr.o)
 .comment       0x00000000       0x2b /usr/local/lpcxpresso_4.2.0_224/lpcxpresso/tools/bin/../lib/gcc/arm-none-eabi/4.5.1/../../../../arm-none-eabi/lib/thumb2/libcr_c.a(strcpy.o)
 .comment       0x00000000       0x2b /usr/local/lpcxpresso_4.2.0_224/lpcxpresso/tools/bin/../lib/gcc/arm-none-eabi/4.5.1/../../../../arm-none-eabi/lib/thumb2/libcr_c.a(strlen.o)
 .comment       0x00000000       0x2b /usr/local/lpcxpresso_4.2.0_224/lpcxpresso/tools/bin/../lib/gcc/arm-none-eabi/4.5.1/../../../../arm-none-eabi/lib/thumb2/libcr_c.a(strncmp.o)
 .comment       0x00000000       0x2b /usr/local/lpcxpresso_4.2.0_224/lpcxpresso/tools/bin/../lib/gcc/arm-none-eabi/4.5.1/../../../../arm-none-eabi/lib/thumb2/libcr_c.a(strncpy.o)
 .comment       0x00000000       0x2b /usr/local/lpcxpresso_4.2.0_224/lpcxpresso/tools/bin/../lib/gcc/arm-none-eabi/4.5.1/../../../../arm-none-eabi/lib/thumb2/libcr_c.a(strrchr.o)
 .comment       0x00000000       0x2b /usr/local/lpcxpresso_4.2.0_224/lpcxpresso/tools/bin/../lib/gcc/arm-none-eabi/4.5.1/../../../../arm-none-eabi/lib/thumb2/libcr_c.a(memcpy.o)
 .comment       0x00000000       0x2b /usr/local/lpcxpresso_4.2.0_224/lpcxpresso/tools/bin/../lib/gcc/arm-none-eabi/4.5.1/../../../../arm-none-eabi/lib/thumb2/libcr_c.a(memset.o)
 .comment       0x00000000       0x2b /usr/local/lpcxpresso_4.2.0_224/lpcxpresso/tools/bin/../lib/gcc/arm-none-eabi/4.5.1/../../../../arm-none-eabi/lib/thumb2/libcr_c.a(__fillbuf.o)
 .comment       0x00000000       0x2b /usr/local/lpcxpresso_4.2.0_224/lpcxpresso/tools/bin/../lib/gcc/arm-none-eabi/4.5.1/../../../../arm-none-eabi/lib/thumb2/libcr_c.a(_deferredlazyseek.o)
 .comment       0x00000000       0x2b /usr/local/lpcxpresso_4.2.0_224/lpcxpresso/tools/bin/../lib/gcc/arm-none-eabi/4.5.1/../../../../arm-none-eabi/lib/thumb2/libcr_c.a(_fdopen.o)
 .comment       0x00000000       0x2b /usr/local/lpcxpresso_4.2.0_224/lpcxpresso/tools/bin/../lib/gcc/arm-none-eabi/4.5.1/../../../../arm-none-eabi/lib/thumb2/libcr_c.a(_fflush.o)
 .comment       0x00000000       0x2b /usr/local/lpcxpresso_4.2.0_224/lpcxpresso/tools/bin/../lib/gcc/arm-none-eabi/4.5.1/../../../../arm-none-eabi/lib/thumb2/libcr_c.a(_frexpl.o)
 .comment       0x00000000       0x2b /usr/local/lpcxpresso_4.2.0_224/lpcxpresso/tools/bin/../lib/gcc/arm-none-eabi/4.5.1/../../../../arm-none-eabi/lib/thumb2/libcr_c.a(_ldexpl.o)
 .comment       0x00000000       0x2b /usr/local/lpcxpresso_4.2.0_224/lpcxpresso/tools/bin/../lib/gcc/arm-none-eabi/4.5.1/../../../../arm-none-eabi/lib/thumb2/libcr_c.a(_writebuf.o)
 .comment       0x00000000       0x2b /usr/local/lpcxpresso_4.2.0_224/lpcxpresso/tools/bin/../lib/gcc/arm-none-eabi/4.5.1/../../../../arm-none-eabi/lib/thumb2/libcr_c.a(alloc.o)
 .comment       0x00000000       0x2b /usr/local/lpcxpresso_4.2.0_224/lpcxpresso/tools/bin/../lib/gcc/arm-none-eabi/4.5.1/../../../../arm-none-eabi/lib/thumb2/libcr_c.a(ctype.o)
 .comment       0x00000000       0x2b /usr/local/lpcxpresso_4.2.0_224/lpcxpresso/tools/bin/../lib/gcc/arm-none-eabi/4.5.1/../../../../arm-none-eabi/lib/thumb2/libcr_c.a(errno.o)
 .comment       0x00000000       0x2b /usr/local/lpcxpresso_4.2.0_224/lpcxpresso/tools/bin/../lib/gcc/arm-none-eabi/4.5.1/../../../../arm-none-eabi/lib/thumb2/libcr_c.a(fclose.o)
 .comment       0x00000000       0x2b /usr/local/lpcxpresso_4.2.0_224/lpcxpresso/tools/bin/../lib/gcc/arm-none-eabi/4.5.1/../../../../arm-none-eabi/lib/thumb2/libcr_c.a(fflush.o)
 .comment       0x00000000       0x2b /usr/local/lpcxpresso_4.2.0_224/lpcxpresso/tools/bin/../lib/gcc/arm-none-eabi/4.5.1/../../../../arm-none-eabi/lib/thumb2/libcr_c.a(fseek.o)
 .comment       0x00000000       0x2b /usr/local/lpcxpresso_4.2.0_224/lpcxpresso/tools/bin/../lib/gcc/arm-none-eabi/4.5.1/../../../../arm-none-eabi/lib/thumb2/libcr_c.a(ftell.o)
 .comment       0x00000000       0x2b /usr/local/lpcxpresso_4.2.0_224/lpcxpresso/tools/bin/../lib/gcc/arm-none-eabi/4.5.1/../../../../arm-none-eabi/lib/thumb2/libcr_c.a(remove.o)
 .comment       0x00000000       0x2b /usr/local/lpcxpresso_4.2.0_224/lpcxpresso/tools/bin/../lib/gcc/arm-none-eabi/4.5.1/../../../../arm-none-eabi/lib/thumb2/libcr_c.a(__init_alloc.o)
 .comment       0x00000000       0x2b /usr/local/lpcxpresso_4.2.0_224/lpcxpresso/tools/bin/../lib/gcc/arm-none-eabi/4.5.1/../../../../arm-none-eabi/lib/thumb2/libcr_c.a(_do_fflush.o)
 .comment       0x00000000       0x2b /usr/local/lpcxpresso_4.2.0_224/lpcxpresso/tools/bin/../lib/gcc/arm-none-eabi/4.5.1/../../../../arm-none-eabi/lib/thumb2/libcr_c.a(_hugeval.o)
 .comment       0x00000000       0x2b /usr/local/lpcxpresso_4.2.0_224/lpcxpresso/tools/bin/../lib/gcc/arm-none-eabi/4.5.1/thumb2/libcr_eabihelpers.a(double.o)
 .comment       0x00000055       0x2b /usr/local/lpcxpresso_4.2.0_224/lpcxpresso/tools/bin/../lib/gcc/arm-none-eabi/4.5.1/../../../../arm-none-eabi/lib/thumb2/libcr_nohost.a(__sys_appexit.o)
 .comment       0x00000080       0x2b /usr/local/lpcxpresso_4.2.0_224/lpcxpresso/tools/bin/../lib/gcc/arm-none-eabi/4.5.1/../../../../arm-none-eabi/lib/thumb2/libcr_nohost.a(__sys_close.o)
 .comment       0x000000ab       0x2b /usr/local/lpcxpresso_4.2.0_224/lpcxpresso/tools/bin/../lib/gcc/arm-none-eabi/4.5.1/../../../../arm-none-eabi/lib/thumb2/libcr_nohost.a(__sys_flen.o)
 .comment       0x000000d6       0x2b /usr/local/lpcxpresso_4.2.0_224/lpcxpresso/tools/bin/../lib/gcc/arm-none-eabi/4.5.1/../../../../arm-none-eabi/lib/thumb2/libcr_nohost.a(__sys_istty.o)
 .comment       0x00000101       0x2b /usr/local/lpcxpresso_4.2.0_224/lpcxpresso/tools/bin/../lib/gcc/arm-none-eabi/4.5.1/../../../../arm-none-eabi/lib/thumb2/libcr_nohost.a(__sys_read.o)
 .comment       0x0000012c       0x2b /usr/local/lpcxpresso_4.2.0_224/lpcxpresso/tools/bin/../lib/gcc/arm-none-eabi/4.5.1/../../../../arm-none-eabi/lib/thumb2/libcr_nohost.a(__sys_readc.o)
 .comment       0x00000157       0x2b /usr/local/lpcxpresso_4.2.0_224/lpcxpresso/tools/bin/../lib/gcc/arm-none-eabi/4.5.1/../../../../arm-none-eabi/lib/thumb2/libcr_nohost.a(__sys_remove.o)
 .comment       0x00000182       0x2b /usr/local/lpcxpresso_4.2.0_224/lpcxpresso/tools/bin/../lib/gcc/arm-none-eabi/4.5.1/../../../../arm-none-eabi/lib/thumb2/libcr_nohost.a(__sys_rename.o)
 .comment       0x000001ad       0x2b /usr/local/lpcxpresso_4.2.0_224/lpcxpresso/tools/bin/../lib/gcc/arm-none-eabi/4.5.1/../../../../arm-none-eabi/lib/thumb2/libcr_nohost.a(__sys_seek.o)
 .comment       0x000001d8       0x2b /usr/local/lpcxpresso_4.2.0_224/lpcxpresso/tools/bin/../lib/gcc/arm-none-eabi/4.5.1/../../../../arm-none-eabi/lib/thumb2/libcr_nohost.a(__sys_tmpnam.o)
 .comment       0x00000203       0x2b /usr/local/lpcxpresso_4.2.0_224/lpcxpresso/tools/bin/../lib/gcc/arm-none-eabi/4.5.1/../../../../arm-none-eabi/lib/thumb2/libcr_nohost.a(__sys_write.o)
 .comment       0x0000022e       0x2b /usr/local/lpcxpresso_4.2.0_224/lpcxpresso/tools/bin/../lib/gcc/arm-none-eabi/4.5.1/../../../../arm-none-eabi/lib/thumb2/libcr_nohost.a(_cr_sbrk.o)
 .comment       0x00000259       0x2b /usr/local/lpcxpresso_4.2.0_224/lpcxpresso/tools/bin/../lib/gcc/arm-none-eabi/4.5.1/../../../../arm-none-eabi/lib/thumb2/libcr_nohost.a(_cr_check_heap.o)

.ARM.attributes
                0x00000000       0x2f
 .ARM.attributes
                0x00000000       0x31 ./uip/psock.o
 .ARM.attributes
                0x00000031       0x31 ./uip/timer.o
 .ARM.attributes
                0x00000062       0x31 ./uip/uip-fw.o
 .ARM.attributes
                0x00000093       0x31 ./uip/uip-neighbor.o
 .ARM.attributes
                0x000000c4       0x31 ./uip/uip-split.o
 .ARM.attributes
                0x000000f5       0x31 ./uip/uip.o
 .ARM.attributes
                0x00000126       0x31 ./uip/uip_arp.o
 .ARM.attributes
                0x00000157       0x31 ./uip/uiplib.o
 .ARM.attributes
                0x00000188       0x31 ./src/cr_startup_lpc176x.o
 .ARM.attributes
                0x000001b9       0x31 ./main/clock-arch.o
 .ARM.attributes
                0x000001ea       0x31 ./main/main.o
 .ARM.attributes
                0x0000021b       0x31 ./main/tapdev.o
 .ARM.attributes
                0x0000024c       0x31 ./main/lpc1700/lpc17xx_emac.o
 .ARM.attributes
                0x0000027d       0x31 ./main/lpc1700/lpc17xx_systick.o
 .ARM.attributes
                0x000002ae       0x31 ./apps/webserver/http-strings.o
 .ARM.attributes
                0x000002df       0x31 ./apps/webserver/httpd-cgi.o
 .ARM.attributes
                0x00000310       0x31 ./apps/webserver/httpd-fs.o
 .ARM.attributes
                0x00000341       0x31 ./apps/webserver/httpd.o
 .ARM.attributes
                0x00000372       0x31 ./apps/dhcpc/dhcpc.o
 .ARM.attributes
                0x000003a3       0x31 /home/fanaur/RepositorioMercurial/trabajoprofesional/Codigo/workspaceLpc/CMSISv2p00_LPC17xx/Debug/libCMSISv2p00_LPC17xx.a(system_LPC17xx.o)
 .ARM.attributes
                0x000003d4       0x31 /usr/local/lpcxpresso_4.2.0_224/lpcxpresso/tools/bin/../lib/gcc/arm-none-eabi/4.5.1/../../../../arm-none-eabi/lib/thumb2/libcr_nohost.a(_cr__main.o)
 .ARM.attributes
                0x00000405       0x31 /usr/local/lpcxpresso_4.2.0_224/lpcxpresso/tools/bin/../lib/gcc/arm-none-eabi/4.5.1/../../../../arm-none-eabi/lib/thumb2/libcr_c.a(fpprintf.o)
 .ARM.attributes
                0x00000436       0x31 /usr/local/lpcxpresso_4.2.0_224/lpcxpresso/tools/bin/../lib/gcc/arm-none-eabi/4.5.1/../../../../arm-none-eabi/lib/thumb2/libcr_c.a(initio.o)
 .ARM.attributes
                0x00000467       0x31 /usr/local/lpcxpresso_4.2.0_224/lpcxpresso/tools/bin/../lib/gcc/arm-none-eabi/4.5.1/../../../../arm-none-eabi/lib/thumb2/libcr_c.a(memcmp.o)
 .ARM.attributes
                0x00000498       0x31 /usr/local/lpcxpresso_4.2.0_224/lpcxpresso/tools/bin/../lib/gcc/arm-none-eabi/4.5.1/../../../../arm-none-eabi/lib/thumb2/libcr_c.a(printf.o)
 .ARM.attributes
                0x000004c9       0x31 /usr/local/lpcxpresso_4.2.0_224/lpcxpresso/tools/bin/../lib/gcc/arm-none-eabi/4.5.1/../../../../arm-none-eabi/lib/thumb2/libcr_c.a(setvbuf.o)
 .ARM.attributes
                0x000004fa       0x31 /usr/local/lpcxpresso_4.2.0_224/lpcxpresso/tools/bin/../lib/gcc/arm-none-eabi/4.5.1/../../../../arm-none-eabi/lib/thumb2/libcr_c.a(stdio.o)
 .ARM.attributes
                0x0000052b       0x31 /usr/local/lpcxpresso_4.2.0_224/lpcxpresso/tools/bin/../lib/gcc/arm-none-eabi/4.5.1/../../../../arm-none-eabi/lib/thumb2/libcr_c.a(strchr.o)
 .ARM.attributes
                0x0000055c       0x31 /usr/local/lpcxpresso_4.2.0_224/lpcxpresso/tools/bin/../lib/gcc/arm-none-eabi/4.5.1/../../../../arm-none-eabi/lib/thumb2/libcr_c.a(strcpy.o)
 .ARM.attributes
                0x0000058d       0x31 /usr/local/lpcxpresso_4.2.0_224/lpcxpresso/tools/bin/../lib/gcc/arm-none-eabi/4.5.1/../../../../arm-none-eabi/lib/thumb2/libcr_c.a(strlen.o)
 .ARM.attributes
                0x000005be       0x31 /usr/local/lpcxpresso_4.2.0_224/lpcxpresso/tools/bin/../lib/gcc/arm-none-eabi/4.5.1/../../../../arm-none-eabi/lib/thumb2/libcr_c.a(strncmp.o)
 .ARM.attributes
                0x000005ef       0x31 /usr/local/lpcxpresso_4.2.0_224/lpcxpresso/tools/bin/../lib/gcc/arm-none-eabi/4.5.1/../../../../arm-none-eabi/lib/thumb2/libcr_c.a(strncpy.o)
 .ARM.attributes
                0x00000620       0x31 /usr/local/lpcxpresso_4.2.0_224/lpcxpresso/tools/bin/../lib/gcc/arm-none-eabi/4.5.1/../../../../arm-none-eabi/lib/thumb2/libcr_c.a(strrchr.o)
 .ARM.attributes
                0x00000651       0x31 /usr/local/lpcxpresso_4.2.0_224/lpcxpresso/tools/bin/../lib/gcc/arm-none-eabi/4.5.1/../../../../arm-none-eabi/lib/thumb2/libcr_c.a(memcpy.o)
 .ARM.attributes
                0x00000682       0x31 /usr/local/lpcxpresso_4.2.0_224/lpcxpresso/tools/bin/../lib/gcc/arm-none-eabi/4.5.1/../../../../arm-none-eabi/lib/thumb2/libcr_c.a(memset.o)
 .ARM.attributes
                0x000006b3       0x31 /usr/local/lpcxpresso_4.2.0_224/lpcxpresso/tools/bin/../lib/gcc/arm-none-eabi/4.5.1/../../../../arm-none-eabi/lib/thumb2/libcr_c.a(__fillbuf.o)
 .ARM.attributes
                0x000006e4       0x31 /usr/local/lpcxpresso_4.2.0_224/lpcxpresso/tools/bin/../lib/gcc/arm-none-eabi/4.5.1/../../../../arm-none-eabi/lib/thumb2/libcr_c.a(_deferredlazyseek.o)
 .ARM.attributes
                0x00000715       0x31 /usr/local/lpcxpresso_4.2.0_224/lpcxpresso/tools/bin/../lib/gcc/arm-none-eabi/4.5.1/../../../../arm-none-eabi/lib/thumb2/libcr_c.a(_fdopen.o)
 .ARM.attributes
                0x00000746       0x31 /usr/local/lpcxpresso_4.2.0_224/lpcxpresso/tools/bin/../lib/gcc/arm-none-eabi/4.5.1/../../../../arm-none-eabi/lib/thumb2/libcr_c.a(_fflush.o)
 .ARM.attributes
                0x00000777       0x31 /usr/local/lpcxpresso_4.2.0_224/lpcxpresso/tools/bin/../lib/gcc/arm-none-eabi/4.5.1/../../../../arm-none-eabi/lib/thumb2/libcr_c.a(_frexpl.o)
 .ARM.attributes
                0x000007a8       0x31 /usr/local/lpcxpresso_4.2.0_224/lpcxpresso/tools/bin/../lib/gcc/arm-none-eabi/4.5.1/../../../../arm-none-eabi/lib/thumb2/libcr_c.a(_ldexpl.o)
 .ARM.attributes
                0x000007d9       0x31 /usr/local/lpcxpresso_4.2.0_224/lpcxpresso/tools/bin/../lib/gcc/arm-none-eabi/4.5.1/../../../../arm-none-eabi/lib/thumb2/libcr_c.a(_writebuf.o)
 .ARM.attributes
                0x0000080a       0x31 /usr/local/lpcxpresso_4.2.0_224/lpcxpresso/tools/bin/../lib/gcc/arm-none-eabi/4.5.1/../../../../arm-none-eabi/lib/thumb2/libcr_c.a(alloc.o)
 .ARM.attributes
                0x0000083b       0x31 /usr/local/lpcxpresso_4.2.0_224/lpcxpresso/tools/bin/../lib/gcc/arm-none-eabi/4.5.1/../../../../arm-none-eabi/lib/thumb2/libcr_c.a(ctype.o)
 .ARM.attributes
                0x0000086c       0x31 /usr/local/lpcxpresso_4.2.0_224/lpcxpresso/tools/bin/../lib/gcc/arm-none-eabi/4.5.1/../../../../arm-none-eabi/lib/thumb2/libcr_c.a(errno.o)
 .ARM.attributes
                0x0000089d       0x31 /usr/local/lpcxpresso_4.2.0_224/lpcxpresso/tools/bin/../lib/gcc/arm-none-eabi/4.5.1/../../../../arm-none-eabi/lib/thumb2/libcr_c.a(fclose.o)
 .ARM.attributes
                0x000008ce       0x31 /usr/local/lpcxpresso_4.2.0_224/lpcxpresso/tools/bin/../lib/gcc/arm-none-eabi/4.5.1/../../../../arm-none-eabi/lib/thumb2/libcr_c.a(fflush.o)
 .ARM.attributes
                0x000008ff       0x31 /usr/local/lpcxpresso_4.2.0_224/lpcxpresso/tools/bin/../lib/gcc/arm-none-eabi/4.5.1/../../../../arm-none-eabi/lib/thumb2/libcr_c.a(fseek.o)
 .ARM.attributes
                0x00000930       0x31 /usr/local/lpcxpresso_4.2.0_224/lpcxpresso/tools/bin/../lib/gcc/arm-none-eabi/4.5.1/../../../../arm-none-eabi/lib/thumb2/libcr_c.a(ftell.o)
 .ARM.attributes
                0x00000961       0x31 /usr/local/lpcxpresso_4.2.0_224/lpcxpresso/tools/bin/../lib/gcc/arm-none-eabi/4.5.1/../../../../arm-none-eabi/lib/thumb2/libcr_c.a(remove.o)
 .ARM.attributes
                0x00000992       0x31 /usr/local/lpcxpresso_4.2.0_224/lpcxpresso/tools/bin/../lib/gcc/arm-none-eabi/4.5.1/../../../../arm-none-eabi/lib/thumb2/libcr_c.a(__init_alloc.o)
 .ARM.attributes
                0x000009c3       0x31 /usr/local/lpcxpresso_4.2.0_224/lpcxpresso/tools/bin/../lib/gcc/arm-none-eabi/4.5.1/../../../../arm-none-eabi/lib/thumb2/libcr_c.a(_do_fflush.o)
 .ARM.attributes
                0x000009f4       0x31 /usr/local/lpcxpresso_4.2.0_224/lpcxpresso/tools/bin/../lib/gcc/arm-none-eabi/4.5.1/../../../../arm-none-eabi/lib/thumb2/libcr_c.a(_hugeval.o)
 .ARM.attributes
                0x00000a25       0x21 /usr/local/lpcxpresso_4.2.0_224/lpcxpresso/tools/bin/../lib/gcc/arm-none-eabi/4.5.1/thumb2/libcr_eabihelpers.a(division.o)
 .ARM.attributes
                0x00000a46       0x31 /usr/local/lpcxpresso_4.2.0_224/lpcxpresso/tools/bin/../lib/gcc/arm-none-eabi/4.5.1/thumb2/libcr_eabihelpers.a(double.o)
 .ARM.attributes
                0x00000a77       0x21 /usr/local/lpcxpresso_4.2.0_224/lpcxpresso/tools/bin/../lib/gcc/arm-none-eabi/4.5.1/thumb2/libcr_eabihelpers.a(memcpy.o)
 .ARM.attributes
                0x00000a98       0x31 /usr/local/lpcxpresso_4.2.0_224/lpcxpresso/tools/bin/../lib/gcc/arm-none-eabi/4.5.1/../../../../arm-none-eabi/lib/thumb2/libcr_nohost.a(__sys_appexit.o)
 .ARM.attributes
                0x00000ac9       0x31 /usr/local/lpcxpresso_4.2.0_224/lpcxpresso/tools/bin/../lib/gcc/arm-none-eabi/4.5.1/../../../../arm-none-eabi/lib/thumb2/libcr_nohost.a(__sys_close.o)
 .ARM.attributes
                0x00000afa       0x31 /usr/local/lpcxpresso_4.2.0_224/lpcxpresso/tools/bin/../lib/gcc/arm-none-eabi/4.5.1/../../../../arm-none-eabi/lib/thumb2/libcr_nohost.a(__sys_flen.o)
 .ARM.attributes
                0x00000b2b       0x31 /usr/local/lpcxpresso_4.2.0_224/lpcxpresso/tools/bin/../lib/gcc/arm-none-eabi/4.5.1/../../../../arm-none-eabi/lib/thumb2/libcr_nohost.a(__sys_istty.o)
 .ARM.attributes
                0x00000b5c       0x31 /usr/local/lpcxpresso_4.2.0_224/lpcxpresso/tools/bin/../lib/gcc/arm-none-eabi/4.5.1/../../../../arm-none-eabi/lib/thumb2/libcr_nohost.a(__sys_read.o)
 .ARM.attributes
                0x00000b8d       0x31 /usr/local/lpcxpresso_4.2.0_224/lpcxpresso/tools/bin/../lib/gcc/arm-none-eabi/4.5.1/../../../../arm-none-eabi/lib/thumb2/libcr_nohost.a(__sys_readc.o)
 .ARM.attributes
                0x00000bbe       0x31 /usr/local/lpcxpresso_4.2.0_224/lpcxpresso/tools/bin/../lib/gcc/arm-none-eabi/4.5.1/../../../../arm-none-eabi/lib/thumb2/libcr_nohost.a(__sys_remove.o)
 .ARM.attributes
                0x00000bef       0x31 /usr/local/lpcxpresso_4.2.0_224/lpcxpresso/tools/bin/../lib/gcc/arm-none-eabi/4.5.1/../../../../arm-none-eabi/lib/thumb2/libcr_nohost.a(__sys_rename.o)
 .ARM.attributes
                0x00000c20       0x31 /usr/local/lpcxpresso_4.2.0_224/lpcxpresso/tools/bin/../lib/gcc/arm-none-eabi/4.5.1/../../../../arm-none-eabi/lib/thumb2/libcr_nohost.a(__sys_seek.o)
 .ARM.attributes
                0x00000c51       0x31 /usr/local/lpcxpresso_4.2.0_224/lpcxpresso/tools/bin/../lib/gcc/arm-none-eabi/4.5.1/../../../../arm-none-eabi/lib/thumb2/libcr_nohost.a(__sys_tmpnam.o)
 .ARM.attributes
                0x00000c82       0x31 /usr/local/lpcxpresso_4.2.0_224/lpcxpresso/tools/bin/../lib/gcc/arm-none-eabi/4.5.1/../../../../arm-none-eabi/lib/thumb2/libcr_nohost.a(__sys_write.o)
 .ARM.attributes
                0x00000cb3       0x31 /usr/local/lpcxpresso_4.2.0_224/lpcxpresso/tools/bin/../lib/gcc/arm-none-eabi/4.5.1/../../../../arm-none-eabi/lib/thumb2/libcr_nohost.a(_cr_sbrk.o)
 .ARM.attributes
                0x00000ce4       0x31 /usr/local/lpcxpresso_4.2.0_224/lpcxpresso/tools/bin/../lib/gcc/arm-none-eabi/4.5.1/../../../../arm-none-eabi/lib/thumb2/libcr_nohost.a(_cr_check_heap.o)

.debug_frame    0x00000000      0xf90
 .debug_frame   0x00000000      0x184 ./uip/psock.o
 .debug_frame   0x00000184       0x8c ./uip/timer.o
 .debug_frame   0x00000210      0x138 ./uip/uip-fw.o
 .debug_frame   0x00000348       0xc4 ./uip/uip-neighbor.o
 .debug_frame   0x0000040c       0x30 ./uip/uip-split.o
 .debug_frame   0x0000043c      0x20c ./uip/uip.o
 .debug_frame   0x00000648       0xa8 ./uip/uip_arp.o
 .debug_frame   0x000006f0       0x2c ./uip/uiplib.o
 .debug_frame   0x0000071c       0xf0 ./src/cr_startup_lpc176x.o
 .debug_frame   0x0000080c       0x44 ./main/clock-arch.o
 .debug_frame   0x00000850       0x4c ./main/main.o
 .debug_frame   0x0000089c       0x6c ./main/tapdev.o
 .debug_frame   0x00000908       0xe0 ./main/lpc1700/lpc17xx_emac.o
 .debug_frame   0x000009e8       0x84 ./main/lpc1700/lpc17xx_systick.o
 .debug_frame   0x00000a6c      0x11c ./apps/webserver/httpd-cgi.o
 .debug_frame   0x00000b88       0x88 ./apps/webserver/httpd-fs.o
 .debug_frame   0x00000c10      0x16c ./apps/webserver/httpd.o
 .debug_frame   0x00000d7c      0x1d8 ./apps/dhcpc/dhcpc.o
 .debug_frame   0x00000f54       0x3c /home/fanaur/RepositorioMercurial/trabajoprofesional/Codigo/workspaceLpc/CMSISv2p00_LPC17xx/Debug/libCMSISv2p00_LPC17xx.a(system_LPC17xx.o)
