Archive member included because of file (symbol)

C:\Users\rob\Documents\LPCXpresso-workspaces\FatFS-test\CMSISv2p00_LPC17xx\Debug\libCMSISv2p00_LPC17xx.a(system_LPC17xx.o)
                              ./src/cr_startup_lpc176x.o (SystemInit)
C:\Users\rob\Documents\LPCXpresso-workspaces\FatFS-test\lib_mcu\Debug\liblib_mcu.a(clocking.o)
                              ./src/main.o (LPC_UseOscillator)
C:\Users\rob\Documents\LPCXpresso-workspaces\FatFS-test\lib_mcu\Debug\liblib_mcu.a(uart.o)
                              ./src/main.o (UARTInit)
C:\Users\rob\Documents\LPCXpresso-workspaces\FatFS-test\lib_small_printf\Debug\liblib_small_printf.a(small_printf_nofloat.o)
                              ./src/main.o (nsprintf)
C:\Users\rob\Documents\LPCXpresso-workspaces\FatFS-test\lib_small_printf\Debug\liblib_small_printf.a(small_printf_support.o)
                              C:\Users\rob\Documents\LPCXpresso-workspaces\FatFS-test\lib_small_printf\Debug\liblib_small_printf.a(small_printf_nofloat.o) (prints)
C:\Users\rob\Documents\LPCXpresso-workspaces\FatFS-test\lib_FatFS\Debug\liblib_FatFS.a(sd.o)
                              ./src/FatFS_support.o (disk_timerproc)
C:\Users\rob\Documents\LPCXpresso-workspaces\FatFS-test\lib_FatFS\Debug\liblib_FatFS.a(ff.o)
                              ./src/main.o (f_mount)
C:\Users\rob\Documents\LPCXpresso-workspaces\FatFS-test\lib_FatFS\Debug\liblib_FatFS.a(lpc17xx_spi.o)
                              C:\Users\rob\Documents\LPCXpresso-workspaces\FatFS-test\lib_FatFS\Debug\liblib_FatFS.a(sd.o) (SPI_Init)
c:/nxp/lpcxpresso_4.1.0_190/lpcxpresso/tools/bin/../lib/gcc/arm-none-eabi/4.5.1/../../../../arm-none-eabi/lib/thumb2\libcr_c.a(__weak__main.o)
                              ./src/cr_startup_lpc176x.o (__main)
c:/nxp/lpcxpresso_4.1.0_190/lpcxpresso/tools/bin/../lib/gcc/arm-none-eabi/4.5.1/../../../../arm-none-eabi/lib/thumb2\libcr_c.a(strlen.o)
                              ./src/main.o (strlen)
c:/nxp/lpcxpresso_4.1.0_190/lpcxpresso/tools/bin/../lib/gcc/arm-none-eabi/4.5.1/../../../../arm-none-eabi/lib/thumb2\libcr_c.a(strncmp.o)
                              ./src/main.o (strncmp)
c:/nxp/lpcxpresso_4.1.0_190/lpcxpresso/tools/bin/../lib/gcc/arm-none-eabi/4.5.1/thumb2\libcr_eabihelpers.a(division.o)
                              C:\Users\rob\Documents\LPCXpresso-workspaces\FatFS-test\CMSISv2p00_LPC17xx\Debug\libCMSISv2p00_LPC17xx.a(system_LPC17xx.o) (__aeabi_uldivmod)

Allocating common symbols
Common symbol       size              file

args                0x8               ./src/main.o
CardType            0x1               C:\Users\rob\Documents\LPCXpresso-workspaces\FatFS-test\lib_FatFS\Debug\liblib_FatFS.a(sd.o)
fs                  0x230             ./src/main.o
CardConfig          0x70              C:\Users\rob\Documents\LPCXpresso-workspaces\FatFS-test\lib_FatFS\Debug\liblib_FatFS.a(sd.o)
UART1Buffer         0x42              C:\Users\rob\Documents\LPCXpresso-workspaces\FatFS-test\lib_mcu\Debug\liblib_mcu.a(uart.o)
UART0Buffer         0x42              C:\Users\rob\Documents\LPCXpresso-workspaces\FatFS-test\lib_mcu\Debug\liblib_mcu.a(uart.o)
line                0xff              ./src/main.o
UART3Buffer         0x42              C:\Users\rob\Documents\LPCXpresso-workspaces\FatFS-test\lib_mcu\Debug\liblib_mcu.a(uart.o)
Buffer              0x200             ./src/main.o
str                 0xff              ./src/main.o

Discarded input sections

 .text          0x00000000        0x0 ./src/FatFS_support.o
 .data          0x00000000        0x0 ./src/FatFS_support.o
 .bss           0x00000000        0x0 ./src/FatFS_support.o
 .text          0x00000000        0x0 ./src/cr_startup_lpc176x.o
 .data          0x00000000        0x0 ./src/cr_startup_lpc176x.o
 .bss           0x00000000        0x0 ./src/cr_startup_lpc176x.o
 .text          0x00000000        0x0 ./src/main.o
 .data          0x00000000        0x0 ./src/main.o
 .bss           0x00000000        0x0 ./src/main.o
 .text          0x00000000        0x0 C:\Users\rob\Documents\LPCXpresso-workspaces\FatFS-test\CMSISv2p00_LPC17xx\Debug\libCMSISv2p00_LPC17xx.a(system_LPC17xx.o)
 .data          0x00000000        0x0 C:\Users\rob\Documents\LPCXpresso-workspaces\FatFS-test\CMSISv2p00_LPC17xx\Debug\libCMSISv2p00_LPC17xx.a(system_LPC17xx.o)
 .bss           0x00000000        0x0 C:\Users\rob\Documents\LPCXpresso-workspaces\FatFS-test\CMSISv2p00_LPC17xx\Debug\libCMSISv2p00_LPC17xx.a(system_LPC17xx.o)
 .text.SystemCoreClockUpdate
                0x00000000       0xf4 C:\Users\rob\Documents\LPCXpresso-workspaces\FatFS-test\CMSISv2p00_LPC17xx\Debug\libCMSISv2p00_LPC17xx.a(system_LPC17xx.o)
 .text          0x00000000        0x0 C:\Users\rob\Documents\LPCXpresso-workspaces\FatFS-test\lib_mcu\Debug\liblib_mcu.a(clocking.o)
 .data          0x00000000        0x0 C:\Users\rob\Documents\LPCXpresso-workspaces\FatFS-test\lib_mcu\Debug\liblib_mcu.a(clocking.o)
 .bss           0x00000000        0x0 C:\Users\rob\Documents\LPCXpresso-workspaces\FatFS-test\lib_mcu\Debug\liblib_mcu.a(clocking.o)
 .text.LPC_EnablePLL1
                0x00000000       0xf4 C:\Users\rob\Documents\LPCXpresso-workspaces\FatFS-test\lib_mcu\Debug\liblib_mcu.a(clocking.o)
 .text.LPC_DisablePLL1
                0x00000000       0x7c C:\Users\rob\Documents\LPCXpresso-workspaces\FatFS-test\lib_mcu\Debug\liblib_mcu.a(clocking.o)
 .text          0x00000000        0x0 C:\Users\rob\Documents\LPCXpresso-workspaces\FatFS-test\lib_mcu\Debug\liblib_mcu.a(uart.o)
 .data          0x00000000        0x0 C:\Users\rob\Documents\LPCXpresso-workspaces\FatFS-test\lib_mcu\Debug\liblib_mcu.a(uart.o)
 .bss           0x00000000        0x0 C:\Users\rob\Documents\LPCXpresso-workspaces\FatFS-test\lib_mcu\Debug\liblib_mcu.a(uart.o)
 .text.UARTBaudrate
                0x00000000      0x1ec C:\Users\rob\Documents\LPCXpresso-workspaces\FatFS-test\lib_mcu\Debug\liblib_mcu.a(uart.o)
 .text          0x00000000        0x0 C:\Users\rob\Documents\LPCXpresso-workspaces\FatFS-test\lib_small_printf\Debug\liblib_small_printf.a(small_printf_nofloat.o)
 .data          0x00000000        0x0 C:\Users\rob\Documents\LPCXpresso-workspaces\FatFS-test\lib_small_printf\Debug\liblib_small_printf.a(small_printf_nofloat.o)
 .bss           0x00000000        0x0 C:\Users\rob\Documents\LPCXpresso-workspaces\FatFS-test\lib_small_printf\Debug\liblib_small_printf.a(small_printf_nofloat.o)
 .text.func_printf_nofloat
                0x00000000       0x2c C:\Users\rob\Documents\LPCXpresso-workspaces\FatFS-test\lib_small_printf\Debug\liblib_small_printf.a(small_printf_nofloat.o)
 .text          0x00000000        0x0 C:\Users\rob\Documents\LPCXpresso-workspaces\FatFS-test\lib_small_printf\Debug\liblib_small_printf.a(small_printf_support.o)
 .data          0x00000000        0x0 C:\Users\rob\Documents\LPCXpresso-workspaces\FatFS-test\lib_small_printf\Debug\liblib_small_printf.a(small_printf_support.o)
 .bss           0x00000000        0x0 C:\Users\rob\Documents\LPCXpresso-workspaces\FatFS-test\lib_small_printf\Debug\liblib_small_printf.a(small_printf_support.o)
 .text          0x00000000        0x0 C:\Users\rob\Documents\LPCXpresso-workspaces\FatFS-test\lib_FatFS\Debug\liblib_FatFS.a(sd.o)
 .data          0x00000000        0x0 C:\Users\rob\Documents\LPCXpresso-workspaces\FatFS-test\lib_FatFS\Debug\liblib_FatFS.a(sd.o)
 .bss           0x00000000        0x0 C:\Users\rob\Documents\LPCXpresso-workspaces\FatFS-test\lib_FatFS\Debug\liblib_FatFS.a(sd.o)
 .text          0x00000000        0x0 C:\Users\rob\Documents\LPCXpresso-workspaces\FatFS-test\lib_FatFS\Debug\liblib_FatFS.a(ff.o)
 .data          0x00000000        0x0 C:\Users\rob\Documents\LPCXpresso-workspaces\FatFS-test\lib_FatFS\Debug\liblib_FatFS.a(ff.o)
 .bss           0x00000000        0x0 C:\Users\rob\Documents\LPCXpresso-workspaces\FatFS-test\lib_FatFS\Debug\liblib_FatFS.a(ff.o)
 .text.f_lseek  0x00000000      0x2e4 C:\Users\rob\Documents\LPCXpresso-workspaces\FatFS-test\lib_FatFS\Debug\liblib_FatFS.a(ff.o)
 .text.f_stat   0x00000000       0x78 C:\Users\rob\Documents\LPCXpresso-workspaces\FatFS-test\lib_FatFS\Debug\liblib_FatFS.a(ff.o)
 .text.f_getfree
                0x00000000      0x1dc C:\Users\rob\Documents\LPCXpresso-workspaces\FatFS-test\lib_FatFS\Debug\liblib_FatFS.a(ff.o)
 .text.f_truncate
                0x00000000      0x128 C:\Users\rob\Documents\LPCXpresso-workspaces\FatFS-test\lib_FatFS\Debug\liblib_FatFS.a(ff.o)
 .text.f_mkdir  0x00000000      0x364 C:\Users\rob\Documents\LPCXpresso-workspaces\FatFS-test\lib_FatFS\Debug\liblib_FatFS.a(ff.o)
 .text.f_chmod  0x00000000       0xc4 C:\Users\rob\Documents\LPCXpresso-workspaces\FatFS-test\lib_FatFS\Debug\liblib_FatFS.a(ff.o)
 .text.f_utime  0x00000000       0xcc C:\Users\rob\Documents\LPCXpresso-workspaces\FatFS-test\lib_FatFS\Debug\liblib_FatFS.a(ff.o)
 .text.f_rename
                0x00000000      0x25c C:\Users\rob\Documents\LPCXpresso-workspaces\FatFS-test\lib_FatFS\Debug\liblib_FatFS.a(ff.o)
 .text          0x00000000        0x0 C:\Users\rob\Documents\LPCXpresso-workspaces\FatFS-test\lib_FatFS\Debug\liblib_FatFS.a(lpc17xx_spi.o)
 .data          0x00000000        0x0 C:\Users\rob\Documents\LPCXpresso-workspaces\FatFS-test\lib_FatFS\Debug\liblib_FatFS.a(lpc17xx_spi.o)
 .bss           0x00000000        0x0 C:\Users\rob\Documents\LPCXpresso-workspaces\FatFS-test\lib_FatFS\Debug\liblib_FatFS.a(lpc17xx_spi.o)
 .text          0x00000000        0x0 c:/nxp/lpcxpresso_4.1.0_190/lpcxpresso/tools/bin/../lib/gcc/arm-none-eabi/4.5.1/../../../../arm-none-eabi/lib/thumb2\libcr_c.a(__weak__main.o)
 .data          0x00000000        0x0 c:/nxp/lpcxpresso_4.1.0_190/lpcxpresso/tools/bin/../lib/gcc/arm-none-eabi/4.5.1/../../../../arm-none-eabi/lib/thumb2\libcr_c.a(__weak__main.o)
 .bss           0x00000000        0x0 c:/nxp/lpcxpresso_4.1.0_190/lpcxpresso/tools/bin/../lib/gcc/arm-none-eabi/4.5.1/../../../../arm-none-eabi/lib/thumb2\libcr_c.a(__weak__main.o)
 .text          0x00000000        0x0 c:/nxp/lpcxpresso_4.1.0_190/lpcxpresso/tools/bin/../lib/gcc/arm-none-eabi/4.5.1/../../../../arm-none-eabi/lib/thumb2\libcr_c.a(strlen.o)
 .data          0x00000000        0x0 c:/nxp/lpcxpresso_4.1.0_190/lpcxpresso/tools/bin/../lib/gcc/arm-none-eabi/4.5.1/../../../../arm-none-eabi/lib/thumb2\libcr_c.a(strlen.o)
 .bss           0x00000000        0x0 c:/nxp/lpcxpresso_4.1.0_190/lpcxpresso/tools/bin/../lib/gcc/arm-none-eabi/4.5.1/../../../../arm-none-eabi/lib/thumb2\libcr_c.a(strlen.o)
 .text          0x00000000        0x0 c:/nxp/lpcxpresso_4.1.0_190/lpcxpresso/tools/bin/../lib/gcc/arm-none-eabi/4.5.1/../../../../arm-none-eabi/lib/thumb2\libcr_c.a(strncmp.o)
 .data          0x00000000        0x0 c:/nxp/lpcxpresso_4.1.0_190/lpcxpresso/tools/bin/../lib/gcc/arm-none-eabi/4.5.1/../../../../arm-none-eabi/lib/thumb2\libcr_c.a(strncmp.o)
 .bss           0x00000000        0x0 c:/nxp/lpcxpresso_4.1.0_190/lpcxpresso/tools/bin/../lib/gcc/arm-none-eabi/4.5.1/../../../../arm-none-eabi/lib/thumb2\libcr_c.a(strncmp.o)
 .text          0x00000000        0x0 c:/nxp/lpcxpresso_4.1.0_190/lpcxpresso/tools/bin/../lib/gcc/arm-none-eabi/4.5.1/thumb2\libcr_eabihelpers.a(division.o)
 .data          0x00000000        0x0 c:/nxp/lpcxpresso_4.1.0_190/lpcxpresso/tools/bin/../lib/gcc/arm-none-eabi/4.5.1/thumb2\libcr_eabihelpers.a(division.o)
 .bss           0x00000000        0x0 c:/nxp/lpcxpresso_4.1.0_190/lpcxpresso/tools/bin/../lib/gcc/arm-none-eabi/4.5.1/thumb2\libcr_eabihelpers.a(division.o)
 .text.__aeabi_division_idiv
                0x00000000       0x10 c:/nxp/lpcxpresso_4.1.0_190/lpcxpresso/tools/bin/../lib/gcc/arm-none-eabi/4.5.1/thumb2\libcr_eabihelpers.a(division.o)
 .text.__aeabi_division_idivmod
                0x00000000       0x16 c:/nxp/lpcxpresso_4.1.0_190/lpcxpresso/tools/bin/../lib/gcc/arm-none-eabi/4.5.1/thumb2\libcr_eabihelpers.a(division.o)
 .text.__aeabi_division_uidiv
                0x00000000       0x10 c:/nxp/lpcxpresso_4.1.0_190/lpcxpresso/tools/bin/../lib/gcc/arm-none-eabi/4.5.1/thumb2\libcr_eabihelpers.a(division.o)
 .text.__aeabi_division_uidivmod
                0x00000000       0x16 c:/nxp/lpcxpresso_4.1.0_190/lpcxpresso/tools/bin/../lib/gcc/arm-none-eabi/4.5.1/thumb2\libcr_eabihelpers.a(division.o)
 .text.__aeabi_division_ldivmod
                0x00000000       0x26 c:/nxp/lpcxpresso_4.1.0_190/lpcxpresso/tools/bin/../lib/gcc/arm-none-eabi/4.5.1/thumb2\libcr_eabihelpers.a(division.o)
 .text.__aeabi_division_uldivmod
                0x00000000      0x174 c:/nxp/lpcxpresso_4.1.0_190/lpcxpresso/tools/bin/../lib/gcc/arm-none-eabi/4.5.1/thumb2\libcr_eabihelpers.a(division.o)
 .text.__aeabi_division_idiv0
                0x00000000        0x2 c:/nxp/lpcxpresso_4.1.0_190/lpcxpresso/tools/bin/../lib/gcc/arm-none-eabi/4.5.1/thumb2\libcr_eabihelpers.a(division.o)
 .text.__aeabi_division_ldiv0
                0x00000000        0x2 c:/nxp/lpcxpresso_4.1.0_190/lpcxpresso/tools/bin/../lib/gcc/arm-none-eabi/4.5.1/thumb2\libcr_eabihelpers.a(division.o)

Memory Configuration

Name             Origin             Length             Attributes
MFlash512        0x00000000         0x00080000         xr
RamLoc32         0x10000000         0x00008000         xrw
RamAHB32         0x2007c000         0x00008000         xrw
*default*        0x00000000         0xffffffff

Linker script and memory map

LOAD ./src/FatFS_support.o
LOAD ./src/cr_startup_lpc176x.o
LOAD ./src/main.o
LOAD C:\Users\rob\Documents\LPCXpresso-workspaces\FatFS-test\CMSISv2p00_LPC17xx\Debug\libCMSISv2p00_LPC17xx.a
LOAD C:\Users\rob\Documents\LPCXpresso-workspaces\FatFS-test\lib_mcu\Debug\liblib_mcu.a
LOAD C:\Users\rob\Documents\LPCXpresso-workspaces\FatFS-test\lib_small_printf\Debug\liblib_small_printf.a
LOAD C:\Users\rob\Documents\LPCXpresso-workspaces\FatFS-test\lib_FatFS\Debug\liblib_FatFS.a
START GROUP
LOAD c:/nxp/lpcxpresso_4.1.0_190/lpcxpresso/tools/bin/../lib/gcc/arm-none-eabi/4.5.1/../../../../arm-none-eabi/lib/thumb2\libcr_c.a
LOAD c:/nxp/lpcxpresso_4.1.0_190/lpcxpresso/tools/bin/../lib/gcc/arm-none-eabi/4.5.1/thumb2\libcr_eabihelpers.a
END GROUP
                0x00080000                __top_MFlash512 = 0x80000
                0x10008000                __top_RamLoc32 = 0x10008000
                0x20084000                __top_RamAHB32 = 0x20084000

.text           0x00000000     0x6a50
 FILL mask 0xff
 *(.isr_vector)
 .isr_vector    0x00000000       0xcc ./src/cr_startup_lpc176x.o
                0x00000000                g_pfnVectors
                0x000000cc                . = ALIGN (0x4)
                0x000000cc                __section_table_start = .
                0x000000cc                __data_section_table = .
                0x000000cc        0x4 LONG 0x6a50 LOADADDR (.data)
                0x000000d0        0x4 LONG 0x10000000 ADDR (.data)
                0x000000d4        0x4 LONG 0x170 SIZEOF (.data)
                0x000000d8        0x4 LONG 0x6a50 LOADADDR (.data_RAM2)
                0x000000dc        0x4 LONG 0x2007c000 ADDR (.data_RAM2)
                0x000000e0        0x4 LONG 0x0 SIZEOF (.data_RAM2)
                0x000000e4                __data_section_table_end = .
                0x000000e4                __bss_section_table = .
                0x000000e4        0x4 LONG 0x10000170 ADDR (.bss)
                0x000000e8        0x4 LONG 0x794 SIZEOF (.bss)
                0x000000ec        0x4 LONG 0x2007c000 ADDR (.bss_RAM2)
                0x000000f0        0x4 LONG 0x0 SIZEOF (.bss_RAM2)
                0x000000f4                __bss_section_table_end = .
                0x000000f4                __section_table_end = .
 *(.after_vectors*)
 .after_vectors
                0x000000f4       0x78 ./src/cr_startup_lpc176x.o
                0x000000f4                NMI_Handler
                0x000000f6                HardFault_Handler
                0x000000f8                MemManage_Handler
                0x000000fa                BusFault_Handler
                0x000000fc                UsageFault_Handler
                0x000000fe                SVCall_Handler
                0x00000100                DebugMon_Handler
                0x00000102                PendSV_Handler
                0x00000106                data_init
                0x00000118                bss_init
                0x00000128                ResetISR
                0x00000168                EINT2_IRQHandler
                0x00000168                EINT3_IRQHandler
                0x00000168                CANActivity_IRQHandler
                0x00000168                TIMER3_IRQHandler
                0x00000168                I2C1_IRQHandler
                0x00000168                RIT_IRQHandler
                0x00000168                I2C0_IRQHandler
                0x00000168                PLL0_IRQHandler
                0x00000168                CAN_IRQHandler
                0x00000168                PLL1_IRQHandler
                0x00000168                PWM1_IRQHandler
                0x00000168                I2S_IRQHandler
                0x00000168                I2C2_IRQHandler
                0x00000168                RTC_IRQHandler
                0x00000168                TIMER0_IRQHandler
                0x00000168                SPI_IRQHandler
                0x00000168                IntDefaultHandler
                0x00000168                EINT1_IRQHandler
                0x00000168                TIMER1_IRQHandler
                0x00000168                UART2_IRQHandler
                0x00000168                ADC_IRQHandler
                0x00000168                SSP1_IRQHandler
                0x00000168                USB_IRQHandler
                0x00000168                BOD_IRQHandler
                0x00000168                TIMER2_IRQHandler
                0x00000168                WDT_IRQHandler
                0x00000168                QEI_IRQHandler
                0x00000168                EINT0_IRQHandler
                0x00000168                USBActivity_IRQHandler
                0x00000168                DMA_IRQHandler
                0x00000168                SSP0_IRQHandler
                0x00000168                MCPWM_IRQHandler
                0x00000168                ENET_IRQHandler
 *(.text*)
 .text.get_fattime
                0x0000016c       0x8c ./src/FatFS_support.o
                0x0000016c                get_fattime
 .text.SysTick_Handler
                0x000001f8       0x48 ./src/FatFS_support.o
                0x000001f8                SysTick_Handler
 .text.SetSPIClocks
                0x00000240       0xb0 ./src/main.o
 .text.show_res
                0x000002f0       0x8c ./src/main.o
 .text.TimerReset
                0x0000037c       0x58 ./src/main.o
                0x0000037c                TimerReset
 .text.TimerStart
                0x000003d4       0x18 ./src/main.o
                0x000003d4                TimerStart
 .text.TimerStop
                0x000003ec       0x18 ./src/main.o
                0x000003ec                TimerStop
 .text.TimerRead
                0x00000404       0x18 ./src/main.o
                0x00000404                TimerRead
 .text.set_speed
                0x0000041c      0x110 ./src/main.o
 .text.set_timeout
                0x0000052c       0xb4 ./src/main.o
 .text.show_dir
                0x000005e0      0x160 ./src/main.o
 .text.write_file
                0x00000740      0x200 ./src/main.o
 .text.read_file
                0x00000940      0x2ac ./src/main.o
 .text.write_log
                0x00000bec      0x204 ./src/main.o
 .text.type_file
                0x00000df0      0x108 ./src/main.o
 .text.delete_file
                0x00000ef8       0x5c ./src/main.o
 .text.get_line
                0x00000f54      0x108 ./src/main.o
                0x00000f54                get_line
 .text.scan_args
                0x0000105c       0xc8 ./src/main.o
                0x0000105c                scan_args
 .text.main     0x00001124      0x2fc ./src/main.o
                0x00001124                main
 .text.SystemInit
                0x00001420       0x14 C:\Users\rob\Documents\LPCXpresso-workspaces\FatFS-test\CMSISv2p00_LPC17xx\Debug\libCMSISv2p00_LPC17xx.a(system_LPC17xx.o)
                0x00001420                SystemInit
 .text.LPC_UseOscillator
                0x00001434      0x1f8 C:\Users\rob\Documents\LPCXpresso-workspaces\FatFS-test\lib_mcu\Debug\liblib_mcu.a(clocking.o)
                0x00001434                LPC_UseOscillator
 .text.LPC_SetPLL0
                0x0000162c      0x430 C:\Users\rob\Documents\LPCXpresso-workspaces\FatFS-test\lib_mcu\Debug\liblib_mcu.a(clocking.o)
                0x0000162c                LPC_SetPLL0
 .text.NVIC_EnableIRQ
                0x00001a5c       0x38 C:\Users\rob\Documents\LPCXpresso-workspaces\FatFS-test\lib_mcu\Debug\liblib_mcu.a(uart.o)
 .text.fifo_put
                0x00001a94       0x64 C:\Users\rob\Documents\LPCXpresso-workspaces\FatFS-test\lib_mcu\Debug\liblib_mcu.a(uart.o)
 .text.fifo_get
                0x00001af8       0x64 C:\Users\rob\Documents\LPCXpresso-workspaces\FatFS-test\lib_mcu\Debug\liblib_mcu.a(uart.o)
 .text.UART0_IRQHandler
                0x00001b5c       0x4c C:\Users\rob\Documents\LPCXpresso-workspaces\FatFS-test\lib_mcu\Debug\liblib_mcu.a(uart.o)
                0x00001b5c                UART0_IRQHandler
 .text.UART1_IRQHandler
                0x00001ba8       0x4c C:\Users\rob\Documents\LPCXpresso-workspaces\FatFS-test\lib_mcu\Debug\liblib_mcu.a(uart.o)
                0x00001ba8                UART1_IRQHandler
 .text.UART3_IRQHandler
                0x00001bf4       0x4c C:\Users\rob\Documents\LPCXpresso-workspaces\FatFS-test\lib_mcu\Debug\liblib_mcu.a(uart.o)
                0x00001bf4                UART3_IRQHandler
 .text.UARTInit
                0x00001c40      0x374 C:\Users\rob\Documents\LPCXpresso-workspaces\FatFS-test\lib_mcu\Debug\liblib_mcu.a(uart.o)
                0x00001c40                UARTInit
 .text.UARTSend
                0x00001fb4       0xe0 C:\Users\rob\Documents\LPCXpresso-workspaces\FatFS-test\lib_mcu\Debug\liblib_mcu.a(uart.o)
                0x00001fb4                UARTSend
 .text.UARTSendStr
                0x00002094      0x128 C:\Users\rob\Documents\LPCXpresso-workspaces\FatFS-test\lib_mcu\Debug\liblib_mcu.a(uart.o)
                0x00002094                UARTSendStr
 .text.UARTPutChar
                0x000021bc       0x94 C:\Users\rob\Documents\LPCXpresso-workspaces\FatFS-test\lib_mcu\Debug\liblib_mcu.a(uart.o)
                0x000021bc                UARTPutChar
 .text.UARTGetChar
                0x00002250       0x70 C:\Users\rob\Documents\LPCXpresso-workspaces\FatFS-test\lib_mcu\Debug\liblib_mcu.a(uart.o)
                0x00002250                UARTGetChar
 .text.printf_format_nofloat
                0x000022c0      0x3b0 C:\Users\rob\Documents\LPCXpresso-workspaces\FatFS-test\lib_small_printf\Debug\liblib_small_printf.a(small_printf_nofloat.o)
                0x000022c0                printf_format_nofloat
 .text.nsprintf
                0x00002670       0x3c C:\Users\rob\Documents\LPCXpresso-workspaces\FatFS-test\lib_small_printf\Debug\liblib_small_printf.a(small_printf_nofloat.o)
                0x00002670                nsprintf
 .text.prints   0x000026ac       0xd0 C:\Users\rob\Documents\LPCXpresso-workspaces\FatFS-test\lib_small_printf\Debug\liblib_small_printf.a(small_printf_support.o)
                0x000026ac                prints
 .text.printi   0x0000277c       0xf4 C:\Users\rob\Documents\LPCXpresso-workspaces\FatFS-test\lib_small_printf\Debug\liblib_small_printf.a(small_printf_support.o)
                0x0000277c                printi
 .text.nsprintf_write_init
                0x00002870       0x3c C:\Users\rob\Documents\LPCXpresso-workspaces\FatFS-test\lib_small_printf\Debug\liblib_small_printf.a(small_printf_support.o)
                0x00002870                nsprintf_write_init
 .text.nsprintf_write
                0x000028ac       0x84 C:\Users\rob\Documents\LPCXpresso-workspaces\FatFS-test\lib_small_printf\Debug\liblib_small_printf.a(small_printf_support.o)
                0x000028ac                nsprintf_write
 .text.disk_initialize
                0x00002930       0x5c C:\Users\rob\Documents\LPCXpresso-workspaces\FatFS-test\lib_FatFS\Debug\liblib_FatFS.a(sd.o)
                0x00002930                disk_initialize
 .text.disk_ioctl
                0x0000298c      0x1f0 C:\Users\rob\Documents\LPCXpresso-workspaces\FatFS-test\lib_FatFS\Debug\liblib_FatFS.a(sd.o)
                0x0000298c                disk_ioctl
 .text.disk_read
                0x00002b7c       0x64 C:\Users\rob\Documents\LPCXpresso-workspaces\FatFS-test\lib_FatFS\Debug\liblib_FatFS.a(sd.o)
                0x00002b7c                disk_read
 .text.disk_status
                0x00002be0       0x30 C:\Users\rob\Documents\LPCXpresso-workspaces\FatFS-test\lib_FatFS\Debug\liblib_FatFS.a(sd.o)
                0x00002be0                disk_status
 .text.disk_write
                0x00002c10       0x64 C:\Users\rob\Documents\LPCXpresso-workspaces\FatFS-test\lib_FatFS\Debug\liblib_FatFS.a(sd.o)
                0x00002c10                disk_write
 .text.disk_timerproc
                0x00002c74       0x5c C:\Users\rob\Documents\LPCXpresso-workspaces\FatFS-test\lib_FatFS\Debug\liblib_FatFS.a(sd.o)
                0x00002c74                disk_timerproc
 .text.SD_Init  0x00002cd0      0x284 C:\Users\rob\Documents\LPCXpresso-workspaces\FatFS-test\lib_FatFS\Debug\liblib_FatFS.a(sd.o)
                0x00002cd0                SD_Init
 .text.SD_WaitForReady
                0x00002f54       0x40 C:\Users\rob\Documents\LPCXpresso-workspaces\FatFS-test\lib_FatFS\Debug\liblib_FatFS.a(sd.o)
                0x00002f54                SD_WaitForReady
 .text.SD_SendCommand
                0x00002f94      0x100 C:\Users\rob\Documents\LPCXpresso-workspaces\FatFS-test\lib_FatFS\Debug\liblib_FatFS.a(sd.o)
                0x00002f94                SD_SendCommand
 .text.SD_SendACommand
                0x00003094       0x4c C:\Users\rob\Documents\LPCXpresso-workspaces\FatFS-test\lib_FatFS\Debug\liblib_FatFS.a(sd.o)
                0x00003094                SD_SendACommand
 .text.SD_ReadSector
                0x000030e0       0xe0 C:\Users\rob\Documents\LPCXpresso-workspaces\FatFS-test\lib_FatFS\Debug\liblib_FatFS.a(sd.o)
                0x000030e0                SD_ReadSector
 .text.SD_WriteSector
                0x000031c0       0xdc C:\Users\rob\Documents\LPCXpresso-workspaces\FatFS-test\lib_FatFS\Debug\liblib_FatFS.a(sd.o)
                0x000031c0                SD_WriteSector
 .text.SD_ReadConfiguration
                0x0000329c      0x30c C:\Users\rob\Documents\LPCXpresso-workspaces\FatFS-test\lib_FatFS\Debug\liblib_FatFS.a(sd.o)
                0x0000329c                SD_ReadConfiguration
 .text.SD_RecvDataBlock
                0x000035a8       0x64 C:\Users\rob\Documents\LPCXpresso-workspaces\FatFS-test\lib_FatFS\Debug\liblib_FatFS.a(sd.o)
                0x000035a8                SD_RecvDataBlock
 .text.SD_SendDataBlock
                0x0000360c       0x8c C:\Users\rob\Documents\LPCXpresso-workspaces\FatFS-test\lib_FatFS\Debug\liblib_FatFS.a(sd.o)
                0x0000360c                SD_SendDataBlock
 .text.mem_cpy  0x00003698       0x50 C:\Users\rob\Documents\LPCXpresso-workspaces\FatFS-test\lib_FatFS\Debug\liblib_FatFS.a(ff.o)
 .text.mem_set  0x000036e8       0x44 C:\Users\rob\Documents\LPCXpresso-workspaces\FatFS-test\lib_FatFS\Debug\liblib_FatFS.a(ff.o)
 .text.mem_cmp  0x0000372c       0x70 C:\Users\rob\Documents\LPCXpresso-workspaces\FatFS-test\lib_FatFS\Debug\liblib_FatFS.a(ff.o)
 .text.chk_chr  0x0000379c       0x38 C:\Users\rob\Documents\LPCXpresso-workspaces\FatFS-test\lib_FatFS\Debug\liblib_FatFS.a(ff.o)
 .text.move_window
                0x000037d4       0xd4 C:\Users\rob\Documents\LPCXpresso-workspaces\FatFS-test\lib_FatFS\Debug\liblib_FatFS.a(ff.o)
 .text.sync     0x000038a8      0x1d0 C:\Users\rob\Documents\LPCXpresso-workspaces\FatFS-test\lib_FatFS\Debug\liblib_FatFS.a(ff.o)
 .text.clust2sect
                0x00003a78       0x44 C:\Users\rob\Documents\LPCXpresso-workspaces\FatFS-test\lib_FatFS\Debug\liblib_FatFS.a(ff.o)
                0x00003a78                clust2sect
 .text.get_fat  0x00003abc      0x1a4 C:\Users\rob\Documents\LPCXpresso-workspaces\FatFS-test\lib_FatFS\Debug\liblib_FatFS.a(ff.o)
                0x00003abc                get_fat
 .text.put_fat  0x00003c60      0x264 C:\Users\rob\Documents\LPCXpresso-workspaces\FatFS-test\lib_FatFS\Debug\liblib_FatFS.a(ff.o)
                0x00003c60                put_fat
 .text.remove_chain
                0x00003ec4       0xb0 C:\Users\rob\Documents\LPCXpresso-workspaces\FatFS-test\lib_FatFS\Debug\liblib_FatFS.a(ff.o)
 .text.create_chain
                0x00003f74      0x12c C:\Users\rob\Documents\LPCXpresso-workspaces\FatFS-test\lib_FatFS\Debug\liblib_FatFS.a(ff.o)
 .text.dir_sdi  0x000040a0      0x118 C:\Users\rob\Documents\LPCXpresso-workspaces\FatFS-test\lib_FatFS\Debug\liblib_FatFS.a(ff.o)
 .text.dir_next
                0x000041b8      0x1dc C:\Users\rob\Documents\LPCXpresso-workspaces\FatFS-test\lib_FatFS\Debug\liblib_FatFS.a(ff.o)
 .text.dir_find
                0x00004394       0xa4 C:\Users\rob\Documents\LPCXpresso-workspaces\FatFS-test\lib_FatFS\Debug\liblib_FatFS.a(ff.o)
 .text.dir_read
                0x00004438       0xa4 C:\Users\rob\Documents\LPCXpresso-workspaces\FatFS-test\lib_FatFS\Debug\liblib_FatFS.a(ff.o)
 .text.dir_register
                0x000044dc       0xbc C:\Users\rob\Documents\LPCXpresso-workspaces\FatFS-test\lib_FatFS\Debug\liblib_FatFS.a(ff.o)
 .text.dir_remove
                0x00004598       0x58 C:\Users\rob\Documents\LPCXpresso-workspaces\FatFS-test\lib_FatFS\Debug\liblib_FatFS.a(ff.o)
 .text.create_name
                0x000045f0      0x278 C:\Users\rob\Documents\LPCXpresso-workspaces\FatFS-test\lib_FatFS\Debug\liblib_FatFS.a(ff.o)
 .text.get_fileinfo
                0x00004868      0x15c C:\Users\rob\Documents\LPCXpresso-workspaces\FatFS-test\lib_FatFS\Debug\liblib_FatFS.a(ff.o)
 .text.follow_path
                0x000049c4      0x11c C:\Users\rob\Documents\LPCXpresso-workspaces\FatFS-test\lib_FatFS\Debug\liblib_FatFS.a(ff.o)
 .text.check_fs
                0x00004ae0      0x108 C:\Users\rob\Documents\LPCXpresso-workspaces\FatFS-test\lib_FatFS\Debug\liblib_FatFS.a(ff.o)
 .text.chk_mounted
                0x00004be8      0x66c C:\Users\rob\Documents\LPCXpresso-workspaces\FatFS-test\lib_FatFS\Debug\liblib_FatFS.a(ff.o)
 .text.validate
                0x00005254       0x54 C:\Users\rob\Documents\LPCXpresso-workspaces\FatFS-test\lib_FatFS\Debug\liblib_FatFS.a(ff.o)
 .text.f_mount  0x000052a8       0x64 C:\Users\rob\Documents\LPCXpresso-workspaces\FatFS-test\lib_FatFS\Debug\liblib_FatFS.a(ff.o)
                0x000052a8                f_mount
 .text.f_open   0x0000530c      0x35c C:\Users\rob\Documents\LPCXpresso-workspaces\FatFS-test\lib_FatFS\Debug\liblib_FatFS.a(ff.o)
                0x0000530c                f_open
 .text.f_read   0x00005668      0x2f0 C:\Users\rob\Documents\LPCXpresso-workspaces\FatFS-test\lib_FatFS\Debug\liblib_FatFS.a(ff.o)
                0x00005668                f_read
 .text.f_write  0x00005958      0x354 C:\Users\rob\Documents\LPCXpresso-workspaces\FatFS-test\lib_FatFS\Debug\liblib_FatFS.a(ff.o)
                0x00005958                f_write
 .text.f_sync   0x00005cac      0x1c0 C:\Users\rob\Documents\LPCXpresso-workspaces\FatFS-test\lib_FatFS\Debug\liblib_FatFS.a(ff.o)
                0x00005cac                f_sync
 .text.f_close  0x00005e6c       0x2c C:\Users\rob\Documents\LPCXpresso-workspaces\FatFS-test\lib_FatFS\Debug\liblib_FatFS.a(ff.o)
                0x00005e6c                f_close
 .text.f_opendir
                0x00005e98       0xe8 C:\Users\rob\Documents\LPCXpresso-workspaces\FatFS-test\lib_FatFS\Debug\liblib_FatFS.a(ff.o)
                0x00005e98                f_opendir
 .text.f_readdir
                0x00005f80       0x9c C:\Users\rob\Documents\LPCXpresso-workspaces\FatFS-test\lib_FatFS\Debug\liblib_FatFS.a(ff.o)
                0x00005f80                f_readdir
 .text.f_unlink
                0x0000601c      0x1ac C:\Users\rob\Documents\LPCXpresso-workspaces\FatFS-test\lib_FatFS\Debug\liblib_FatFS.a(ff.o)
                0x0000601c                f_unlink
 .text.SPI_Init
                0x000061c8      0x11c C:\Users\rob\Documents\LPCXpresso-workspaces\FatFS-test\lib_FatFS\Debug\liblib_FatFS.a(lpc17xx_spi.o)
                0x000061c8                SPI_Init
 .text.SPI_ConfigClockRate
                0x000062e4       0x24 C:\Users\rob\Documents\LPCXpresso-workspaces\FatFS-test\lib_FatFS\Debug\liblib_FatFS.a(lpc17xx_spi.o)
                0x000062e4                SPI_ConfigClockRate
 .text.SPI_CS_Low
                0x00006308       0x24 C:\Users\rob\Documents\LPCXpresso-workspaces\FatFS-test\lib_FatFS\Debug\liblib_FatFS.a(lpc17xx_spi.o)
                0x00006308                SPI_CS_Low
 .text.SPI_CS_High
                0x0000632c       0x24 C:\Users\rob\Documents\LPCXpresso-workspaces\FatFS-test\lib_FatFS\Debug\liblib_FatFS.a(lpc17xx_spi.o)
                0x0000632c                SPI_CS_High
 .text.SPI_SendByte
                0x00006350       0x44 C:\Users\rob\Documents\LPCXpresso-workspaces\FatFS-test\lib_FatFS\Debug\liblib_FatFS.a(lpc17xx_spi.o)
                0x00006350                SPI_SendByte
 .text.SPI_RecvByte
                0x00006394       0x14 C:\Users\rob\Documents\LPCXpresso-workspaces\FatFS-test\lib_FatFS\Debug\liblib_FatFS.a(lpc17xx_spi.o)
                0x00006394                SPI_RecvByte
 .text.SPI_SendBlock_FIFO
                0x000063a8       0xdc C:\Users\rob\Documents\LPCXpresso-workspaces\FatFS-test\lib_FatFS\Debug\liblib_FatFS.a(lpc17xx_spi.o)
                0x000063a8                SPI_SendBlock_FIFO
 .text.SPI_RecvBlock_FIFO
                0x00006484       0xf4 C:\Users\rob\Documents\LPCXpresso-workspaces\FatFS-test\lib_FatFS\Debug\liblib_FatFS.a(lpc17xx_spi.o)
                0x00006484                SPI_RecvBlock_FIFO
 .text.__weak_main
                0x00006578        0x4 c:/nxp/lpcxpresso_4.1.0_190/lpcxpresso/tools/bin/../lib/gcc/arm-none-eabi/4.5.1/../../../../arm-none-eabi/lib/thumb2\libcr_c.a(__weak__main.o)
                0x00006578                __weak_main
                0x00006578                __main
 .text.strlen   0x0000657c       0x4e c:/nxp/lpcxpresso_4.1.0_190/lpcxpresso/tools/bin/../lib/gcc/arm-none-eabi/4.5.1/../../../../arm-none-eabi/lib/thumb2\libcr_c.a(strlen.o)
                0x0000657c                strlen
 .text.strncmp  0x000065ca       0x58 c:/nxp/lpcxpresso_4.1.0_190/lpcxpresso/tools/bin/../lib/gcc/arm-none-eabi/4.5.1/../../../../arm-none-eabi/lib/thumb2\libcr_c.a(strncmp.o)
                0x000065ca                strncmp
 *(.rodata .rodata.*)
 *fill*         0x00006622        0x2 00
 .rodata        0x00006624      0x414 ./src/main.o
 .rodata        0x00006a38        0x8 C:\Users\rob\Documents\LPCXpresso-workspaces\FatFS-test\lib_small_printf\Debug\liblib_small_printf.a(small_printf_nofloat.o)
 .rodata        0x00006a40       0x10 C:\Users\rob\Documents\LPCXpresso-workspaces\FatFS-test\lib_FatFS\Debug\liblib_FatFS.a(ff.o)
                0x00006a50                . = ALIGN (0x4)

.glue_7         0x00006a50        0x0
 .glue_7        0x00000000        0x0 linker stubs

.glue_7t        0x00006a50        0x0
 .glue_7t       0x00000000        0x0 linker stubs

.vfp11_veneer   0x00006a50        0x0
 .vfp11_veneer  0x00000000        0x0 linker stubs

.v4_bx          0x00006a50        0x0
 .v4_bx         0x00000000        0x0 linker stubs

.ARM.extab
 *(.ARM.extab* .gnu.linkonce.armextab.*)
                0x00006a50                __exidx_start = .

.ARM.exidx
 *(.ARM.exidx* .gnu.linkonce.armexidx.*)
                0x00006a50                __exidx_end = .
                0x00006a50                _etext = .

.data_RAM2      0x2007c000        0x0 load address 0x00006a50
 FILL mask 0xff
 *(.data.$RAM2*)
 *(.data.$RamAHB32*)
                0x2007c000                . = ALIGN (0x4)

.uninit_RESERVED
 *(.bss.$RESERVED*)

.data           0x10000000      0x170 load address 0x00006a50
 FILL mask 0xff
                0x10000000                _data = .
 *(vtable)
 *(.data*)
 .data.timerproc_interval
                0x10000000        0x4 ./src/FatFS_support.o
                0x10000000                timerproc_interval
 .data.spi_div_low
                0x10000004        0x1 ./src/main.o
                0x10000004                spi_div_low
 .data.spi_div_high
                0x10000005        0x1 ./src/main.o
                0x10000005                spi_div_high
 *fill*         0x10000006        0x2 00
 .data.SystemCoreClock
                0x10000008        0x4 C:\Users\rob\Documents\LPCXpresso-workspaces\FatFS-test\CMSISv2p00_LPC17xx\Debug\libCMSISv2p00_LPC17xx.a(system_LPC17xx.o)
                0x10000008                SystemCoreClock
 .data.MainOscPLL0conf
                0x1000000c       0xb0 C:\Users\rob\Documents\LPCXpresso-workspaces\FatFS-test\lib_mcu\Debug\liblib_mcu.a(clocking.o)
 .data.IntRCOscPLL0conf
                0x100000bc       0xb0 C:\Users\rob\Documents\LPCXpresso-workspaces\FatFS-test\lib_mcu\Debug\liblib_mcu.a(clocking.o)
 .data.Stat     0x1000016c        0x1 C:\Users\rob\Documents\LPCXpresso-workspaces\FatFS-test\lib_FatFS\Debug\liblib_FatFS.a(sd.o)
                0x10000170                . = ALIGN (0x4)
 *fill*         0x1000016d        0x3 ff
                0x10000170                _edata = .

.bss_RAM2       0x2007c000        0x0
 *(.bss.$RAM2*)
 *(.bss.$RamAHB32*)
                0x2007c000                . = ALIGN (0x4)

.bss            0x10000170      0x794
                0x10000170                _bss = .
 *(.bss*)
 .bss.div10.2315
                0x10000170        0x4 ./src/FatFS_support.o
 .bss.nsprintf_buffer
                0x10000174        0x4 C:\Users\rob\Documents\LPCXpresso-workspaces\FatFS-test\lib_small_printf\Debug\liblib_small_printf.a(small_printf_support.o)
 .bss.nsprintf_buffer_length
                0x10000178        0x4 C:\Users\rob\Documents\LPCXpresso-workspaces\FatFS-test\lib_small_printf\Debug\liblib_small_printf.a(small_printf_support.o)
 .bss.nsprintf_buffer_index
                0x1000017c        0x4 C:\Users\rob\Documents\LPCXpresso-workspaces\FatFS-test\lib_small_printf\Debug\liblib_small_printf.a(small_printf_support.o)
 .bss.Timer1    0x10000180        0x2 C:\Users\rob\Documents\LPCXpresso-workspaces\FatFS-test\lib_FatFS\Debug\liblib_FatFS.a(sd.o)
 .bss.Timer2    0x10000182        0x2 C:\Users\rob\Documents\LPCXpresso-workspaces\FatFS-test\lib_FatFS\Debug\liblib_FatFS.a(sd.o)
 .bss.FatFs     0x10000184        0x4 C:\Users\rob\Documents\LPCXpresso-workspaces\FatFS-test\lib_FatFS\Debug\liblib_FatFS.a(ff.o)
 .bss.Fsid      0x10000188        0x2 C:\Users\rob\Documents\LPCXpresso-workspaces\FatFS-test\lib_FatFS\Debug\liblib_FatFS.a(ff.o)
 *(COMMON)
 *fill*         0x1000018a        0x2 00
 COMMON         0x1000018c      0x637 ./src/main.o
                0x1000018c                args
                0x10000194                fs
                0x100003c4                line
                0x100004c4                Buffer
                0x100006c4                str
 *fill*         0x100007c3        0x1 00
 COMMON         0x100007c4       0xca C:\Users\rob\Documents\LPCXpresso-workspaces\FatFS-test\lib_mcu\Debug\liblib_mcu.a(uart.o)
                0x100007c4                UART1Buffer
                0x10000808                UART0Buffer
                0x1000084c                UART3Buffer
 *fill*         0x1000088e        0x2 00
 COMMON         0x10000890       0x74 C:\Users\rob\Documents\LPCXpresso-workspaces\FatFS-test\lib_FatFS\Debug\liblib_FatFS.a(sd.o)
                0x10000890                CardType
                0x10000894                CardConfig
                0x10000904                . = ALIGN (0x4)
                0x10000904                _ebss = .
                0x10000904                PROVIDE (end, .)
                0x10000904                PROVIDE (_pvHeapStart, .)
                0x10008000                PROVIDE (_vStackTop, (__top_RamLoc32 - 0x0))
OUTPUT(test-FatFS.axf elf32-littlearm)

.debug_abbrev   0x00000000     0x105b
 .debug_abbrev  0x00000000      0x103 ./src/FatFS_support.o
 .debug_abbrev  0x00000103      0x10f ./src/cr_startup_lpc176x.o
 .debug_abbrev  0x00000212      0x28e ./src/main.o
 .debug_abbrev  0x000004a0       0xe3 C:\Users\rob\Documents\LPCXpresso-workspaces\FatFS-test\CMSISv2p00_LPC17xx\Debug\libCMSISv2p00_LPC17xx.a(system_LPC17xx.o)
 .debug_abbrev  0x00000583      0x14a C:\Users\rob\Documents\LPCXpresso-workspaces\FatFS-test\lib_mcu\Debug\liblib_mcu.a(clocking.o)
 .debug_abbrev  0x000006cd      0x25c C:\Users\rob\Documents\LPCXpresso-workspaces\FatFS-test\lib_mcu\Debug\liblib_mcu.a(uart.o)
 .debug_abbrev  0x00000929      0x128 C:\Users\rob\Documents\LPCXpresso-workspaces\FatFS-test\lib_small_printf\Debug\liblib_small_printf.a(small_printf_nofloat.o)
 .debug_abbrev  0x00000a51       0xe4 C:\Users\rob\Documents\LPCXpresso-workspaces\FatFS-test\lib_small_printf\Debug\liblib_small_printf.a(small_printf_support.o)
 .debug_abbrev  0x00000b35      0x1d3 C:\Users\rob\Documents\LPCXpresso-workspaces\FatFS-test\lib_FatFS\Debug\liblib_FatFS.a(sd.o)
 .debug_abbrev  0x00000d08      0x157 C:\Users\rob\Documents\LPCXpresso-workspaces\FatFS-test\lib_FatFS\Debug\liblib_FatFS.a(ff.o)
 .debug_abbrev  0x00000e5f      0x1fc C:\Users\rob\Documents\LPCXpresso-workspaces\FatFS-test\lib_FatFS\Debug\liblib_FatFS.a(lpc17xx_spi.o)

.debug_info     0x00000000     0x5fa1
 .debug_info    0x00000000      0x4a2 ./src/FatFS_support.o
 .debug_info    0x000004a2      0x2e3 ./src/cr_startup_lpc176x.o
 .debug_info    0x00000785     0x1165 ./src/main.o
 .debug_info    0x000018ea      0x38f C:\Users\rob\Documents\LPCXpresso-workspaces\FatFS-test\CMSISv2p00_LPC17xx\Debug\libCMSISv2p00_LPC17xx.a(system_LPC17xx.o)
 .debug_info    0x00001c79      0x53a C:\Users\rob\Documents\LPCXpresso-workspaces\FatFS-test\lib_mcu\Debug\liblib_mcu.a(clocking.o)
 .debug_info    0x000021b3     0x108d C:\Users\rob\Documents\LPCXpresso-workspaces\FatFS-test\lib_mcu\Debug\liblib_mcu.a(uart.o)
 .debug_info    0x00003240      0x246 C:\Users\rob\Documents\LPCXpresso-workspaces\FatFS-test\lib_small_printf\Debug\liblib_small_printf.a(small_printf_nofloat.o)
 .debug_info    0x00003486      0x2ab C:\Users\rob\Documents\LPCXpresso-workspaces\FatFS-test\lib_small_printf\Debug\liblib_small_printf.a(small_printf_support.o)
 .debug_info    0x00003731      0x788 C:\Users\rob\Documents\LPCXpresso-workspaces\FatFS-test\lib_FatFS\Debug\liblib_FatFS.a(sd.o)
 .debug_info    0x00003eb9     0x16a4 C:\Users\rob\Documents\LPCXpresso-workspaces\FatFS-test\lib_FatFS\Debug\liblib_FatFS.a(ff.o)
 .debug_info    0x0000555d      0xa44 C:\Users\rob\Documents\LPCXpresso-workspaces\FatFS-test\lib_FatFS\Debug\liblib_FatFS.a(lpc17xx_spi.o)

.debug_line     0x00000000     0x40df
 .debug_line    0x00000000      0x43c ./src/FatFS_support.o
 .debug_line    0x0000043c      0x3d7 ./src/cr_startup_lpc176x.o
 .debug_line    0x00000813      0x8a8 ./src/main.o
 .debug_line    0x000010bb      0x39e C:\Users\rob\Documents\LPCXpresso-workspaces\FatFS-test\CMSISv2p00_LPC17xx\Debug\libCMSISv2p00_LPC17xx.a(system_LPC17xx.o)
 .debug_line    0x00001459      0x508 C:\Users\rob\Documents\LPCXpresso-workspaces\FatFS-test\lib_mcu\Debug\liblib_mcu.a(clocking.o)
 .debug_line    0x00001961      0x623 C:\Users\rob\Documents\LPCXpresso-workspaces\FatFS-test\lib_mcu\Debug\liblib_mcu.a(uart.o)
 .debug_line    0x00001f84      0x494 C:\Users\rob\Documents\LPCXpresso-workspaces\FatFS-test\lib_small_printf\Debug\liblib_small_printf.a(small_printf_nofloat.o)
 .debug_line    0x00002418      0x478 C:\Users\rob\Documents\LPCXpresso-workspaces\FatFS-test\lib_small_printf\Debug\liblib_small_printf.a(small_printf_support.o)
 .debug_line    0x00002890      0x798 C:\Users\rob\Documents\LPCXpresso-workspaces\FatFS-test\lib_FatFS\Debug\liblib_FatFS.a(sd.o)
 .debug_line    0x00003028      0xc06 C:\Users\rob\Documents\LPCXpresso-workspaces\FatFS-test\lib_FatFS\Debug\liblib_FatFS.a(ff.o)
 .debug_line    0x00003c2e      0x4b1 C:\Users\rob\Documents\LPCXpresso-workspaces\FatFS-test\lib_FatFS\Debug\liblib_FatFS.a(lpc17xx_spi.o)

.debug_macinfo  0x00000000    0x41844
 .debug_macinfo
                0x00000000     0x7d8c ./src/FatFS_support.o
 .debug_macinfo
                0x00007d8c     0x313f ./src/cr_startup_lpc176x.o
 .debug_macinfo
                0x0000aecb     0x7fd1 ./src/main.o
 .debug_macinfo
                0x00012e9c     0x7923 C:\Users\rob\Documents\LPCXpresso-workspaces\FatFS-test\CMSISv2p00_LPC17xx\Debug\libCMSISv2p00_LPC17xx.a(system_LPC17xx.o)
 .debug_macinfo
                0x0001a7bf     0x7a75 C:\Users\rob\Documents\LPCXpresso-workspaces\FatFS-test\lib_mcu\Debug\liblib_mcu.a(clocking.o)
 .debug_macinfo
                0x00022234     0x779e C:\Users\rob\Documents\LPCXpresso-workspaces\FatFS-test\lib_mcu\Debug\liblib_mcu.a(uart.o)
 .debug_macinfo
                0x000299d2     0x32a9 C:\Users\rob\Documents\LPCXpresso-workspaces\FatFS-test\lib_small_printf\Debug\liblib_small_printf.a(small_printf_nofloat.o)
 .debug_macinfo
                0x0002cc7b     0x32b8 C:\Users\rob\Documents\LPCXpresso-workspaces\FatFS-test\lib_small_printf\Debug\liblib_small_printf.a(small_printf_support.o)
 .debug_macinfo
                0x0002ff33     0x7b93 C:\Users\rob\Documents\LPCXpresso-workspaces\FatFS-test\lib_FatFS\Debug\liblib_FatFS.a(sd.o)
 .debug_macinfo
                0x00037ac6     0x2589 C:\Users\rob\Documents\LPCXpresso-workspaces\FatFS-test\lib_FatFS\Debug\liblib_FatFS.a(ff.o)
 .debug_macinfo
                0x0003a04f     0x77f5 C:\Users\rob\Documents\LPCXpresso-workspaces\FatFS-test\lib_FatFS\Debug\liblib_FatFS.a(lpc17xx_spi.o)

.debug_loc      0x00000000     0x1869
 .debug_loc     0x00000000       0x58 ./src/FatFS_support.o
 .debug_loc     0x00000058      0x1b8 ./src/cr_startup_lpc176x.o
 .debug_loc     0x00000210      0x392 ./src/main.o
 .debug_loc     0x000005a2       0x20 C:\Users\rob\Documents\LPCXpresso-workspaces\FatFS-test\CMSISv2p00_LPC17xx\Debug\libCMSISv2p00_LPC17xx.a(system_LPC17xx.o)
 .debug_loc     0x000005c2       0xc8 C:\Users\rob\Documents\LPCXpresso-workspaces\FatFS-test\lib_mcu\Debug\liblib_mcu.a(clocking.o)
 .debug_loc     0x0000068a      0x2a0 C:\Users\rob\Documents\LPCXpresso-workspaces\FatFS-test\lib_mcu\Debug\liblib_mcu.a(uart.o)
 .debug_loc     0x0000092a       0xc1 C:\Users\rob\Documents\LPCXpresso-workspaces\FatFS-test\lib_small_printf\Debug\liblib_small_printf.a(small_printf_nofloat.o)
 .debug_loc     0x000009eb       0xe2 C:\Users\rob\Documents\LPCXpresso-workspaces\FatFS-test\lib_small_printf\Debug\liblib_small_printf.a(small_printf_support.o)
 .debug_loc     0x00000acd      0x33c C:\Users\rob\Documents\LPCXpresso-workspaces\FatFS-test\lib_FatFS\Debug\liblib_FatFS.a(sd.o)
 .debug_loc     0x00000e09      0x8d0 C:\Users\rob\Documents\LPCXpresso-workspaces\FatFS-test\lib_FatFS\Debug\liblib_FatFS.a(ff.o)
 .debug_loc     0x000016d9      0x190 C:\Users\rob\Documents\LPCXpresso-workspaces\FatFS-test\lib_FatFS\Debug\liblib_FatFS.a(lpc17xx_spi.o)

.debug_pubnames
                0x00000000      0x742
 .debug_pubnames
                0x00000000       0x4d ./src/FatFS_support.o
 .debug_pubnames
                0x0000004d      0x118 ./src/cr_startup_lpc176x.o
 .debug_pubnames
                0x00000165       0xbd ./src/main.o
 .debug_pubnames
                0x00000222       0x4f C:\Users\rob\Documents\LPCXpresso-workspaces\FatFS-test\CMSISv2p00_LPC17xx\Debug\libCMSISv2p00_LPC17xx.a(system_LPC17xx.o)
 .debug_pubnames
                0x00000271       0x5f C:\Users\rob\Documents\LPCXpresso-workspaces\FatFS-test\lib_mcu\Debug\liblib_mcu.a(clocking.o)
 .debug_pubnames
                0x000002d0       0xdc C:\Users\rob\Documents\LPCXpresso-workspaces\FatFS-test\lib_mcu\Debug\liblib_mcu.a(uart.o)
 .debug_pubnames
                0x000003ac       0x51 C:\Users\rob\Documents\LPCXpresso-workspaces\FatFS-test\lib_small_printf\Debug\liblib_small_printf.a(small_printf_nofloat.o)
 .debug_pubnames
                0x000003fd       0x53 C:\Users\rob\Documents\LPCXpresso-workspaces\FatFS-test\lib_small_printf\Debug\liblib_small_printf.a(small_printf_support.o)
 .debug_pubnames
                0x00000450      0x140 C:\Users\rob\Documents\LPCXpresso-workspaces\FatFS-test\lib_FatFS\Debug\liblib_FatFS.a(sd.o)
 .debug_pubnames
                0x00000590      0x10c C:\Users\rob\Documents\LPCXpresso-workspaces\FatFS-test\lib_FatFS\Debug\liblib_FatFS.a(ff.o)
 .debug_pubnames
                0x0000069c       0xa6 C:\Users\rob\Documents\LPCXpresso-workspaces\FatFS-test\lib_FatFS\Debug\liblib_FatFS.a(lpc17xx_spi.o)

.debug_pubtypes
                0x00000000      0x519
 .debug_pubtypes
                0x00000000       0x62 ./src/FatFS_support.o
 .debug_pubtypes
                0x00000062       0x12 ./src/cr_startup_lpc176x.o
 .debug_pubtypes
                0x00000074       0xf2 ./src/main.o
 .debug_pubtypes
                0x00000166       0x3e C:\Users\rob\Documents\LPCXpresso-workspaces\FatFS-test\CMSISv2p00_LPC17xx\Debug\libCMSISv2p00_LPC17xx.a(system_LPC17xx.o)
 .debug_pubtypes
                0x000001a4       0x67 C:\Users\rob\Documents\LPCXpresso-workspaces\FatFS-test\lib_mcu\Debug\liblib_mcu.a(clocking.o)
 .debug_pubtypes
                0x0000020b       0xe3 C:\Users\rob\Documents\LPCXpresso-workspaces\FatFS-test\lib_mcu\Debug\liblib_mcu.a(uart.o)
 .debug_pubtypes
                0x000002ee       0x45 C:\Users\rob\Documents\LPCXpresso-workspaces\FatFS-test\lib_small_printf\Debug\liblib_small_printf.a(small_printf_nofloat.o)
 .debug_pubtypes
                0x00000333       0x2b C:\Users\rob\Documents\LPCXpresso-workspaces\FatFS-test\lib_small_printf\Debug\liblib_small_printf.a(small_printf_support.o)
 .debug_pubtypes
                0x0000035e       0xa5 C:\Users\rob\Documents\LPCXpresso-workspaces\FatFS-test\lib_FatFS\Debug\liblib_FatFS.a(sd.o)
 .debug_pubtypes
                0x00000403       0x7f C:\Users\rob\Documents\LPCXpresso-workspaces\FatFS-test\lib_FatFS\Debug\liblib_FatFS.a(ff.o)
 .debug_pubtypes
                0x00000482       0x97 C:\Users\rob\Documents\LPCXpresso-workspaces\FatFS-test\lib_FatFS\Debug\liblib_FatFS.a(lpc17xx_spi.o)

.debug_aranges  0x00000000      0x4c8
 .debug_aranges
                0x00000000       0x28 ./src/FatFS_support.o
 .debug_aranges
                0x00000028       0x80 ./src/cr_startup_lpc176x.o
 .debug_aranges
                0x000000a8       0xa0 ./src/main.o
 .debug_aranges
                0x00000148       0x28 C:\Users\rob\Documents\LPCXpresso-workspaces\FatFS-test\CMSISv2p00_LPC17xx\Debug\libCMSISv2p00_LPC17xx.a(system_LPC17xx.o)
 .debug_aranges
                0x00000170       0x38 C:\Users\rob\Documents\LPCXpresso-workspaces\FatFS-test\lib_mcu\Debug\liblib_mcu.a(clocking.o)
 .debug_aranges
                0x000001a8       0x78 C:\Users\rob\Documents\LPCXpresso-workspaces\FatFS-test\lib_mcu\Debug\liblib_mcu.a(uart.o)
 .debug_aranges
                0x00000220       0x30 C:\Users\rob\Documents\LPCXpresso-workspaces\FatFS-test\lib_small_printf\Debug\liblib_small_printf.a(small_printf_nofloat.o)
 .debug_aranges
                0x00000250       0x38 C:\Users\rob\Documents\LPCXpresso-workspaces\FatFS-test\lib_small_printf\Debug\liblib_small_printf.a(small_printf_support.o)
 .debug_aranges
                0x00000288       0x90 C:\Users\rob\Documents\LPCXpresso-workspaces\FatFS-test\lib_FatFS\Debug\liblib_FatFS.a(sd.o)
 .debug_aranges
                0x00000318      0x158 C:\Users\rob\Documents\LPCXpresso-workspaces\FatFS-test\lib_FatFS\Debug\liblib_FatFS.a(ff.o)
 .debug_aranges
                0x00000470       0x58 C:\Users\rob\Documents\LPCXpresso-workspaces\FatFS-test\lib_FatFS\Debug\liblib_FatFS.a(lpc17xx_spi.o)

.debug_ranges   0x00000000      0x418
 .debug_ranges  0x00000000       0x18 ./src/FatFS_support.o
 .debug_ranges  0x00000018       0x70 ./src/cr_startup_lpc176x.o
 .debug_ranges  0x00000088       0x90 ./src/main.o
 .debug_ranges  0x00000118       0x18 C:\Users\rob\Documents\LPCXpresso-workspaces\FatFS-test\CMSISv2p00_LPC17xx\Debug\libCMSISv2p00_LPC17xx.a(system_LPC17xx.o)
 .debug_ranges  0x00000130       0x28 C:\Users\rob\Documents\LPCXpresso-workspaces\FatFS-test\lib_mcu\Debug\liblib_mcu.a(clocking.o)
 .debug_ranges  0x00000158       0x68 C:\Users\rob\Documents\LPCXpresso-workspaces\FatFS-test\lib_mcu\Debug\liblib_mcu.a(uart.o)
 .debug_ranges  0x000001c0       0x20 C:\Users\rob\Documents\LPCXpresso-workspaces\FatFS-test\lib_small_printf\Debug\liblib_small_printf.a(small_printf_nofloat.o)
 .debug_ranges  0x000001e0       0x28 C:\Users\rob\Documents\LPCXpresso-workspaces\FatFS-test\lib_small_printf\Debug\liblib_small_printf.a(small_printf_support.o)
 .debug_ranges  0x00000208       0x80 C:\Users\rob\Documents\LPCXpresso-workspaces\FatFS-test\lib_FatFS\Debug\liblib_FatFS.a(sd.o)
 .debug_ranges  0x00000288      0x148 C:\Users\rob\Documents\LPCXpresso-workspaces\FatFS-test\lib_FatFS\Debug\liblib_FatFS.a(ff.o)
 .debug_ranges  0x000003d0       0x48 C:\Users\rob\Documents\LPCXpresso-workspaces\FatFS-test\lib_FatFS\Debug\liblib_FatFS.a(lpc17xx_spi.o)

.debug_str      0x00000000     0x1646
 .debug_str     0x00000000      0x2b0 ./src/FatFS_support.o
                                0x2fb (size before relaxing)
 .debug_str     0x000002b0      0x16a ./src/cr_startup_lpc176x.o
                                0x24e (size before relaxing)
 .debug_str     0x0000041a      0x55b ./src/main.o
                                0x748 (size before relaxing)
 .debug_str     0x00000975       0x8a C:\Users\rob\Documents\LPCXpresso-workspaces\FatFS-test\CMSISv2p00_LPC17xx\Debug\libCMSISv2p00_LPC17xx.a(system_LPC17xx.o)
                                0x287 (size before relaxing)
 .debug_str     0x000009ff       0xe8 C:\Users\rob\Documents\LPCXpresso-workspaces\FatFS-test\lib_mcu\Debug\liblib_mcu.a(clocking.o)
                                0x317 (size before relaxing)
 .debug_str     0x00000ae7      0x4c2 C:\Users\rob\Documents\LPCXpresso-workspaces\FatFS-test\lib_mcu\Debug\liblib_mcu.a(uart.o)
                                0x743 (size before relaxing)
 .debug_str     0x00000fa9       0xe7 C:\Users\rob\Documents\LPCXpresso-workspaces\FatFS-test\lib_small_printf\Debug\liblib_small_printf.a(small_printf_nofloat.o)
                                0x1a6 (size before relaxing)
 .debug_str     0x00001090       0xad C:\Users\rob\Documents\LPCXpresso-workspaces\FatFS-test\lib_small_printf\Debug\liblib_small_printf.a(small_printf_support.o)
                                0x1c3 (size before relaxing)
 .debug_str     0x0000113d      0x220 C:\Users\rob\Documents\LPCXpresso-workspaces\FatFS-test\lib_FatFS\Debug\liblib_FatFS.a(sd.o)
                                0x342 (size before relaxing)
 .debug_str     0x0000135d      0x210 C:\Users\rob\Documents\LPCXpresso-workspaces\FatFS-test\lib_FatFS\Debug\liblib_FatFS.a(ff.o)
                                0x538 (size before relaxing)
 .debug_str     0x0000156d       0xd9 C:\Users\rob\Documents\LPCXpresso-workspaces\FatFS-test\lib_FatFS\Debug\liblib_FatFS.a(lpc17xx_spi.o)
                                0x562 (size before relaxing)

.comment        0x00000000       0x2a
 .comment       0x00000000       0x2a ./src/FatFS_support.o
                                 0x2b (size before relaxing)
 .comment       0x00000000       0x2b ./src/cr_startup_lpc176x.o
 .comment       0x00000000       0x2b ./src/main.o
 .comment       0x00000000       0x2b C:\Users\rob\Documents\LPCXpresso-workspaces\FatFS-test\CMSISv2p00_LPC17xx\Debug\libCMSISv2p00_LPC17xx.a(system_LPC17xx.o)
 .comment       0x00000000       0x2b C:\Users\rob\Documents\LPCXpresso-workspaces\FatFS-test\lib_mcu\Debug\liblib_mcu.a(clocking.o)
 .comment       0x00000000       0x2b C:\Users\rob\Documents\LPCXpresso-workspaces\FatFS-test\lib_mcu\Debug\liblib_mcu.a(uart.o)
 .comment       0x00000000       0x2b C:\Users\rob\Documents\LPCXpresso-workspaces\FatFS-test\lib_small_printf\Debug\liblib_small_printf.a(small_printf_nofloat.o)
 .comment       0x00000000       0x2b C:\Users\rob\Documents\LPCXpresso-workspaces\FatFS-test\lib_small_printf\Debug\liblib_small_printf.a(small_printf_support.o)
 .comment       0x00000000       0x2b C:\Users\rob\Documents\LPCXpresso-workspaces\FatFS-test\lib_FatFS\Debug\liblib_FatFS.a(sd.o)
 .comment       0x00000000       0x2b C:\Users\rob\Documents\LPCXpresso-workspaces\FatFS-test\lib_FatFS\Debug\liblib_FatFS.a(ff.o)
 .comment       0x00000000       0x2b C:\Users\rob\Documents\LPCXpresso-workspaces\FatFS-test\lib_FatFS\Debug\liblib_FatFS.a(lpc17xx_spi.o)
 .comment       0x00000000       0x2b c:/nxp/lpcxpresso_4.1.0_190/lpcxpresso/tools/bin/../lib/gcc/arm-none-eabi/4.5.1/../../../../arm-none-eabi/lib/thumb2\libcr_c.a(__weak__main.o)
 .comment       0x00000000       0x2b c:/nxp/lpcxpresso_4.1.0_190/lpcxpresso/tools/bin/../lib/gcc/arm-none-eabi/4.5.1/../../../../arm-none-eabi/lib/thumb2\libcr_c.a(strlen.o)
 .comment       0x00000000       0x2b c:/nxp/lpcxpresso_4.1.0_190/lpcxpresso/tools/bin/../lib/gcc/arm-none-eabi/4.5.1/../../../../arm-none-eabi/lib/thumb2\libcr_c.a(strncmp.o)

.ARM.attributes
                0x00000000       0x2f
 .ARM.attributes
                0x00000000       0x31 ./src/FatFS_support.o
 .ARM.attributes
                0x00000031       0x31 ./src/cr_startup_lpc176x.o
 .ARM.attributes
                0x00000062       0x31 ./src/main.o
 .ARM.attributes
                0x00000093       0x31 C:\Users\rob\Documents\LPCXpresso-workspaces\FatFS-test\CMSISv2p00_LPC17xx\Debug\libCMSISv2p00_LPC17xx.a(system_LPC17xx.o)
 .ARM.attributes
                0x000000c4       0x31 C:\Users\rob\Documents\LPCXpresso-workspaces\FatFS-test\lib_mcu\Debug\liblib_mcu.a(clocking.o)
 .ARM.attributes
                0x000000f5       0x31 C:\Users\rob\Documents\LPCXpresso-workspaces\FatFS-test\lib_mcu\Debug\liblib_mcu.a(uart.o)
 .ARM.attributes
                0x00000126       0x31 C:\Users\rob\Documents\LPCXpresso-workspaces\FatFS-test\lib_small_printf\Debug\liblib_small_printf.a(small_printf_nofloat.o)
 .ARM.attributes
                0x00000157       0x31 C:\Users\rob\Documents\LPCXpresso-workspaces\FatFS-test\lib_small_printf\Debug\liblib_small_printf.a(small_printf_support.o)
 .ARM.attributes
                0x00000188       0x31 C:\Users\rob\Documents\LPCXpresso-workspaces\FatFS-test\lib_FatFS\Debug\liblib_FatFS.a(sd.o)
 .ARM.attributes
                0x000001b9       0x31 C:\Users\rob\Documents\LPCXpresso-workspaces\FatFS-test\lib_FatFS\Debug\liblib_FatFS.a(ff.o)
 .ARM.attributes
                0x000001ea       0x31 C:\Users\rob\Documents\LPCXpresso-workspaces\FatFS-test\lib_FatFS\Debug\liblib_FatFS.a(lpc17xx_spi.o)
 .ARM.attributes
                0x0000021b       0x31 c:/nxp/lpcxpresso_4.1.0_190/lpcxpresso/tools/bin/../lib/gcc/arm-none-eabi/4.5.1/../../../../arm-none-eabi/lib/thumb2\libcr_c.a(__weak__main.o)
 .ARM.attributes
                0x0000024c       0x31 c:/nxp/lpcxpresso_4.1.0_190/lpcxpresso/tools/bin/../lib/gcc/arm-none-eabi/4.5.1/../../../../arm-none-eabi/lib/thumb2\libcr_c.a(strlen.o)
 .ARM.attributes
                0x0000027d       0x31 c:/nxp/lpcxpresso_4.1.0_190/lpcxpresso/tools/bin/../lib/gcc/arm-none-eabi/4.5.1/../../../../arm-none-eabi/lib/thumb2\libcr_c.a(strncmp.o)
 .ARM.attributes
                0x000002ae       0x21 c:/nxp/lpcxpresso_4.1.0_190/lpcxpresso/tools/bin/../lib/gcc/arm-none-eabi/4.5.1/thumb2\libcr_eabihelpers.a(division.o)

.debug_frame    0x00000000      0xe48
 .debug_frame   0x00000000       0x44 ./src/FatFS_support.o
 .debug_frame   0x00000044       0xf0 ./src/cr_startup_lpc176x.o
 .debug_frame   0x00000134      0x214 ./src/main.o
 .debug_frame   0x00000348       0x3c C:\Users\rob\Documents\LPCXpresso-workspaces\FatFS-test\CMSISv2p00_LPC17xx\Debug\libCMSISv2p00_LPC17xx.a(system_LPC17xx.o)
 .debug_frame   0x00000384       0x78 C:\Users\rob\Documents\LPCXpresso-workspaces\FatFS-test\lib_mcu\Debug\liblib_mcu.a(clocking.o)
 .debug_frame   0x000003fc      0x178 C:\Users\rob\Documents\LPCXpresso-workspaces\FatFS-test\lib_mcu\Debug\liblib_mcu.a(uart.o)
 .debug_frame   0x00000574       0x7c C:\Users\rob\Documents\LPCXpresso-workspaces\FatFS-test\lib_small_printf\Debug\liblib_small_printf.a(small_printf_nofloat.o)
 .debug_frame   0x000005f0       0x98 C:\Users\rob\Documents\LPCXpresso-workspaces\FatFS-test\lib_small_printf\Debug\liblib_small_printf.a(small_printf_support.o)
 .debug_frame   0x00000688      0x1e4 C:\Users\rob\Documents\LPCXpresso-workspaces\FatFS-test\lib_FatFS\Debug\liblib_FatFS.a(sd.o)
 .debug_frame   0x0000086c      0x4f4 C:\Users\rob\Documents\LPCXpresso-workspaces\FatFS-test\lib_FatFS\Debug\liblib_FatFS.a(ff.o)
 .debug_frame   0x00000d60       0xe8 C:\Users\rob\Documents\LPCXpresso-workspaces\FatFS-test\lib_FatFS\Debug\liblib_FatFS.a(lpc17xx_spi.o)
