
**** Build of configuration Debug for project BaseProject ****

make all 
Building file: ../src/cr_startup_lpc176x.c
Invoking: MCU C Compiler
arm-none-eabi-gcc -D__REDLIB__ -DDEBUG -D__CODE_RED -D__USE_CMSIS=CMSISv2p00_LPC17xx -I"/home/fanaur/RepositorioMercurial/trabajoprofesional/Codigo/workspaceLpc/CMSISv2p00_LPC17xx/inc" -I"/home/fanaur/RepositorioMercurial/trabajoprofesional/Codigo/workspaceLpc/libDriversMcuPeripherals/inc/Lib_EaBaseBoard" -I"/home/fanaur/RepositorioMercurial/trabajoprofesional/Codigo/workspaceLpc/libDriversMcuPeripherals/inc/Lib_MCU" -Os -g3 -Wall -c -fmessage-length=0 -fno-builtin -ffunction-sections -fdata-sections -mcpu=cortex-m3 -mthumb -MMD -MP -MF"src/cr_startup_lpc176x.d" -MT"src/cr_startup_lpc176x.d" -o"src/cr_startup_lpc176x.o" "../src/cr_startup_lpc176x.c"
Finished building: ../src/cr_startup_lpc176x.c
 
Building file: ../src/main.c
Invoking: MCU C Compiler
arm-none-eabi-gcc -D__REDLIB__ -DDEBUG -D__CODE_RED -D__USE_CMSIS=CMSISv2p00_LPC17xx -I"/home/fanaur/RepositorioMercurial/trabajoprofesional/Codigo/workspaceLpc/CMSISv2p00_LPC17xx/inc" -I"/home/fanaur/RepositorioMercurial/trabajoprofesional/Codigo/workspaceLpc/libDriversMcuPeripherals/inc/Lib_EaBaseBoard" -I"/home/fanaur/RepositorioMercurial/trabajoprofesional/Codigo/workspaceLpc/libDriversMcuPeripherals/inc/Lib_MCU" -O0 -g3 -Wall -c -fmessage-length=0 -fno-builtin -ffunction-sections -fdata-sections -mcpu=cortex-m3 -mthumb -MMD -MP -MF"src/main.d" -MT"src/main.d" -o"src/main.o" "../src/main.c"
Finished building: ../src/main.c
 
Building target: BaseProject.axf
Invoking: MCU Linker
arm-none-eabi-gcc -nostdlib -L"/home/fanaur/RepositorioMercurial/trabajoprofesional/Codigo/workspaceLpc/CMSISv2p00_LPC17xx/Debug" -L"/home/fanaur/RepositorioMercurial/trabajoprofesional/Codigo/workspaceLpc/libDriversMcuPeripherals/Debug" -Xlinker -Map="BaseProject.map" -Xlinker --gc-sections -mcpu=cortex-m3 -mthumb -T "BaseProject_Debug.ld" -o"BaseProject.axf"  ./src/cr_startup_lpc176x.o ./src/main.o   -lCMSISv2p00_LPC17xx -lDriversMcuPeripherals
Finished building target: BaseProject.axf
 
make --no-print-directory post-build
Performing post-build steps
arm-none-eabi-size "BaseProject.axf"; # arm-none-eabi-objcopy -O binary "BaseProject.axf" "BaseProject.bin" ; checksum -p LPC1769 -d "BaseProject.bin";
   text	   data	    bss	    dec	    hex	filename
   2836	      0	    340	   3176	    c68	BaseProject.axf
 
