
**** Build of configuration Debug for project UECAS ****

make all 
Building file: ../src/Tasks/Adc/taskAdc.c
Invoking: MCU C Compiler
arm-none-eabi-gcc -D__REDLIB__ -DDEBUG -D__CODE_RED -DPACK_STRUCT_END=__attribute\(\(packed\)\) -DGCC_ARMCM3 -I"/home/fanaur/RepositoriosMercurial/trabajoprofesional/Codigo/workspaceLpc/CMSISv2p00_LPC17xx/inc" -I"/home/fanaur/RepositoriosMercurial/trabajoprofesional/Codigo/workspaceLpc/UECAS/src/Tasks/SdCard/lib_FatFS/inc" -I"/home/fanaur/RepositoriosMercurial/trabajoprofesional/Codigo/workspaceLpc/UECAS/src/Tasks/SdCard" -I"/home/fanaur/RepositoriosMercurial/trabajoprofesional/Codigo/workspaceLpc/UECAS/src/Tasks/Adc" -I"/home/fanaur/RepositoriosMercurial/trabajoprofesional/Codigo/workspaceLpc/libDriversMcuPeripherals/inc/Lib_MCU" -I"/home/fanaur/RepositoriosMercurial/trabajoprofesional/Codigo/workspaceLpc/libDriversMcuPeripherals/inc/Lib_EaBaseBoard" -I"/home/fanaur/RepositoriosMercurial/trabajoprofesional/Codigo/workspaceLpc/UECAS/src" -I"/home/fanaur/RepositoriosMercurial/trabajoprofesional/Codigo/workspaceLpc/UECAS/src/Tasks" -I"/home/fanaur/RepositoriosMercurial/trabajoprofesional/Codigo/workspaceLpc/UECAS/FreeRTOS_include" -I"/home/fanaur/RepositoriosMercurial/trabajoprofesional/Codigo/workspaceLpc/UECAS/FreeRTOS_portable" -O0 -g3 -Wall -c -fmessage-length=0 -fno-builtin -ffunction-sections -fdata-sections -mcpu=cortex-m3 -mthumb -MMD -MP -MF"src/Tasks/Adc/taskAdc.d" -MT"src/Tasks/Adc/taskAdc.d" -o"src/Tasks/Adc/taskAdc.o" "../src/Tasks/Adc/taskAdc.c"
../src/Tasks/Adc/taskAdc.c: In function 'taskAdc':
../src/Tasks/Adc/taskAdc.c:106:3: warning: enumeration value 'tasEsperandoInicioSensandoCorriente' not handled in switch
../src/Tasks/Adc/taskAdc.c: In function 'ADC_IRQHandler':
../src/Tasks/Adc/taskAdc.c:320:6: warning: implicit declaration of function 'ADC_GetData'
Finished building: ../src/Tasks/Adc/taskAdc.c
 
Building target: SMCED.axf
Invoking: MCU Linker
arm-none-eabi-gcc -nostdlib -L"/home/fanaur/RepositoriosMercurial/trabajoprofesional/Codigo/workspaceLpc/CMSISv2p00_LPC17xx/Debug" -L"/home/fanaur/RepositoriosMercurial/trabajoprofesional/Codigo/workspaceLpc/libDriversMcuPeripherals/Debug" -Xlinker -Map="SMCED.map" -Xlinker --gc-sections -mcpu=cortex-m3 -mthumb -T "UECAS_Debug.ld" -o"SMCED.axf"  ./src/cmdPcCom.o ./src/cr_startup_lpc17.o ./src/main.o  ./src/Tasks/ezxml.o  ./src/Tasks/SdCard/FatFS_support.o ./src/Tasks/SdCard/ff.o ./src/Tasks/SdCard/taskSdCard.o  ./src/Tasks/SdCard/option/syscall.o  ./src/Tasks/SdCard/lib_FatFS/src/option/cc932.o ./src/Tasks/SdCard/lib_FatFS/src/option/syscall.o  ./src/Tasks/SdCard/lib_FatFS/src/lpc1xxx_spi_sd/lpc17xx_spi.o ./src/Tasks/SdCard/lib_FatFS/src/lpc1xxx_spi_sd/sd.o  ./src/Tasks/SdCard/lib_FatFS/src/clocking.o  ./src/Tasks/PcCommunication/API_Uart.o ./src/Tasks/PcCommunication/ProtocolPCComunicaction.o ./src/Tasks/PcCommunication/ProtocolPCComunication.o ./src/Tasks/PcCommunication/taskPcCommunication.o  ./src/Tasks/Lcd/API_LcdGrafic.o ./src/Tasks/Lcd/Driver_LcdGrafic.o ./src/Tasks/Lcd/lcd.o ./src/Tasks/Lcd/lcd_buffer.o ./src/Tasks/Lcd/taskLcd.o  ./src/Tasks/Lcd/Fonts/font_10x20.o ./src/Tasks/Lcd/Fonts/font_12x13ja.o ./src/Tasks/Lcd/Fonts/font_12x24.o ./src/Tasks/Lcd/Fonts/font_12x24rk.o ./src/Tasks/Lcd/Fonts/font_18x18ja.o ./src/Tasks/Lcd/Fonts/font_18x18ko.o ./src/Tasks/Lcd/Fonts/font_4x6.o ./src/Tasks/Lcd/Fonts/font_5x7.o ./src/Tasks/Lcd/Fonts/font_5x8.o ./src/Tasks/Lcd/Fonts/font_6x10.o ./src/Tasks/Lcd/Fonts/font_6x12.o ./src/Tasks/Lcd/Fonts/font_6x13.o ./src/Tasks/Lcd/Fonts/font_6x13B.o ./src/Tasks/Lcd/Fonts/font_6x13O.o ./src/Tasks/Lcd/Fonts/font_6x9.o ./src/Tasks/Lcd/Fonts/font_7x13.o ./src/Tasks/Lcd/Fonts/font_7x13B.o ./src/Tasks/Lcd/Fonts/font_7x13O.o ./src/Tasks/Lcd/Fonts/font_7x14.o ./src/Tasks/Lcd/Fonts/font_7x14B.o ./src/Tasks/Lcd/Fonts/font_8x13.o ./src/Tasks/Lcd/Fonts/font_8x13B.o ./src/Tasks/Lcd/Fonts/font_8x13O.o ./src/Tasks/Lcd/Fonts/font_8x16.o ./src/Tasks/Lcd/Fonts/font_8x16rk.o ./src/Tasks/Lcd/Fonts/font_9x15.o ./src/Tasks/Lcd/Fonts/font_9x15B.o ./src/Tasks/Lcd/Fonts/font_9x18.o ./src/Tasks/Lcd/Fonts/font_9x18B.o ./src/Tasks/Lcd/Fonts/font_charB08.o ./src/Tasks/Lcd/Fonts/font_charB10.o ./src/Tasks/Lcd/Fonts/font_charB12.o ./src/Tasks/Lcd/Fonts/font_charB14.o ./src/Tasks/Lcd/Fonts/font_charB18.o ./src/Tasks/Lcd/Fonts/font_charB24.o ./src/Tasks/Lcd/Fonts/font_charBI08.o ./src/Tasks/Lcd/Fonts/font_charBI10.o ./src/Tasks/Lcd/Fonts/font_charBI12.o ./src/Tasks/Lcd/Fonts/font_charBI14.o ./src/Tasks/Lcd/Fonts/font_charBI18.o ./src/Tasks/Lcd/Fonts/font_charBI24.o ./src/Tasks/Lcd/Fonts/font_charI08.o ./src/Tasks/Lcd/Fonts/font_charI10.o ./src/Tasks/Lcd/Fonts/font_charI12.o ./src/Tasks/Lcd/Fonts/font_charI14.o ./src/Tasks/Lcd/Fonts/font_charI18.o ./src/Tasks/Lcd/Fonts/font_charI24.o ./src/Tasks/Lcd/Fonts/font_charR08.o ./src/Tasks/Lcd/Fonts/font_charR10.o ./src/Tasks/Lcd/Fonts/font_charR12.o ./src/Tasks/Lcd/Fonts/font_charR14.o ./src/Tasks/Lcd/Fonts/font_charR18.o ./src/Tasks/Lcd/Fonts/font_charR24.o ./src/Tasks/Lcd/Fonts/font_clB6x10.o ./src/Tasks/Lcd/Fonts/font_clB6x12.o ./src/Tasks/Lcd/Fonts/font_clB8x10.o ./src/Tasks/Lcd/Fonts/font_clB8x12.o ./src/Tasks/Lcd/Fonts/font_clB8x13.o ./src/Tasks/Lcd/Fonts/font_clB8x14.o ./src/Tasks/Lcd/Fonts/font_clB8x16.o ./src/Tasks/Lcd/Fonts/font_clB8x8.o ./src/Tasks/Lcd/Fonts/font_clB9x15.o ./src/Tasks/Lcd/Fonts/font_clI6x12.o ./src/Tasks/Lcd/Fonts/font_clI8x8.o ./src/Tasks/Lcd/Fonts/font_clR4x6.o ./src/Tasks/Lcd/Fonts/font_clR5x10.o ./src/Tasks/Lcd/Fonts/font_clR5x6.o ./src/Tasks/Lcd/Fonts/font_clR5x8.o ./src/Tasks/Lcd/Fonts/font_clR6x10.o ./src/Tasks/Lcd/Fonts/font_clR6x12.o ./src/Tasks/Lcd/Fonts/font_clR6x13.o ./src/Tasks/Lcd/Fonts/font_clR6x6.o ./src/Tasks/Lcd/Fonts/font_clR6x8.o ./src/Tasks/Lcd/Fonts/font_clR7x10.o ./src/Tasks/Lcd/Fonts/font_clR7x12.o ./src/Tasks/Lcd/Fonts/font_clR7x14.o ./src/Tasks/Lcd/Fonts/font_clR7x8.o ./src/Tasks/Lcd/Fonts/font_clR8x10.o ./src/Tasks/Lcd/Fonts/font_clR8x12.o ./src/Tasks/Lcd/Fonts/font_clR8x13.o ./src/Tasks/Lcd/Fonts/font_clR8x14.o ./src/Tasks/Lcd/Fonts/font_clR8x16.o ./src/Tasks/Lcd/Fonts/font_clR8x8.o ./src/Tasks/Lcd/Fonts/font_clR9x15.o ./src/Tasks/Lcd/Fonts/font_courB08.o ./src/Tasks/Lcd/Fonts/font_courB10.o ./src/Tasks/Lcd/Fonts/font_courB12.o ./src/Tasks/Lcd/Fonts/font_courB14.o ./src/Tasks/Lcd/Fonts/font_courB18.o ./src/Tasks/Lcd/Fonts/font_courB24.o ./src/Tasks/Lcd/Fonts/font_courBO08.o ./src/Tasks/Lcd/Fonts/font_courBO10.o ./src/Tasks/Lcd/Fonts/font_courBO12.o ./src/Tasks/Lcd/Fonts/font_courBO14.o ./src/Tasks/Lcd/Fonts/font_courBO18.o ./src/Tasks/Lcd/Fonts/font_courBO24.o ./src/Tasks/Lcd/Fonts/font_courO08.o ./src/Tasks/Lcd/Fonts/font_courO10.o ./src/Tasks/Lcd/Fonts/font_courO12.o ./src/Tasks/Lcd/Fonts/font_courO14.o ./src/Tasks/Lcd/Fonts/font_courO18.o ./src/Tasks/Lcd/Fonts/font_courO24.o ./src/Tasks/Lcd/Fonts/font_courR08.o ./src/Tasks/Lcd/Fonts/font_courR10.o ./src/Tasks/Lcd/Fonts/font_courR12.o ./src/Tasks/Lcd/Fonts/font_courR14.o ./src/Tasks/Lcd/Fonts/font_courR18.o ./src/Tasks/Lcd/Fonts/font_courR24.o ./src/Tasks/Lcd/Fonts/font_cu12.o ./src/Tasks/Lcd/Fonts/font_helvB08.o ./src/Tasks/Lcd/Fonts/font_helvB10.o ./src/Tasks/Lcd/Fonts/font_helvB12.o ./src/Tasks/Lcd/Fonts/font_helvB14.o ./src/Tasks/Lcd/Fonts/font_helvB18.o ./src/Tasks/Lcd/Fonts/font_helvB24.o ./src/Tasks/Lcd/Fonts/font_helvBO08.o ./src/Tasks/Lcd/Fonts/font_helvBO10.o ./src/Tasks/Lcd/Fonts/font_helvBO12.o ./src/Tasks/Lcd/Fonts/font_helvBO14.o ./src/Tasks/Lcd/Fonts/font_helvBO18.o ./src/Tasks/Lcd/Fonts/font_helvBO24.o ./src/Tasks/Lcd/Fonts/font_helvO08.o ./src/Tasks/Lcd/Fonts/font_helvO10.o ./src/Tasks/Lcd/Fonts/font_helvO12.o ./src/Tasks/Lcd/Fonts/font_helvO14.o ./src/Tasks/Lcd/Fonts/font_helvO18.o ./src/Tasks/Lcd/Fonts/font_helvO24.o ./src/Tasks/Lcd/Fonts/font_helvR08.o ./src/Tasks/Lcd/Fonts/font_helvR10.o ./src/Tasks/Lcd/Fonts/font_helvR12.o ./src/Tasks/Lcd/Fonts/font_helvR14.o ./src/Tasks/Lcd/Fonts/font_helvR18.o ./src/Tasks/Lcd/Fonts/font_helvR24.o ./src/Tasks/Lcd/Fonts/font_luBIS08.o ./src/Tasks/Lcd/Fonts/font_luBIS10.o ./src/Tasks/Lcd/Fonts/font_luBIS12.o ./src/Tasks/Lcd/Fonts/font_luBIS14.o ./src/Tasks/Lcd/Fonts/font_luBIS18.o ./src/Tasks/Lcd/Fonts/font_luBIS19.o ./src/Tasks/Lcd/Fonts/font_luBIS24.o ./src/Tasks/Lcd/Fonts/font_luBS08.o ./src/Tasks/Lcd/Fonts/font_luBS10.o ./src/Tasks/Lcd/Fonts/font_luBS12.o ./src/Tasks/Lcd/Fonts/font_luBS14.o ./src/Tasks/Lcd/Fonts/font_luBS18.o ./src/Tasks/Lcd/Fonts/font_luBS19.o ./src/Tasks/Lcd/Fonts/font_luBS24.o ./src/Tasks/Lcd/Fonts/font_luIS08.o ./src/Tasks/Lcd/Fonts/font_luIS10.o ./src/Tasks/Lcd/Fonts/font_luIS12.o ./src/Tasks/Lcd/Fonts/font_luIS14.o ./src/Tasks/Lcd/Fonts/font_luIS18.o ./src/Tasks/Lcd/Fonts/font_luIS19.o ./src/Tasks/Lcd/Fonts/font_luIS24.o ./src/Tasks/Lcd/Fonts/font_luRS08.o ./src/Tasks/Lcd/Fonts/font_luRS10.o ./src/Tasks/Lcd/Fonts/font_luRS12.o ./src/Tasks/Lcd/Fonts/font_luRS14.o ./src/Tasks/Lcd/Fonts/font_luRS18.o ./src/Tasks/Lcd/Fonts/font_luRS19.o ./src/Tasks/Lcd/Fonts/font_luRS24.o ./src/Tasks/Lcd/Fonts/font_lubB08.o ./src/Tasks/Lcd/Fonts/font_lubB10.o ./src/Tasks/Lcd/Fonts/font_lubB12.o ./src/Tasks/Lcd/Fonts/font_lubB14.o ./src/Tasks/Lcd/Fonts/font_lubB18.o ./src/Tasks/Lcd/Fonts/font_lubB19.o ./src/Tasks/Lcd/Fonts/font_lubB24.o ./src/Tasks/Lcd/Fonts/font_lubBI08.o ./src/Tasks/Lcd/Fonts/font_lubBI10.o ./src/Tasks/Lcd/Fonts/font_lubBI12.o ./src/Tasks/Lcd/Fonts/font_lubBI14.o ./src/Tasks/Lcd/Fonts/font_lubBI18.o ./src/Tasks/Lcd/Fonts/font_lubBI19.o ./src/Tasks/Lcd/Fonts/font_lubBI24.o ./src/Tasks/Lcd/Fonts/font_lubI08.o ./src/Tasks/Lcd/Fonts/font_lubI10.o ./src/Tasks/Lcd/Fonts/font_lubI12.o ./src/Tasks/Lcd/Fonts/font_lubI14.o ./src/Tasks/Lcd/Fonts/font_lubI18.o ./src/Tasks/Lcd/Fonts/font_lubI19.o ./src/Tasks/Lcd/Fonts/font_lubI24.o ./src/Tasks/Lcd/Fonts/font_lubR08.o ./src/Tasks/Lcd/Fonts/font_lubR10.o ./src/Tasks/Lcd/Fonts/font_lubR12.o ./src/Tasks/Lcd/Fonts/font_lubR14.o ./src/Tasks/Lcd/Fonts/font_lubR18.o ./src/Tasks/Lcd/Fonts/font_lubR19.o ./src/Tasks/Lcd/Fonts/font_lubR24.o ./src/Tasks/Lcd/Fonts/font_lutBS08.o ./src/Tasks/Lcd/Fonts/font_lutBS10.o ./src/Tasks/Lcd/Fonts/font_lutBS12.o ./src/Tasks/Lcd/Fonts/font_lutBS14.o ./src/Tasks/Lcd/Fonts/font_lutBS18.o ./src/Tasks/Lcd/Fonts/font_lutBS19.o ./src/Tasks/Lcd/Fonts/font_lutBS24.o ./src/Tasks/Lcd/Fonts/font_lutRS08.o ./src/Tasks/Lcd/Fonts/font_lutRS10.o ./src/Tasks/Lcd/Fonts/font_lutRS12.o ./src/Tasks/Lcd/Fonts/font_lutRS14.o ./src/Tasks/Lcd/Fonts/font_lutRS18.o ./src/Tasks/Lcd/Fonts/font_lutRS19.o ./src/Tasks/Lcd/Fonts/font_lutRS24.o ./src/Tasks/Lcd/Fonts/font_micro.o ./src/Tasks/Lcd/Fonts/font_ncenB08.o ./src/Tasks/Lcd/Fonts/font_ncenB10.o ./src/Tasks/Lcd/Fonts/font_ncenB12.o ./src/Tasks/Lcd/Fonts/font_ncenB14.o ./src/Tasks/Lcd/Fonts/font_ncenB18.o ./src/Tasks/Lcd/Fonts/font_ncenB24.o ./src/Tasks/Lcd/Fonts/font_ncenBI08.o ./src/Tasks/Lcd/Fonts/font_ncenBI10.o ./src/Tasks/Lcd/Fonts/font_ncenBI12.o ./src/Tasks/Lcd/Fonts/font_ncenBI14.o ./src/Tasks/Lcd/Fonts/font_ncenBI18.o ./src/Tasks/Lcd/Fonts/font_ncenBI24.o ./src/Tasks/Lcd/Fonts/font_ncenI08.o ./src/Tasks/Lcd/Fonts/font_ncenI10.o ./src/Tasks/Lcd/Fonts/font_ncenI12.o ./src/Tasks/Lcd/Fonts/font_ncenI14.o ./src/Tasks/Lcd/Fonts/font_ncenI18.o ./src/Tasks/Lcd/Fonts/font_ncenI24.o ./src/Tasks/Lcd/Fonts/font_ncenR08.o ./src/Tasks/Lcd/Fonts/font_ncenR10.o ./src/Tasks/Lcd/Fonts/font_ncenR12.o ./src/Tasks/Lcd/Fonts/font_ncenR14.o ./src/Tasks/Lcd/Fonts/font_ncenR18.o ./src/Tasks/Lcd/Fonts/font_ncenR24.o ./src/Tasks/Lcd/Fonts/font_symb08.o ./src/Tasks/Lcd/Fonts/font_symb10.o ./src/Tasks/Lcd/Fonts/font_symb12.o ./src/Tasks/Lcd/Fonts/font_symb14.o ./src/Tasks/Lcd/Fonts/font_symb18.o ./src/Tasks/Lcd/Fonts/font_symb24.o ./src/Tasks/Lcd/Fonts/font_tech14.o ./src/Tasks/Lcd/Fonts/font_techB14.o ./src/Tasks/Lcd/Fonts/font_term14.o ./src/Tasks/Lcd/Fonts/font_termB14.o ./src/Tasks/Lcd/Fonts/font_timB08.o ./src/Tasks/Lcd/Fonts/font_timB10.o ./src/Tasks/Lcd/Fonts/font_timB12.o ./src/Tasks/Lcd/Fonts/font_timB14.o ./src/Tasks/Lcd/Fonts/font_timB18.o ./src/Tasks/Lcd/Fonts/font_timB24.o ./src/Tasks/Lcd/Fonts/font_timBI08.o ./src/Tasks/Lcd/Fonts/font_timBI10.o ./src/Tasks/Lcd/Fonts/font_timBI12.o ./src/Tasks/Lcd/Fonts/font_timBI14.o ./src/Tasks/Lcd/Fonts/font_timBI18.o ./src/Tasks/Lcd/Fonts/font_timBI24.o ./src/Tasks/Lcd/Fonts/font_timI08.o ./src/Tasks/Lcd/Fonts/font_timI10.o ./src/Tasks/Lcd/Fonts/font_timI12.o ./src/Tasks/Lcd/Fonts/font_timI14.o ./src/Tasks/Lcd/Fonts/font_timI18.o ./src/Tasks/Lcd/Fonts/font_timI24.o ./src/Tasks/Lcd/Fonts/font_timR08.o ./src/Tasks/Lcd/Fonts/font_timR10.o ./src/Tasks/Lcd/Fonts/font_timR12.o ./src/Tasks/Lcd/Fonts/font_timR14.o ./src/Tasks/Lcd/Fonts/font_timR18.o ./src/Tasks/Lcd/Fonts/font_timR24.o  ./src/Tasks/KeepAlive/taskKeepAlive.o  ./src/Tasks/Core/taskCore.o  ./src/Tasks/Adc/taskAdc.o  ./FreeRTOS_src/croutine.o ./FreeRTOS_src/list.o ./FreeRTOS_src/queue.o ./FreeRTOS_src/tasks.o ./FreeRTOS_src/timers.o  ./FreeRTOS_portable/port.o  ./FreeRTOS_portable/MemMang/heap_2.o   -lCMSISv2p00_LPC17xx -lDriversMcuPeripherals
Finished building target: SMCED.axf
 
make --no-print-directory post-build
Performing post-build steps
arm-none-eabi-size "SMCED.axf"; # arm-none-eabi-objcopy -O binary "SMCED.axf" "SMCED.bin" ; checksum -p LPC1769 -d "SMCED.bin";
   text	   data	    bss	    dec	    hex	filename
  21468	     20	  20264	  41752	   a318	SMCED.axf
 
