
**** Build of configuration Debug for project BaseBoarTest ****

make all 
Building file: ../src/cr_startup_lpc176x.c
Invoking: MCU C Compiler
arm-none-eabi-gcc -D__REDLIB__ -DDEBUG -D__CODE_RED -D__USE_CMSIS=CMSISv2p00_LPC17xx -I"/home/fanaur/workspacePruebas/CMSISv2p00_LPC17xx/inc" -I"/home/fanaur/workspacePruebas/BaseBoarTest/src/Lib_EaBaseBoard/inc" -I"/home/fanaur/workspacePruebas/BaseBoarTest/src/Lib_MCU/inc" -Os -g3 -Wall -c -fmessage-length=0 -fno-builtin -ffunction-sections -fdata-sections -mcpu=cortex-m3 -mthumb -MMD -MP -MF"src/cr_startup_lpc176x.d" -MT"src/cr_startup_lpc176x.d" -o"src/cr_startup_lpc176x.o" "../src/cr_startup_lpc176x.c"
Finished building: ../src/cr_startup_lpc176x.c
 
Building file: ../src/main.c
Invoking: MCU C Compiler
arm-none-eabi-gcc -D__REDLIB__ -DDEBUG -D__CODE_RED -D__USE_CMSIS=CMSISv2p00_LPC17xx -I"/home/fanaur/workspacePruebas/CMSISv2p00_LPC17xx/inc" -I"/home/fanaur/workspacePruebas/BaseBoarTest/src/Lib_EaBaseBoard/inc" -I"/home/fanaur/workspacePruebas/BaseBoarTest/src/Lib_MCU/inc" -O0 -g3 -Wall -c -fmessage-length=0 -fno-builtin -ffunction-sections -fdata-sections -mcpu=cortex-m3 -mthumb -MMD -MP -MF"src/main.d" -MT"src/main.d" -o"src/main.o" "../src/main.c"
Finished building: ../src/main.c
 
Building file: ../src/Lib_MCU/src/lpc17xx_adc.c
Invoking: MCU C Compiler
arm-none-eabi-gcc -D__REDLIB__ -DDEBUG -D__CODE_RED -D__USE_CMSIS=CMSISv2p00_LPC17xx -I"/home/fanaur/workspacePruebas/CMSISv2p00_LPC17xx/inc" -I"/home/fanaur/workspacePruebas/BaseBoarTest/src/Lib_EaBaseBoard/inc" -I"/home/fanaur/workspacePruebas/BaseBoarTest/src/Lib_MCU/inc" -O0 -g3 -Wall -c -fmessage-length=0 -fno-builtin -ffunction-sections -fdata-sections -mcpu=cortex-m3 -mthumb -MMD -MP -MF"src/Lib_MCU/src/lpc17xx_adc.d" -MT"src/Lib_MCU/src/lpc17xx_adc.d" -o"src/Lib_MCU/src/lpc17xx_adc.o" "../src/Lib_MCU/src/lpc17xx_adc.c"
Finished building: ../src/Lib_MCU/src/lpc17xx_adc.c
 
Building file: ../src/Lib_MCU/src/lpc17xx_can.c
Invoking: MCU C Compiler
arm-none-eabi-gcc -D__REDLIB__ -DDEBUG -D__CODE_RED -D__USE_CMSIS=CMSISv2p00_LPC17xx -I"/home/fanaur/workspacePruebas/CMSISv2p00_LPC17xx/inc" -I"/home/fanaur/workspacePruebas/BaseBoarTest/src/Lib_EaBaseBoard/inc" -I"/home/fanaur/workspacePruebas/BaseBoarTest/src/Lib_MCU/inc" -O0 -g3 -Wall -c -fmessage-length=0 -fno-builtin -ffunction-sections -fdata-sections -mcpu=cortex-m3 -mthumb -MMD -MP -MF"src/Lib_MCU/src/lpc17xx_can.d" -MT"src/Lib_MCU/src/lpc17xx_can.d" -o"src/Lib_MCU/src/lpc17xx_can.o" "../src/Lib_MCU/src/lpc17xx_can.c"
Finished building: ../src/Lib_MCU/src/lpc17xx_can.c
 
Building file: ../src/Lib_MCU/src/lpc17xx_clkpwr.c
Invoking: MCU C Compiler
arm-none-eabi-gcc -D__REDLIB__ -DDEBUG -D__CODE_RED -D__USE_CMSIS=CMSISv2p00_LPC17xx -I"/home/fanaur/workspacePruebas/CMSISv2p00_LPC17xx/inc" -I"/home/fanaur/workspacePruebas/BaseBoarTest/src/Lib_EaBaseBoard/inc" -I"/home/fanaur/workspacePruebas/BaseBoarTest/src/Lib_MCU/inc" -O0 -g3 -Wall -c -fmessage-length=0 -fno-builtin -ffunction-sections -fdata-sections -mcpu=cortex-m3 -mthumb -MMD -MP -MF"src/Lib_MCU/src/lpc17xx_clkpwr.d" -MT"src/Lib_MCU/src/lpc17xx_clkpwr.d" -o"src/Lib_MCU/src/lpc17xx_clkpwr.o" "../src/Lib_MCU/src/lpc17xx_clkpwr.c"
Finished building: ../src/Lib_MCU/src/lpc17xx_clkpwr.c
 
Building file: ../src/Lib_MCU/src/lpc17xx_dac.c
Invoking: MCU C Compiler
arm-none-eabi-gcc -D__REDLIB__ -DDEBUG -D__CODE_RED -D__USE_CMSIS=CMSISv2p00_LPC17xx -I"/home/fanaur/workspacePruebas/CMSISv2p00_LPC17xx/inc" -I"/home/fanaur/workspacePruebas/BaseBoarTest/src/Lib_EaBaseBoard/inc" -I"/home/fanaur/workspacePruebas/BaseBoarTest/src/Lib_MCU/inc" -O0 -g3 -Wall -c -fmessage-length=0 -fno-builtin -ffunction-sections -fdata-sections -mcpu=cortex-m3 -mthumb -MMD -MP -MF"src/Lib_MCU/src/lpc17xx_dac.d" -MT"src/Lib_MCU/src/lpc17xx_dac.d" -o"src/Lib_MCU/src/lpc17xx_dac.o" "../src/Lib_MCU/src/lpc17xx_dac.c"
Finished building: ../src/Lib_MCU/src/lpc17xx_dac.c
 
Building file: ../src/Lib_MCU/src/lpc17xx_emac.c
Invoking: MCU C Compiler
arm-none-eabi-gcc -D__REDLIB__ -DDEBUG -D__CODE_RED -D__USE_CMSIS=CMSISv2p00_LPC17xx -I"/home/fanaur/workspacePruebas/CMSISv2p00_LPC17xx/inc" -I"/home/fanaur/workspacePruebas/BaseBoarTest/src/Lib_EaBaseBoard/inc" -I"/home/fanaur/workspacePruebas/BaseBoarTest/src/Lib_MCU/inc" -O0 -g3 -Wall -c -fmessage-length=0 -fno-builtin -ffunction-sections -fdata-sections -mcpu=cortex-m3 -mthumb -MMD -MP -MF"src/Lib_MCU/src/lpc17xx_emac.d" -MT"src/Lib_MCU/src/lpc17xx_emac.d" -o"src/Lib_MCU/src/lpc17xx_emac.o" "../src/Lib_MCU/src/lpc17xx_emac.c"
Finished building: ../src/Lib_MCU/src/lpc17xx_emac.c
 
Building file: ../src/Lib_MCU/src/lpc17xx_exti.c
Invoking: MCU C Compiler
arm-none-eabi-gcc -D__REDLIB__ -DDEBUG -D__CODE_RED -D__USE_CMSIS=CMSISv2p00_LPC17xx -I"/home/fanaur/workspacePruebas/CMSISv2p00_LPC17xx/inc" -I"/home/fanaur/workspacePruebas/BaseBoarTest/src/Lib_EaBaseBoard/inc" -I"/home/fanaur/workspacePruebas/BaseBoarTest/src/Lib_MCU/inc" -O0 -g3 -Wall -c -fmessage-length=0 -fno-builtin -ffunction-sections -fdata-sections -mcpu=cortex-m3 -mthumb -MMD -MP -MF"src/Lib_MCU/src/lpc17xx_exti.d" -MT"src/Lib_MCU/src/lpc17xx_exti.d" -o"src/Lib_MCU/src/lpc17xx_exti.o" "../src/Lib_MCU/src/lpc17xx_exti.c"
../src/Lib_MCU/src/lpc17xx_uart.c: In function 'UART_SendString':
Finished building: ../src/Lib_MCU/src/lpc17xx_exti.c
../src/Lib_MCU/src/lpc17xx_uart.c:1382:2: warning: implicit declaration of function 'strlen'
 
Building file: ../src/Lib_MCU/src/lpc17xx_gpdma.c
Invoking: MCU C Compiler
arm-none-eabi-gcc -D__REDLIB__ -DDEBUG -D__CODE_RED -D__USE_CMSIS=CMSISv2p00_LPC17xx -I"/home/fanaur/workspacePruebas/CMSISv2p00_LPC17xx/inc" -I"/home/fanaur/workspacePruebas/BaseBoarTest/src/Lib_EaBaseBoard/inc" -I"/home/fanaur/workspacePruebas/BaseBoarTest/src/Lib_MCU/inc" -O0 -g3 -Wall -c -fmessage-length=0 -fno-builtin -ffunction-sections -fdata-sections -mcpu=cortex-m3 -mthumb -MMD -MP -MF"src/Lib_MCU/src/lpc17xx_gpdma.d" -MT"src/Lib_MCU/src/lpc17xx_gpdma.d" -o"src/Lib_MCU/src/lpc17xx_gpdma.o" "../src/Lib_MCU/src/lpc17xx_gpdma.c"
Finished building: ../src/Lib_MCU/src/lpc17xx_gpdma.c
 
Building file: ../src/Lib_MCU/src/lpc17xx_gpio.c
Invoking: MCU C Compiler
arm-none-eabi-gcc -D__REDLIB__ -DDEBUG -D__CODE_RED -D__USE_CMSIS=CMSISv2p00_LPC17xx -I"/home/fanaur/workspacePruebas/CMSISv2p00_LPC17xx/inc" -I"/home/fanaur/workspacePruebas/BaseBoarTest/src/Lib_EaBaseBoard/inc" -I"/home/fanaur/workspacePruebas/BaseBoarTest/src/Lib_MCU/inc" -O0 -g3 -Wall -c -fmessage-length=0 -fno-builtin -ffunction-sections -fdata-sections -mcpu=cortex-m3 -mthumb -MMD -MP -MF"src/Lib_MCU/src/lpc17xx_gpio.d" -MT"src/Lib_MCU/src/lpc17xx_gpio.d" -o"src/Lib_MCU/src/lpc17xx_gpio.o" "../src/Lib_MCU/src/lpc17xx_gpio.c"
Finished building: ../src/Lib_MCU/src/lpc17xx_gpio.c
 
Building file: ../src/Lib_MCU/src/lpc17xx_i2c.c
Invoking: MCU C Compiler
arm-none-eabi-gcc -D__REDLIB__ -DDEBUG -D__CODE_RED -D__USE_CMSIS=CMSISv2p00_LPC17xx -I"/home/fanaur/workspacePruebas/CMSISv2p00_LPC17xx/inc" -I"/home/fanaur/workspacePruebas/BaseBoarTest/src/Lib_EaBaseBoard/inc" -I"/home/fanaur/workspacePruebas/BaseBoarTest/src/Lib_MCU/inc" -O0 -g3 -Wall -c -fmessage-length=0 -fno-builtin -ffunction-sections -fdata-sections -mcpu=cortex-m3 -mthumb -MMD -MP -MF"src/Lib_MCU/src/lpc17xx_i2c.d" -MT"src/Lib_MCU/src/lpc17xx_i2c.d" -o"src/Lib_MCU/src/lpc17xx_i2c.o" "../src/Lib_MCU/src/lpc17xx_i2c.c"
Finished building: ../src/Lib_MCU/src/lpc17xx_i2c.c
 
Building file: ../src/Lib_MCU/src/lpc17xx_i2s.c
Invoking: MCU C Compiler
arm-none-eabi-gcc -D__REDLIB__ -DDEBUG -D__CODE_RED -D__USE_CMSIS=CMSISv2p00_LPC17xx -I"/home/fanaur/workspacePruebas/CMSISv2p00_LPC17xx/inc" -I"/home/fanaur/workspacePruebas/BaseBoarTest/src/Lib_EaBaseBoard/inc" -I"/home/fanaur/workspacePruebas/BaseBoarTest/src/Lib_MCU/inc" -O0 -g3 -Wall -c -fmessage-length=0 -fno-builtin -ffunction-sections -fdata-sections -mcpu=cortex-m3 -mthumb -MMD -MP -MF"src/Lib_MCU/src/lpc17xx_i2s.d" -MT"src/Lib_MCU/src/lpc17xx_i2s.d" -o"src/Lib_MCU/src/lpc17xx_i2s.o" "../src/Lib_MCU/src/lpc17xx_i2s.c"
Finished building: ../src/Lib_MCU/src/lpc17xx_i2s.c
 
Building file: ../src/Lib_MCU/src/lpc17xx_libcfg_default.c
Invoking: MCU C Compiler
arm-none-eabi-gcc -D__REDLIB__ -DDEBUG -D__CODE_RED -D__USE_CMSIS=CMSISv2p00_LPC17xx -I"/home/fanaur/workspacePruebas/CMSISv2p00_LPC17xx/inc" -I"/home/fanaur/workspacePruebas/BaseBoarTest/src/Lib_EaBaseBoard/inc" -I"/home/fanaur/workspacePruebas/BaseBoarTest/src/Lib_MCU/inc" -O0 -g3 -Wall -c -fmessage-length=0 -fno-builtin -ffunction-sections -fdata-sections -mcpu=cortex-m3 -mthumb -MMD -MP -MF"src/Lib_MCU/src/lpc17xx_libcfg_default.d" -MT"src/Lib_MCU/src/lpc17xx_libcfg_default.d" -o"src/Lib_MCU/src/lpc17xx_libcfg_default.o" "../src/Lib_MCU/src/lpc17xx_libcfg_default.c"
Finished building: ../src/Lib_MCU/src/lpc17xx_libcfg_default.c
 
Building file: ../src/Lib_MCU/src/lpc17xx_mcpwm.c
Invoking: MCU C Compiler
arm-none-eabi-gcc -D__REDLIB__ -DDEBUG -D__CODE_RED -D__USE_CMSIS=CMSISv2p00_LPC17xx -I"/home/fanaur/workspacePruebas/CMSISv2p00_LPC17xx/inc" -I"/home/fanaur/workspacePruebas/BaseBoarTest/src/Lib_EaBaseBoard/inc" -I"/home/fanaur/workspacePruebas/BaseBoarTest/src/Lib_MCU/inc" -O0 -g3 -Wall -c -fmessage-length=0 -fno-builtin -ffunction-sections -fdata-sections -mcpu=cortex-m3 -mthumb -MMD -MP -MF"src/Lib_MCU/src/lpc17xx_mcpwm.d" -MT"src/Lib_MCU/src/lpc17xx_mcpwm.d" -o"src/Lib_MCU/src/lpc17xx_mcpwm.o" "../src/Lib_MCU/src/lpc17xx_mcpwm.c"
Finished building: ../src/Lib_MCU/src/lpc17xx_mcpwm.c
 
Building file: ../src/Lib_MCU/src/lpc17xx_nvic.c
Invoking: MCU C Compiler
arm-none-eabi-gcc -D__REDLIB__ -DDEBUG -D__CODE_RED -D__USE_CMSIS=CMSISv2p00_LPC17xx -I"/home/fanaur/workspacePruebas/CMSISv2p00_LPC17xx/inc" -I"/home/fanaur/workspacePruebas/BaseBoarTest/src/Lib_EaBaseBoard/inc" -I"/home/fanaur/workspacePruebas/BaseBoarTest/src/Lib_MCU/inc" -O0 -g3 -Wall -c -fmessage-length=0 -fno-builtin -ffunction-sections -fdata-sections -mcpu=cortex-m3 -mthumb -MMD -MP -MF"src/Lib_MCU/src/lpc17xx_nvic.d" -MT"src/Lib_MCU/src/lpc17xx_nvic.d" -o"src/Lib_MCU/src/lpc17xx_nvic.o" "../src/Lib_MCU/src/lpc17xx_nvic.c"
Finished building: ../src/Lib_MCU/src/lpc17xx_nvic.c
 
Building file: ../src/Lib_MCU/src/lpc17xx_pinsel.c
Invoking: MCU C Compiler
arm-none-eabi-gcc -D__REDLIB__ -DDEBUG -D__CODE_RED -D__USE_CMSIS=CMSISv2p00_LPC17xx -I"/home/fanaur/workspacePruebas/CMSISv2p00_LPC17xx/inc" -I"/home/fanaur/workspacePruebas/BaseBoarTest/src/Lib_EaBaseBoard/inc" -I"/home/fanaur/workspacePruebas/BaseBoarTest/src/Lib_MCU/inc" -O0 -g3 -Wall -c -fmessage-length=0 -fno-builtin -ffunction-sections -fdata-sections -mcpu=cortex-m3 -mthumb -MMD -MP -MF"src/Lib_MCU/src/lpc17xx_pinsel.d" -MT"src/Lib_MCU/src/lpc17xx_pinsel.d" -o"src/Lib_MCU/src/lpc17xx_pinsel.o" "../src/Lib_MCU/src/lpc17xx_pinsel.c"
Finished building: ../src/Lib_MCU/src/lpc17xx_pinsel.c
 
Building file: ../src/Lib_MCU/src/lpc17xx_pwm.c
Invoking: MCU C Compiler
arm-none-eabi-gcc -D__REDLIB__ -DDEBUG -D__CODE_RED -D__USE_CMSIS=CMSISv2p00_LPC17xx -I"/home/fanaur/workspacePruebas/CMSISv2p00_LPC17xx/inc" -I"/home/fanaur/workspacePruebas/BaseBoarTest/src/Lib_EaBaseBoard/inc" -I"/home/fanaur/workspacePruebas/BaseBoarTest/src/Lib_MCU/inc" -O0 -g3 -Wall -c -fmessage-length=0 -fno-builtin -ffunction-sections -fdata-sections -mcpu=cortex-m3 -mthumb -MMD -MP -MF"src/Lib_MCU/src/lpc17xx_pwm.d" -MT"src/Lib_MCU/src/lpc17xx_pwm.d" -o"src/Lib_MCU/src/lpc17xx_pwm.o" "../src/Lib_MCU/src/lpc17xx_pwm.c"
Finished building: ../src/Lib_MCU/src/lpc17xx_pwm.c
 
Building file: ../src/Lib_MCU/src/lpc17xx_qei.c
Invoking: MCU C Compiler
arm-none-eabi-gcc -D__REDLIB__ -DDEBUG -D__CODE_RED -D__USE_CMSIS=CMSISv2p00_LPC17xx -I"/home/fanaur/workspacePruebas/CMSISv2p00_LPC17xx/inc" -I"/home/fanaur/workspacePruebas/BaseBoarTest/src/Lib_EaBaseBoard/inc" -I"/home/fanaur/workspacePruebas/BaseBoarTest/src/Lib_MCU/inc" -O0 -g3 -Wall -c -fmessage-length=0 -fno-builtin -ffunction-sections -fdata-sections -mcpu=cortex-m3 -mthumb -MMD -MP -MF"src/Lib_MCU/src/lpc17xx_qei.d" -MT"src/Lib_MCU/src/lpc17xx_qei.d" -o"src/Lib_MCU/src/lpc17xx_qei.o" "../src/Lib_MCU/src/lpc17xx_qei.c"
Finished building: ../src/Lib_MCU/src/lpc17xx_qei.c
 
Building file: ../src/Lib_MCU/src/lpc17xx_rit.c
Invoking: MCU C Compiler
arm-none-eabi-gcc -D__REDLIB__ -DDEBUG -D__CODE_RED -D__USE_CMSIS=CMSISv2p00_LPC17xx -I"/home/fanaur/workspacePruebas/CMSISv2p00_LPC17xx/inc" -I"/home/fanaur/workspacePruebas/BaseBoarTest/src/Lib_EaBaseBoard/inc" -I"/home/fanaur/workspacePruebas/BaseBoarTest/src/Lib_MCU/inc" -O0 -g3 -Wall -c -fmessage-length=0 -fno-builtin -ffunction-sections -fdata-sections -mcpu=cortex-m3 -mthumb -MMD -MP -MF"src/Lib_MCU/src/lpc17xx_rit.d" -MT"src/Lib_MCU/src/lpc17xx_rit.d" -o"src/Lib_MCU/src/lpc17xx_rit.o" "../src/Lib_MCU/src/lpc17xx_rit.c"
Finished building: ../src/Lib_MCU/src/lpc17xx_rit.c
 
Building file: ../src/Lib_MCU/src/lpc17xx_rtc.c
Invoking: MCU C Compiler
arm-none-eabi-gcc -D__REDLIB__ -DDEBUG -D__CODE_RED -D__USE_CMSIS=CMSISv2p00_LPC17xx -I"/home/fanaur/workspacePruebas/CMSISv2p00_LPC17xx/inc" -I"/home/fanaur/workspacePruebas/BaseBoarTest/src/Lib_EaBaseBoard/inc" -I"/home/fanaur/workspacePruebas/BaseBoarTest/src/Lib_MCU/inc" -O0 -g3 -Wall -c -fmessage-length=0 -fno-builtin -ffunction-sections -fdata-sections -mcpu=cortex-m3 -mthumb -MMD -MP -MF"src/Lib_MCU/src/lpc17xx_rtc.d" -MT"src/Lib_MCU/src/lpc17xx_rtc.d" -o"src/Lib_MCU/src/lpc17xx_rtc.o" "../src/Lib_MCU/src/lpc17xx_rtc.c"
Finished building: ../src/Lib_MCU/src/lpc17xx_rtc.c
 
Building file: ../src/Lib_MCU/src/lpc17xx_spi.c
Invoking: MCU C Compiler
arm-none-eabi-gcc -D__REDLIB__ -DDEBUG -D__CODE_RED -D__USE_CMSIS=CMSISv2p00_LPC17xx -I"/home/fanaur/workspacePruebas/CMSISv2p00_LPC17xx/inc" -I"/home/fanaur/workspacePruebas/BaseBoarTest/src/Lib_EaBaseBoard/inc" -I"/home/fanaur/workspacePruebas/BaseBoarTest/src/Lib_MCU/inc" -O0 -g3 -Wall -c -fmessage-length=0 -fno-builtin -ffunction-sections -fdata-sections -mcpu=cortex-m3 -mthumb -MMD -MP -MF"src/Lib_MCU/src/lpc17xx_spi.d" -MT"src/Lib_MCU/src/lpc17xx_spi.d" -o"src/Lib_MCU/src/lpc17xx_spi.o" "../src/Lib_MCU/src/lpc17xx_spi.c"
Finished building: ../src/Lib_MCU/src/lpc17xx_spi.c
 
Building file: ../src/Lib_MCU/src/lpc17xx_ssp.c
Invoking: MCU C Compiler
arm-none-eabi-gcc -D__REDLIB__ -DDEBUG -D__CODE_RED -D__USE_CMSIS=CMSISv2p00_LPC17xx -I"/home/fanaur/workspacePruebas/CMSISv2p00_LPC17xx/inc" -I"/home/fanaur/workspacePruebas/BaseBoarTest/src/Lib_EaBaseBoard/inc" -I"/home/fanaur/workspacePruebas/BaseBoarTest/src/Lib_MCU/inc" -O0 -g3 -Wall -c -fmessage-length=0 -fno-builtin -ffunction-sections -fdata-sections -mcpu=cortex-m3 -mthumb -MMD -MP -MF"src/Lib_MCU/src/lpc17xx_ssp.d" -MT"src/Lib_MCU/src/lpc17xx_ssp.d" -o"src/Lib_MCU/src/lpc17xx_ssp.o" "../src/Lib_MCU/src/lpc17xx_ssp.c"
Finished building: ../src/Lib_MCU/src/lpc17xx_ssp.c
 
Building file: ../src/Lib_MCU/src/lpc17xx_systick.c
Invoking: MCU C Compiler
arm-none-eabi-gcc -D__REDLIB__ -DDEBUG -D__CODE_RED -D__USE_CMSIS=CMSISv2p00_LPC17xx -I"/home/fanaur/workspacePruebas/CMSISv2p00_LPC17xx/inc" -I"/home/fanaur/workspacePruebas/BaseBoarTest/src/Lib_EaBaseBoard/inc" -I"/home/fanaur/workspacePruebas/BaseBoarTest/src/Lib_MCU/inc" -O0 -g3 -Wall -c -fmessage-length=0 -fno-builtin -ffunction-sections -fdata-sections -mcpu=cortex-m3 -mthumb -MMD -MP -MF"src/Lib_MCU/src/lpc17xx_systick.d" -MT"src/Lib_MCU/src/lpc17xx_systick.d" -o"src/Lib_MCU/src/lpc17xx_systick.o" "../src/Lib_MCU/src/lpc17xx_systick.c"
Finished building: ../src/Lib_MCU/src/lpc17xx_systick.c
 
Building file: ../src/Lib_MCU/src/lpc17xx_timer.c
Invoking: MCU C Compiler
arm-none-eabi-gcc -D__REDLIB__ -DDEBUG -D__CODE_RED -D__USE_CMSIS=CMSISv2p00_LPC17xx -I"/home/fanaur/workspacePruebas/CMSISv2p00_LPC17xx/inc" -I"/home/fanaur/workspacePruebas/BaseBoarTest/src/Lib_EaBaseBoard/inc" -I"/home/fanaur/workspacePruebas/BaseBoarTest/src/Lib_MCU/inc" -O0 -g3 -Wall -c -fmessage-length=0 -fno-builtin -ffunction-sections -fdata-sections -mcpu=cortex-m3 -mthumb -MMD -MP -MF"src/Lib_MCU/src/lpc17xx_timer.d" -MT"src/Lib_MCU/src/lpc17xx_timer.d" -o"src/Lib_MCU/src/lpc17xx_timer.o" "../src/Lib_MCU/src/lpc17xx_timer.c"
Finished building: ../src/Lib_MCU/src/lpc17xx_timer.c
 
Building file: ../src/Lib_MCU/src/lpc17xx_uart.c
Invoking: MCU C Compiler
arm-none-eabi-gcc -D__REDLIB__ -DDEBUG -D__CODE_RED -D__USE_CMSIS=CMSISv2p00_LPC17xx -I"/home/fanaur/workspacePruebas/CMSISv2p00_LPC17xx/inc" -I"/home/fanaur/workspacePruebas/BaseBoarTest/src/Lib_EaBaseBoard/inc" -I"/home/fanaur/workspacePruebas/BaseBoarTest/src/Lib_MCU/inc" -O0 -g3 -Wall -c -fmessage-length=0 -fno-builtin -ffunction-sections -fdata-sections -mcpu=cortex-m3 -mthumb -MMD -MP -MF"src/Lib_MCU/src/lpc17xx_uart.d" -MT"src/Lib_MCU/src/lpc17xx_uart.d" -o"src/Lib_MCU/src/lpc17xx_uart.o" "../src/Lib_MCU/src/lpc17xx_uart.c"
Finished building: ../src/Lib_MCU/src/lpc17xx_uart.c
 
Building file: ../src/Lib_MCU/src/lpc17xx_wdt.c
Invoking: MCU C Compiler
arm-none-eabi-gcc -D__REDLIB__ -DDEBUG -D__CODE_RED -D__USE_CMSIS=CMSISv2p00_LPC17xx -I"/home/fanaur/workspacePruebas/CMSISv2p00_LPC17xx/inc" -I"/home/fanaur/workspacePruebas/BaseBoarTest/src/Lib_EaBaseBoard/inc" -I"/home/fanaur/workspacePruebas/BaseBoarTest/src/Lib_MCU/inc" -O0 -g3 -Wall -c -fmessage-length=0 -fno-builtin -ffunction-sections -fdata-sections -mcpu=cortex-m3 -mthumb -MMD -MP -MF"src/Lib_MCU/src/lpc17xx_wdt.d" -MT"src/Lib_MCU/src/lpc17xx_wdt.d" -o"src/Lib_MCU/src/lpc17xx_wdt.o" "../src/Lib_MCU/src/lpc17xx_wdt.c"
Finished building: ../src/Lib_MCU/src/lpc17xx_wdt.c
 
Building file: ../src/Lib_EaBaseBoard/src/acc.c
Invoking: MCU C Compiler
arm-none-eabi-gcc -D__REDLIB__ -DDEBUG -D__CODE_RED -D__USE_CMSIS=CMSISv2p00_LPC17xx -I"/home/fanaur/workspacePruebas/CMSISv2p00_LPC17xx/inc" -I"/home/fanaur/workspacePruebas/BaseBoarTest/src/Lib_EaBaseBoard/inc" -I"/home/fanaur/workspacePruebas/BaseBoarTest/src/Lib_MCU/inc" -O0 -g3 -Wall -c -fmessage-length=0 -fno-builtin -ffunction-sections -fdata-sections -mcpu=cortex-m3 -mthumb -MMD -MP -MF"src/Lib_EaBaseBoard/src/acc.d" -MT"src/Lib_EaBaseBoard/src/acc.d" -o"src/Lib_EaBaseBoard/src/acc.o" "../src/Lib_EaBaseBoard/src/acc.c"
Finished building: ../src/Lib_EaBaseBoard/src/acc.c
 
Building file: ../src/Lib_EaBaseBoard/src/eeprom.c
Invoking: MCU C Compiler
arm-none-eabi-gcc -D__REDLIB__ -DDEBUG -D__CODE_RED -D__USE_CMSIS=CMSISv2p00_LPC17xx -I"/home/fanaur/workspacePruebas/CMSISv2p00_LPC17xx/inc" -I"/home/fanaur/workspacePruebas/BaseBoarTest/src/Lib_EaBaseBoard/inc" -I"/home/fanaur/workspacePruebas/BaseBoarTest/src/Lib_MCU/inc" -O0 -g3 -Wall -c -fmessage-length=0 -fno-builtin -ffunction-sections -fdata-sections -mcpu=cortex-m3 -mthumb -MMD -MP -MF"src/Lib_EaBaseBoard/src/eeprom.d" -MT"src/Lib_EaBaseBoard/src/eeprom.d" -o"src/Lib_EaBaseBoard/src/eeprom.o" "../src/Lib_EaBaseBoard/src/eeprom.c"
Finished building: ../src/Lib_EaBaseBoard/src/eeprom.c
 
Building file: ../src/Lib_EaBaseBoard/src/flash.c
Invoking: MCU C Compiler
arm-none-eabi-gcc -D__REDLIB__ -DDEBUG -D__CODE_RED -D__USE_CMSIS=CMSISv2p00_LPC17xx -I"/home/fanaur/workspacePruebas/CMSISv2p00_LPC17xx/inc" -I"/home/fanaur/workspacePruebas/BaseBoarTest/src/Lib_EaBaseBoard/inc" -I"/home/fanaur/workspacePruebas/BaseBoarTest/src/Lib_MCU/inc" -O0 -g3 -Wall -c -fmessage-length=0 -fno-builtin -ffunction-sections -fdata-sections -mcpu=cortex-m3 -mthumb -MMD -MP -MF"src/Lib_EaBaseBoard/src/flash.d" -MT"src/Lib_EaBaseBoard/src/flash.d" -o"src/Lib_EaBaseBoard/src/flash.o" "../src/Lib_EaBaseBoard/src/flash.c"
Finished building: ../src/Lib_EaBaseBoard/src/flash.c
 
Building file: ../src/Lib_EaBaseBoard/src/font5x7.c
Invoking: MCU C Compiler
arm-none-eabi-gcc -D__REDLIB__ -DDEBUG -D__CODE_RED -D__USE_CMSIS=CMSISv2p00_LPC17xx -I"/home/fanaur/workspacePruebas/CMSISv2p00_LPC17xx/inc" -I"/home/fanaur/workspacePruebas/BaseBoarTest/src/Lib_EaBaseBoard/inc" -I"/home/fanaur/workspacePruebas/BaseBoarTest/src/Lib_MCU/inc" -O0 -g3 -Wall -c -fmessage-length=0 -fno-builtin -ffunction-sections -fdata-sections -mcpu=cortex-m3 -mthumb -MMD -MP -MF"src/Lib_EaBaseBoard/src/font5x7.d" -MT"src/Lib_EaBaseBoard/src/font5x7.d" -o"src/Lib_EaBaseBoard/src/font5x7.o" "../src/Lib_EaBaseBoard/src/font5x7.c"
Finished building: ../src/Lib_EaBaseBoard/src/font5x7.c
 
Building file: ../src/Lib_EaBaseBoard/src/joystick.c
Invoking: MCU C Compiler
arm-none-eabi-gcc -D__REDLIB__ -DDEBUG -D__CODE_RED -D__USE_CMSIS=CMSISv2p00_LPC17xx -I"/home/fanaur/workspacePruebas/CMSISv2p00_LPC17xx/inc" -I"/home/fanaur/workspacePruebas/BaseBoarTest/src/Lib_EaBaseBoard/inc" -I"/home/fanaur/workspacePruebas/BaseBoarTest/src/Lib_MCU/inc" -O0 -g3 -Wall -c -fmessage-length=0 -fno-builtin -ffunction-sections -fdata-sections -mcpu=cortex-m3 -mthumb -MMD -MP -MF"src/Lib_EaBaseBoard/src/joystick.d" -MT"src/Lib_EaBaseBoard/src/joystick.d" -o"src/Lib_EaBaseBoard/src/joystick.o" "../src/Lib_EaBaseBoard/src/joystick.c"
Finished building: ../src/Lib_EaBaseBoard/src/joystick.c
 
Building file: ../src/Lib_EaBaseBoard/src/led7seg.c
Invoking: MCU C Compiler
arm-none-eabi-gcc -D__REDLIB__ -DDEBUG -D__CODE_RED -D__USE_CMSIS=CMSISv2p00_LPC17xx -I"/home/fanaur/workspacePruebas/CMSISv2p00_LPC17xx/inc" -I"/home/fanaur/workspacePruebas/BaseBoarTest/src/Lib_EaBaseBoard/inc" -I"/home/fanaur/workspacePruebas/BaseBoarTest/src/Lib_MCU/inc" -O0 -g3 -Wall -c -fmessage-length=0 -fno-builtin -ffunction-sections -fdata-sections -mcpu=cortex-m3 -mthumb -MMD -MP -MF"src/Lib_EaBaseBoard/src/led7seg.d" -MT"src/Lib_EaBaseBoard/src/led7seg.d" -o"src/Lib_EaBaseBoard/src/led7seg.o" "../src/Lib_EaBaseBoard/src/led7seg.c"
Finished building: ../src/Lib_EaBaseBoard/src/led7seg.c
 
Building file: ../src/Lib_EaBaseBoard/src/light.c
Invoking: MCU C Compiler
arm-none-eabi-gcc -D__REDLIB__ -DDEBUG -D__CODE_RED -D__USE_CMSIS=CMSISv2p00_LPC17xx -I"/home/fanaur/workspacePruebas/CMSISv2p00_LPC17xx/inc" -I"/home/fanaur/workspacePruebas/BaseBoarTest/src/Lib_EaBaseBoard/inc" -I"/home/fanaur/workspacePruebas/BaseBoarTest/src/Lib_MCU/inc" -O0 -g3 -Wall -c -fmessage-length=0 -fno-builtin -ffunction-sections -fdata-sections -mcpu=cortex-m3 -mthumb -MMD -MP -MF"src/Lib_EaBaseBoard/src/light.d" -MT"src/Lib_EaBaseBoard/src/light.d" -o"src/Lib_EaBaseBoard/src/light.o" "../src/Lib_EaBaseBoard/src/light.c"
Finished building: ../src/Lib_EaBaseBoard/src/light.c
 
Building file: ../src/Lib_EaBaseBoard/src/oled.c
Invoking: MCU C Compiler
arm-none-eabi-gcc -D__REDLIB__ -DDEBUG -D__CODE_RED -D__USE_CMSIS=CMSISv2p00_LPC17xx -I"/home/fanaur/workspacePruebas/CMSISv2p00_LPC17xx/inc" -I"/home/fanaur/workspacePruebas/BaseBoarTest/src/Lib_EaBaseBoard/inc" -I"/home/fanaur/workspacePruebas/BaseBoarTest/src/Lib_MCU/inc" -O0 -g3 -Wall -c -fmessage-length=0 -fno-builtin -ffunction-sections -fdata-sections -mcpu=cortex-m3 -mthumb -MMD -MP -MF"src/Lib_EaBaseBoard/src/oled.d" -MT"src/Lib_EaBaseBoard/src/oled.d" -o"src/Lib_EaBaseBoard/src/oled.o" "../src/Lib_EaBaseBoard/src/oled.c"
Finished building: ../src/Lib_EaBaseBoard/src/oled.c
 
Building file: ../src/Lib_EaBaseBoard/src/pca9532.c
Invoking: MCU C Compiler
arm-none-eabi-gcc -D__REDLIB__ -DDEBUG -D__CODE_RED -D__USE_CMSIS=CMSISv2p00_LPC17xx -I"/home/fanaur/workspacePruebas/CMSISv2p00_LPC17xx/inc" -I"/home/fanaur/workspacePruebas/BaseBoarTest/src/Lib_EaBaseBoard/inc" -I"/home/fanaur/workspacePruebas/BaseBoarTest/src/Lib_MCU/inc" -O0 -g3 -Wall -c -fmessage-length=0 -fno-builtin -ffunction-sections -fdata-sections -mcpu=cortex-m3 -mthumb -MMD -MP -MF"src/Lib_EaBaseBoard/src/pca9532.d" -MT"src/Lib_EaBaseBoard/src/pca9532.d" -o"src/Lib_EaBaseBoard/src/pca9532.o" "../src/Lib_EaBaseBoard/src/pca9532.c"
Finished building: ../src/Lib_EaBaseBoard/src/pca9532.c
 
Building file: ../src/Lib_EaBaseBoard/src/rgb.c
Invoking: MCU C Compiler
arm-none-eabi-gcc -D__REDLIB__ -DDEBUG -D__CODE_RED -D__USE_CMSIS=CMSISv2p00_LPC17xx -I"/home/fanaur/workspacePruebas/CMSISv2p00_LPC17xx/inc" -I"/home/fanaur/workspacePruebas/BaseBoarTest/src/Lib_EaBaseBoard/inc" -I"/home/fanaur/workspacePruebas/BaseBoarTest/src/Lib_MCU/inc" -O0 -g3 -Wall -c -fmessage-length=0 -fno-builtin -ffunction-sections -fdata-sections -mcpu=cortex-m3 -mthumb -MMD -MP -MF"src/Lib_EaBaseBoard/src/rgb.d" -MT"src/Lib_EaBaseBoard/src/rgb.d" -o"src/Lib_EaBaseBoard/src/rgb.o" "../src/Lib_EaBaseBoard/src/rgb.c"
Finished building: ../src/Lib_EaBaseBoard/src/rgb.c
 
Building file: ../src/Lib_EaBaseBoard/src/rotary.c
Invoking: MCU C Compiler
arm-none-eabi-gcc -D__REDLIB__ -DDEBUG -D__CODE_RED -D__USE_CMSIS=CMSISv2p00_LPC17xx -I"/home/fanaur/workspacePruebas/CMSISv2p00_LPC17xx/inc" -I"/home/fanaur/workspacePruebas/BaseBoarTest/src/Lib_EaBaseBoard/inc" -I"/home/fanaur/workspacePruebas/BaseBoarTest/src/Lib_MCU/inc" -O0 -g3 -Wall -c -fmessage-length=0 -fno-builtin -ffunction-sections -fdata-sections -mcpu=cortex-m3 -mthumb -MMD -MP -MF"src/Lib_EaBaseBoard/src/rotary.d" -MT"src/Lib_EaBaseBoard/src/rotary.d" -o"src/Lib_EaBaseBoard/src/rotary.o" "../src/Lib_EaBaseBoard/src/rotary.c"
Finished building: ../src/Lib_EaBaseBoard/src/rotary.c
 
Building file: ../src/Lib_EaBaseBoard/src/temp.c
Invoking: MCU C Compiler
arm-none-eabi-gcc -D__REDLIB__ -DDEBUG -D__CODE_RED -D__USE_CMSIS=CMSISv2p00_LPC17xx -I"/home/fanaur/workspacePruebas/CMSISv2p00_LPC17xx/inc" -I"/home/fanaur/workspacePruebas/BaseBoarTest/src/Lib_EaBaseBoard/inc" -I"/home/fanaur/workspacePruebas/BaseBoarTest/src/Lib_MCU/inc" -O0 -g3 -Wall -c -fmessage-length=0 -fno-builtin -ffunction-sections -fdata-sections -mcpu=cortex-m3 -mthumb -MMD -MP -MF"src/Lib_EaBaseBoard/src/temp.d" -MT"src/Lib_EaBaseBoard/src/temp.d" -o"src/Lib_EaBaseBoard/src/temp.o" "../src/Lib_EaBaseBoard/src/temp.c"
Finished building: ../src/Lib_EaBaseBoard/src/temp.c
 
Building file: ../src/Lib_EaBaseBoard/src/uart2.c
Invoking: MCU C Compiler
arm-none-eabi-gcc -D__REDLIB__ -DDEBUG -D__CODE_RED -D__USE_CMSIS=CMSISv2p00_LPC17xx -I"/home/fanaur/workspacePruebas/CMSISv2p00_LPC17xx/inc" -I"/home/fanaur/workspacePruebas/BaseBoarTest/src/Lib_EaBaseBoard/inc" -I"/home/fanaur/workspacePruebas/BaseBoarTest/src/Lib_MCU/inc" -O0 -g3 -Wall -c -fmessage-length=0 -fno-builtin -ffunction-sections -fdata-sections -mcpu=cortex-m3 -mthumb -MMD -MP -MF"src/Lib_EaBaseBoard/src/uart2.d" -MT"src/Lib_EaBaseBoard/src/uart2.d" -o"src/Lib_EaBaseBoard/src/uart2.o" "../src/Lib_EaBaseBoard/src/uart2.c"
Finished building: ../src/Lib_EaBaseBoard/src/uart2.c
 
Building target: BaseBoarTest.axf
Invoking: MCU Linker
arm-none-eabi-gcc -nostdlib -L"/home/fanaur/workspacePruebas/CMSISv2p00_LPC17xx/Debug" -Xlinker -Map="BaseBoarTest.map" -Xlinker --gc-sections -mcpu=cortex-m3 -mthumb -T "BaseBoarTest_Debug.ld" -o"BaseBoarTest.axf"  ./src/cr_startup_lpc176x.o ./src/main.o  ./src/Lib_MCU/src/lpc17xx_adc.o ./src/Lib_MCU/src/lpc17xx_can.o ./src/Lib_MCU/src/lpc17xx_clkpwr.o ./src/Lib_MCU/src/lpc17xx_dac.o ./src/Lib_MCU/src/lpc17xx_emac.o ./src/Lib_MCU/src/lpc17xx_exti.o ./src/Lib_MCU/src/lpc17xx_gpdma.o ./src/Lib_MCU/src/lpc17xx_gpio.o ./src/Lib_MCU/src/lpc17xx_i2c.o ./src/Lib_MCU/src/lpc17xx_i2s.o ./src/Lib_MCU/src/lpc17xx_libcfg_default.o ./src/Lib_MCU/src/lpc17xx_mcpwm.o ./src/Lib_MCU/src/lpc17xx_nvic.o ./src/Lib_MCU/src/lpc17xx_pinsel.o ./src/Lib_MCU/src/lpc17xx_pwm.o ./src/Lib_MCU/src/lpc17xx_qei.o ./src/Lib_MCU/src/lpc17xx_rit.o ./src/Lib_MCU/src/lpc17xx_rtc.o ./src/Lib_MCU/src/lpc17xx_spi.o ./src/Lib_MCU/src/lpc17xx_ssp.o ./src/Lib_MCU/src/lpc17xx_systick.o ./src/Lib_MCU/src/lpc17xx_timer.o ./src/Lib_MCU/src/lpc17xx_uart.o ./src/Lib_MCU/src/lpc17xx_wdt.o  ./src/Lib_EaBaseBoard/src/acc.o ./src/Lib_EaBaseBoard/src/eeprom.o ./src/Lib_EaBaseBoard/src/flash.o ./src/Lib_EaBaseBoard/src/font5x7.o ./src/Lib_EaBaseBoard/src/joystick.o ./src/Lib_EaBaseBoard/src/led7seg.o ./src/Lib_EaBaseBoard/src/light.o ./src/Lib_EaBaseBoard/src/oled.o ./src/Lib_EaBaseBoard/src/pca9532.o ./src/Lib_EaBaseBoard/src/rgb.o ./src/Lib_EaBaseBoard/src/rotary.o ./src/Lib_EaBaseBoard/src/temp.o ./src/Lib_EaBaseBoard/src/uart2.o   -lCMSISv2p00_LPC17xx
Finished building target: BaseBoarTest.axf
 
make --no-print-directory post-build
Performing post-build steps
arm-none-eabi-size "BaseBoarTest.axf"; # arm-none-eabi-objcopy -O binary "BaseBoarTest.axf" "BaseBoarTest.bin" ; checksum -p LPC1769 -d "BaseBoarTest.bin";
   text	   data	    bss	    dec	    hex	filename
  15228	    152	    808	  16188	   3f3c	BaseBoarTest.axf
 
