
**** Build of configuration Debug for project EasyWebTest ****

make all 
Building file: ../src/easyweb.c
Invoking: MCU C Compiler
arm-none-eabi-gcc -DDEBUG -DCR_INTEGER_PRINTF -D__USE_CMSIS=CMSISv2p00_LPC17xx -D__CODE_RED -D__REDLIB__ -I"/home/fanaur/workspacePruebas/CMSISv2p00_LPC17xx/inc" -I"/home/fanaur/workspacePruebas/EasyWebTest/src/Lib_MCU/inc" -I"/home/fanaur/workspacePruebas/EasyWebTest/src/Lib_EaBaseBoard/inc" -O0 -g3 -c -fmessage-length=0 -fno-builtin -ffunction-sections -mcpu=cortex-m3 -mthumb -MMD -MP -MF"src/easyweb.d" -MT"src/easyweb.d" -o"src/easyweb.o" "../src/easyweb.c"
Finished building: ../src/easyweb.c
 
Building target: EasyWebTest.axf
Invoking: MCU Linker
arm-none-eabi-gcc -nostdlib -L"/home/fanaur/workspacePruebas/CMSISv2p00_LPC17xx/Debug" -Xlinker -Map=EasyWebTest.map -Xlinker --gc-sections -mcpu=cortex-m3 -mthumb -T "EasyWebTest_Debug.ld" -o"EasyWebTest.axf"  ./src/API_Uart.o ./src/cr_startup_lpc176x.o ./src/easyweb.o ./src/ethmac.o ./src/ew_systick.o ./src/tcpip.o  ./src/Lib_MCU/src/lpc17xx_adc.o ./src/Lib_MCU/src/lpc17xx_can.o ./src/Lib_MCU/src/lpc17xx_clkpwr.o ./src/Lib_MCU/src/lpc17xx_dac.o ./src/Lib_MCU/src/lpc17xx_emac.o ./src/Lib_MCU/src/lpc17xx_exti.o ./src/Lib_MCU/src/lpc17xx_gpdma.o ./src/Lib_MCU/src/lpc17xx_gpio.o ./src/Lib_MCU/src/lpc17xx_i2c.o ./src/Lib_MCU/src/lpc17xx_i2s.o ./src/Lib_MCU/src/lpc17xx_libcfg_default.o ./src/Lib_MCU/src/lpc17xx_mcpwm.o ./src/Lib_MCU/src/lpc17xx_nvic.o ./src/Lib_MCU/src/lpc17xx_pinsel.o ./src/Lib_MCU/src/lpc17xx_pwm.o ./src/Lib_MCU/src/lpc17xx_qei.o ./src/Lib_MCU/src/lpc17xx_rit.o ./src/Lib_MCU/src/lpc17xx_rtc.o ./src/Lib_MCU/src/lpc17xx_spi.o ./src/Lib_MCU/src/lpc17xx_ssp.o ./src/Lib_MCU/src/lpc17xx_systick.o ./src/Lib_MCU/src/lpc17xx_timer.o ./src/Lib_MCU/src/lpc17xx_uart.o ./src/Lib_MCU/src/lpc17xx_wdt.o  ./src/Lib_EaBaseBoard/src/acc.o ./src/Lib_EaBaseBoard/src/eeprom.o ./src/Lib_EaBaseBoard/src/flash.o ./src/Lib_EaBaseBoard/src/font5x7.o ./src/Lib_EaBaseBoard/src/joystick.o ./src/Lib_EaBaseBoard/src/led7seg.o ./src/Lib_EaBaseBoard/src/light.o ./src/Lib_EaBaseBoard/src/oled.o ./src/Lib_EaBaseBoard/src/pca9532.o ./src/Lib_EaBaseBoard/src/rgb.o ./src/Lib_EaBaseBoard/src/rotary.o ./src/Lib_EaBaseBoard/src/temp.o ./src/Lib_EaBaseBoard/src/uart2.o   -lCMSISv2p00_LPC17xx
Finished building target: EasyWebTest.axf
 
make --no-print-directory post-build
Performing post-build steps
arm-none-eabi-size EasyWebTest.axf; arm-none-eabi-objcopy -O binary EasyWebTest.axf EasyWebTest.bin ; checksum -p LPC1768 -d EasyWebTest.bin;
   text	   data	    bss	    dec	    hex	filename
  31784	     84	   2704	  34572	   870c	EasyWebTest.axf
Created checksum 0x8279ffef in EasyWebTest.bin at offset 0x1c 
