
**** Build of configuration Debug for project EMAC ****

make all 
Building file: ../src/EMAC.c
Invoking: MCU C Compiler
arm-none-eabi-gcc -D__REDLIB__ -DDEBUG -D__CODE_RED -D__USE_CMSIS=CMSISv2_LPC17xx -I"/home/fanaur/workspacePruebas/mcb1700.code.bundle.lpc1769.lpcxpresso/CMSISv2_LPC17xx/inc" -O0 -g3 -Wall -c -fmessage-length=0 -fno-builtin -ffunction-sections -fdata-sections -mcpu=cortex-m3 -mthumb -MMD -MP -MF"src/EMAC.d" -MT"src/EMAC.d" -o"src/EMAC.o" "../src/EMAC.c"
Finished building: ../src/EMAC.c
 
Building file: ../src/easyweb.c
Invoking: MCU C Compiler
arm-none-eabi-gcc -D__REDLIB__ -DDEBUG -D__CODE_RED -D__USE_CMSIS=CMSISv2_LPC17xx -I"/home/fanaur/workspacePruebas/mcb1700.code.bundle.lpc1769.lpcxpresso/CMSISv2_LPC17xx/inc" -O0 -g3 -Wall -c -fmessage-length=0 -fno-builtin -ffunction-sections -fdata-sections -mcpu=cortex-m3 -mthumb -MMD -MP -MF"src/easyweb.d" -MT"src/easyweb.d" -o"src/easyweb.o" "../src/easyweb.c"
../src/tcpip.c: In function 'TCPClose':
../src/tcpip.c:90:3: warning: enumeration value 'CLOSED' not handled in switch
../src/tcpip.c:90:3: warning: enumeration value 'FIN_WAIT_1' not handled in switch
../src/tcpip.c:90:3: warning: enumeration value 'FIN_WAIT_2' not handled in switch
../src/tcpip.c:90:3: warning: enumeration value 'CLOSE_WAIT' not handled in switch
../src/tcpip.c:90:3: warning: enumeration value 'CLOSING' not handled in switch
../src/tcpip.c:90:3: warning: enumeration value 'LAST_ACK' not handled in switch
Finished building: ../src/easyweb.c
 
../src/tcpip.c:90:3: warning: enumeration value 'TIME_WAIT' not handled in switch
../src/tcpip.c: In function 'DoNetworkStuff':
../src/tcpip.c:176:6: warning: suggest explicit braces to avoid ambiguous 'else'
Building file: ../src/tcpip.c
Invoking: MCU C Compiler
../src/tcpip.c:201:3: warning: enumeration value 'SYN_SENT' not handled in switch
../src/tcpip.c:201:3: warning: enumeration value 'FIN_WAIT_1' not handled in switch
../src/tcpip.c:201:3: warning: enumeration value 'FIN_WAIT_2' not handled in switch
../src/tcpip.c:201:3: warning: enumeration value 'CLOSING' not handled in switch
../src/tcpip.c:201:3: warning: enumeration value 'LAST_ACK' not handled in switch
../src/tcpip.c:201:3: warning: enumeration value 'TIME_WAIT' not handled in switch
../src/tcpip.c: In function 'ProcessTCPFrame':
../src/tcpip.c:548:9: warning: enumeration value 'CLOSED' not handled in switch
../src/tcpip.c:548:9: warning: enumeration value 'LISTENING' not handled in switch
../src/tcpip.c:548:9: warning: enumeration value 'SYN_SENT' not handled in switch
arm-none-eabi-gcc -D__REDLIB__ -DDEBUG -D__CODE_RED -D__USE_CMSIS=CMSISv2_LPC17xx -I"/home/fanaur/workspacePruebas/mcb1700.code.bundle.lpc1769.lpcxpresso/CMSISv2_LPC17xx/inc" -O0 -g3 -Wall -c -fmessage-length=0 -fno-builtin -ffunction-sections -fdata-sections -mcpu=cortex-m3 -mthumb -MMD -MP -MF"src/tcpip.d" -MT"src/tcpip.d" -o"src/tcpip.o" "../src/tcpip.c"
../src/tcpip.c:548:9: warning: enumeration value 'ESTABLISHED' not handled in switch
../src/tcpip.c:548:9: warning: enumeration value 'FIN_WAIT_2' not handled in switch
Finished building: ../src/tcpip.c
 
Building target: EMAC.axf
Invoking: MCU Linker
../src/tcpip.c:548:9: warning: enumeration value 'CLOSE_WAIT' not handled in switch
../src/tcpip.c:591:9: warning: enumeration value 'CLOSED' not handled in switch
arm-none-eabi-gcc -nostdlib -L"/home/fanaur/workspacePruebas/mcb1700.code.bundle.lpc1769.lpcxpresso/CMSISv2_LPC17xx/Debug" -Xlinker -Map=EMAC.map -Xlinker --gc-sections -mcpu=cortex-m3 -mthumb -T "EMAC_Debug.ld" -o"EMAC.axf"  ./src/EMAC.o ./src/cr_startup_lpc176x.o ./src/easyweb.o ./src/tcpip.o   -lCMSISv2_LPC17xx
Finished building target: EMAC.axf
 
make --no-print-directory post-build
Performing post-build steps
arm-none-eabi-size EMAC.axf; # arm-none-eabi-objcopy -O binary EMAC.axf EMAC.bin ; checksum -p LPC1769 -d EMAC.bin;
../src/tcpip.c:591:9: warning: enumeration value 'LISTENING' not handled in switch
   text	   data	    bss	    dec	    hex	filename
../src/tcpip.c:591:9: warning: enumeration value 'SYN_SENT' not handled in switch
../src/tcpip.c:591:9: warning: enumeration value 'CLOSE_WAIT' not handled in switch
../src/tcpip.c:591:9: warning: enumeration value 'CLOSING' not handled in switch
  24304	      4	   1328	  25636	   6424	EMAC.axf
 
../src/tcpip.c:591:9: warning: enumeration value 'LAST_ACK' not handled in switch
