Archive member included because of file (symbol)

/home/fanaur/RepositoriosMercurial/trabajoprofesional/Codigo/workspaceLpc/CMSISv2p00_LPC17xx/Debug/libCMSISv2p00_LPC17xx.a(system_LPC17xx.o)
                              ./src/cr_startup_lpc176x.o (SystemInit)
/usr/local/lpcxpresso_4.2.0_224/lpcxpresso/tools/bin/../lib/gcc/arm-none-eabi/4.5.1/../../../../arm-none-eabi/lib/thumb2/libcr_c.a(__weak__main.o)
                              ./src/cr_startup_lpc176x.o (__main)
/usr/local/lpcxpresso_4.2.0_224/lpcxpresso/tools/bin/../lib/gcc/arm-none-eabi/4.5.1/../../../../arm-none-eabi/lib/thumb2/libcr_c.a(fpprintf.o)
                              ./src/main.o (sprintf)
/usr/local/lpcxpresso_4.2.0_224/lpcxpresso/tools/bin/../lib/gcc/arm-none-eabi/4.5.1/../../../../arm-none-eabi/lib/thumb2/libcr_c.a(printf.o)
                              /usr/local/lpcxpresso_4.2.0_224/lpcxpresso/tools/bin/../lib/gcc/arm-none-eabi/4.5.1/../../../../arm-none-eabi/lib/thumb2/libcr_c.a(fpprintf.o) (__vfprintf)
/usr/local/lpcxpresso_4.2.0_224/lpcxpresso/tools/bin/../lib/gcc/arm-none-eabi/4.5.1/../../../../arm-none-eabi/lib/thumb2/libcr_c.a(stdio.o)
                              /usr/local/lpcxpresso_4.2.0_224/lpcxpresso/tools/bin/../lib/gcc/arm-none-eabi/4.5.1/../../../../arm-none-eabi/lib/thumb2/libcr_c.a(fpprintf.o) (__Ciob)
/usr/local/lpcxpresso_4.2.0_224/lpcxpresso/tools/bin/../lib/gcc/arm-none-eabi/4.5.1/../../../../arm-none-eabi/lib/thumb2/libcr_c.a(strlen.o)
                              ./src/main.o (strlen)
/usr/local/lpcxpresso_4.2.0_224/lpcxpresso/tools/bin/../lib/gcc/arm-none-eabi/4.5.1/../../../../arm-none-eabi/lib/thumb2/libcr_c.a(memset.o)
                              /usr/local/lpcxpresso_4.2.0_224/lpcxpresso/tools/bin/../lib/gcc/arm-none-eabi/4.5.1/../../../../arm-none-eabi/lib/thumb2/libcr_c.a(fpprintf.o) (memset)
/usr/local/lpcxpresso_4.2.0_224/lpcxpresso/tools/bin/../lib/gcc/arm-none-eabi/4.5.1/../../../../arm-none-eabi/lib/thumb2/libcr_c.a(__fillbuf.o)
                              /usr/local/lpcxpresso_4.2.0_224/lpcxpresso/tools/bin/../lib/gcc/arm-none-eabi/4.5.1/../../../../arm-none-eabi/lib/thumb2/libcr_c.a(stdio.o) (__filbuf)
/usr/local/lpcxpresso_4.2.0_224/lpcxpresso/tools/bin/../lib/gcc/arm-none-eabi/4.5.1/../../../../arm-none-eabi/lib/thumb2/libcr_c.a(_deferredlazyseek.o)
                              /usr/local/lpcxpresso_4.2.0_224/lpcxpresso/tools/bin/../lib/gcc/arm-none-eabi/4.5.1/../../../../arm-none-eabi/lib/thumb2/libcr_c.a(__fillbuf.o) (_deferredlazyseek)
/usr/local/lpcxpresso_4.2.0_224/lpcxpresso/tools/bin/../lib/gcc/arm-none-eabi/4.5.1/../../../../arm-none-eabi/lib/thumb2/libcr_c.a(_fflush.o)
                              /usr/local/lpcxpresso_4.2.0_224/lpcxpresso/tools/bin/../lib/gcc/arm-none-eabi/4.5.1/../../../../arm-none-eabi/lib/thumb2/libcr_c.a(__fillbuf.o) (_fflush)
/usr/local/lpcxpresso_4.2.0_224/lpcxpresso/tools/bin/../lib/gcc/arm-none-eabi/4.5.1/../../../../arm-none-eabi/lib/thumb2/libcr_c.a(_frexpl.o)
                              /usr/local/lpcxpresso_4.2.0_224/lpcxpresso/tools/bin/../lib/gcc/arm-none-eabi/4.5.1/../../../../arm-none-eabi/lib/thumb2/libcr_c.a(fpprintf.o) (_frexpl)
/usr/local/lpcxpresso_4.2.0_224/lpcxpresso/tools/bin/../lib/gcc/arm-none-eabi/4.5.1/../../../../arm-none-eabi/lib/thumb2/libcr_c.a(_ldexpl.o)
                              /usr/local/lpcxpresso_4.2.0_224/lpcxpresso/tools/bin/../lib/gcc/arm-none-eabi/4.5.1/../../../../arm-none-eabi/lib/thumb2/libcr_c.a(fpprintf.o) (_ldexpl)
/usr/local/lpcxpresso_4.2.0_224/lpcxpresso/tools/bin/../lib/gcc/arm-none-eabi/4.5.1/../../../../arm-none-eabi/lib/thumb2/libcr_c.a(_writebuf.o)
                              /usr/local/lpcxpresso_4.2.0_224/lpcxpresso/tools/bin/../lib/gcc/arm-none-eabi/4.5.1/../../../../arm-none-eabi/lib/thumb2/libcr_c.a(_deferredlazyseek.o) (_Cwritebuf)
/usr/local/lpcxpresso_4.2.0_224/lpcxpresso/tools/bin/../lib/gcc/arm-none-eabi/4.5.1/../../../../arm-none-eabi/lib/thumb2/libcr_c.a(alloc.o)
                              /usr/local/lpcxpresso_4.2.0_224/lpcxpresso/tools/bin/../lib/gcc/arm-none-eabi/4.5.1/../../../../arm-none-eabi/lib/thumb2/libcr_c.a(fpprintf.o) (malloc)
/usr/local/lpcxpresso_4.2.0_224/lpcxpresso/tools/bin/../lib/gcc/arm-none-eabi/4.5.1/../../../../arm-none-eabi/lib/thumb2/libcr_c.a(ctype.o)
                              /usr/local/lpcxpresso_4.2.0_224/lpcxpresso/tools/bin/../lib/gcc/arm-none-eabi/4.5.1/../../../../arm-none-eabi/lib/thumb2/libcr_c.a(printf.o) (__ctype)
/usr/local/lpcxpresso_4.2.0_224/lpcxpresso/tools/bin/../lib/gcc/arm-none-eabi/4.5.1/../../../../arm-none-eabi/lib/thumb2/libcr_c.a(errno.o)
                              /usr/local/lpcxpresso_4.2.0_224/lpcxpresso/tools/bin/../lib/gcc/arm-none-eabi/4.5.1/../../../../arm-none-eabi/lib/thumb2/libcr_c.a(_ldexpl.o) (errno)
/usr/local/lpcxpresso_4.2.0_224/lpcxpresso/tools/bin/../lib/gcc/arm-none-eabi/4.5.1/../../../../arm-none-eabi/lib/thumb2/libcr_c.a(fseek.o)
                              /usr/local/lpcxpresso_4.2.0_224/lpcxpresso/tools/bin/../lib/gcc/arm-none-eabi/4.5.1/../../../../arm-none-eabi/lib/thumb2/libcr_c.a(_deferredlazyseek.o) (fseek)
/usr/local/lpcxpresso_4.2.0_224/lpcxpresso/tools/bin/../lib/gcc/arm-none-eabi/4.5.1/../../../../arm-none-eabi/lib/thumb2/libcr_c.a(ftell.o)
                              /usr/local/lpcxpresso_4.2.0_224/lpcxpresso/tools/bin/../lib/gcc/arm-none-eabi/4.5.1/../../../../arm-none-eabi/lib/thumb2/libcr_c.a(fseek.o) (ftell)
/usr/local/lpcxpresso_4.2.0_224/lpcxpresso/tools/bin/../lib/gcc/arm-none-eabi/4.5.1/../../../../arm-none-eabi/lib/thumb2/libcr_c.a(memcpy.o)
                              /usr/local/lpcxpresso_4.2.0_224/lpcxpresso/tools/bin/../lib/gcc/arm-none-eabi/4.5.1/../../../../arm-none-eabi/lib/thumb2/libcr_c.a(alloc.o) (memcpy)
/usr/local/lpcxpresso_4.2.0_224/lpcxpresso/tools/bin/../lib/gcc/arm-none-eabi/4.5.1/../../../../arm-none-eabi/lib/thumb2/libcr_c.a(__init_alloc.o)
                              /usr/local/lpcxpresso_4.2.0_224/lpcxpresso/tools/bin/../lib/gcc/arm-none-eabi/4.5.1/../../../../arm-none-eabi/lib/thumb2/libcr_c.a(alloc.o) (__heaps)
/usr/local/lpcxpresso_4.2.0_224/lpcxpresso/tools/bin/../lib/gcc/arm-none-eabi/4.5.1/../../../../arm-none-eabi/lib/thumb2/libcr_c.a(_hugeval.o)
                              /usr/local/lpcxpresso_4.2.0_224/lpcxpresso/tools/bin/../lib/gcc/arm-none-eabi/4.5.1/../../../../arm-none-eabi/lib/thumb2/libcr_c.a(_ldexpl.o) (__huge_vall)
/usr/local/lpcxpresso_4.2.0_224/lpcxpresso/tools/bin/../lib/gcc/arm-none-eabi/4.5.1/thumb2/libcr_eabihelpers.a(division.o)
                              /home/fanaur/RepositoriosMercurial/trabajoprofesional/Codigo/workspaceLpc/CMSISv2p00_LPC17xx/Debug/libCMSISv2p00_LPC17xx.a(system_LPC17xx.o) (__aeabi_uldivmod)
/usr/local/lpcxpresso_4.2.0_224/lpcxpresso/tools/bin/../lib/gcc/arm-none-eabi/4.5.1/thumb2/libcr_eabihelpers.a(double.o)
                              /usr/local/lpcxpresso_4.2.0_224/lpcxpresso/tools/bin/../lib/gcc/arm-none-eabi/4.5.1/../../../../arm-none-eabi/lib/thumb2/libcr_c.a(fpprintf.o) (__aeabi_dmul)
/usr/local/lpcxpresso_4.2.0_224/lpcxpresso/tools/bin/../lib/gcc/arm-none-eabi/4.5.1/thumb2/libcr_eabihelpers.a(memcpy.o)
                              /usr/local/lpcxpresso_4.2.0_224/lpcxpresso/tools/bin/../lib/gcc/arm-none-eabi/4.5.1/../../../../arm-none-eabi/lib/thumb2/libcr_c.a(memcpy.o) (__aeabi_memcpy)

Allocating common symbols
Common symbol       size              file

args                0x8               ./src/main.o
CardType            0x1               ./src/lib_FatFS/src/lpc1xxx_spi_sd/sd.o
fs                  0x230             ./src/main.o
CardConfig          0x70              ./src/lib_FatFS/src/lpc1xxx_spi_sd/sd.o
line                0xff              ./src/main.o
Buffer              0x200             ./src/main.o
str                 0xff              ./src/main.o
__heaps             0x4               /usr/local/lpcxpresso_4.2.0_224/lpcxpresso/tools/bin/../lib/gcc/arm-none-eabi/4.5.1/../../../../arm-none-eabi/lib/thumb2/libcr_c.a(__init_alloc.o)
__end_of_heap       0x4               /usr/local/lpcxpresso_4.2.0_224/lpcxpresso/tools/bin/../lib/gcc/arm-none-eabi/4.5.1/../../../../arm-none-eabi/lib/thumb2/libcr_c.a(__init_alloc.o)
__Ciob              0x140             /usr/local/lpcxpresso_4.2.0_224/lpcxpresso/tools/bin/../lib/gcc/arm-none-eabi/4.5.1/../../../../arm-none-eabi/lib/thumb2/libcr_c.a(stdio.o)

Discarded input sections

 .text          0x00000000        0x0 ./src/FatFS_support.o
 .data          0x00000000        0x0 ./src/FatFS_support.o
 .bss           0x00000000        0x0 ./src/FatFS_support.o
 .text          0x00000000        0x0 ./src/cr_startup_lpc176x.o
 .data          0x00000000        0x0 ./src/cr_startup_lpc176x.o
 .bss           0x00000000        0x0 ./src/cr_startup_lpc176x.o
 .text          0x00000000        0x0 ./src/main.o
 .data          0x00000000        0x0 ./src/main.o
 .bss           0x00000000        0x0 ./src/main.o
 .text.TimerRead
                0x00000000       0x18 ./src/main.o
 .text.set_timeout
                0x00000000       0x60 ./src/main.o
 .text.show_dir
                0x00000000       0x5c ./src/main.o
 .text.read_file
                0x00000000      0x174 ./src/main.o
 .text.write_log
                0x00000000      0x108 ./src/main.o
 .text.type_file
                0x00000000       0xa4 ./src/main.o
 .text.delete_file
                0x00000000       0x1c ./src/main.o
 .text.scan_args
                0x00000000       0xc8 ./src/main.o
 .text          0x00000000        0x0 ./src/lib_FatFS/src/option/cc932.o
 .data          0x00000000        0x0 ./src/lib_FatFS/src/option/cc932.o
 .bss           0x00000000        0x0 ./src/lib_FatFS/src/option/cc932.o
 .rodata.uni2sjis
                0x00000000     0x7378 ./src/lib_FatFS/src/option/cc932.o
 .rodata.sjis2uni
                0x00000000     0x7378 ./src/lib_FatFS/src/option/cc932.o
 .text.ff_convert
                0x00000000       0xd4 ./src/lib_FatFS/src/option/cc932.o
 .text.ff_wtoupper
                0x00000000       0x70 ./src/lib_FatFS/src/option/cc932.o
 .rodata.tbl_lower.1008
                0x00000000      0x1e0 ./src/lib_FatFS/src/option/cc932.o
 .rodata.tbl_upper.1009
                0x00000000      0x1e0 ./src/lib_FatFS/src/option/cc932.o
 .text          0x00000000        0x0 ./src/lib_FatFS/src/option/syscall.o
 .data          0x00000000        0x0 ./src/lib_FatFS/src/option/syscall.o
 .bss           0x00000000        0x0 ./src/lib_FatFS/src/option/syscall.o
 .text          0x00000000        0x0 ./src/lib_FatFS/src/lpc1xxx_spi_sd/lpc17xx_spi.o
 .data          0x00000000        0x0 ./src/lib_FatFS/src/lpc1xxx_spi_sd/lpc17xx_spi.o
 .bss           0x00000000        0x0 ./src/lib_FatFS/src/lpc1xxx_spi_sd/lpc17xx_spi.o
 .text          0x00000000        0x0 ./src/lib_FatFS/src/lpc1xxx_spi_sd/sd.o
 .data          0x00000000        0x0 ./src/lib_FatFS/src/lpc1xxx_spi_sd/sd.o
 .bss           0x00000000        0x0 ./src/lib_FatFS/src/lpc1xxx_spi_sd/sd.o
 .text          0x00000000        0x0 ./src/lib_FatFS/src/clocking.o
 .data          0x00000000        0x0 ./src/lib_FatFS/src/clocking.o
 .bss           0x00000000        0x0 ./src/lib_FatFS/src/clocking.o
 .text.LPC_EnablePLL1
                0x00000000       0xf4 ./src/lib_FatFS/src/clocking.o
 .text.LPC_DisablePLL1
                0x00000000       0x7c ./src/lib_FatFS/src/clocking.o
 .text          0x00000000        0x0 ./src/lib_FatFS/src/ff.o
 .data          0x00000000        0x0 ./src/lib_FatFS/src/ff.o
 .bss           0x00000000        0x0 ./src/lib_FatFS/src/ff.o
 .text.dir_read
                0x00000000       0xa4 ./src/lib_FatFS/src/ff.o
 .text.dir_remove
                0x00000000       0x58 ./src/lib_FatFS/src/ff.o
 .text.get_fileinfo
                0x00000000      0x15c ./src/lib_FatFS/src/ff.o
 .text.f_read   0x00000000      0x2f0 ./src/lib_FatFS/src/ff.o
 .text.f_lseek  0x00000000      0x2e4 ./src/lib_FatFS/src/ff.o
 .text.f_opendir
                0x00000000       0xe8 ./src/lib_FatFS/src/ff.o
 .text.f_readdir
                0x00000000       0x9c ./src/lib_FatFS/src/ff.o
 .text.f_stat   0x00000000       0x78 ./src/lib_FatFS/src/ff.o
 .text.f_getfree
                0x00000000      0x1dc ./src/lib_FatFS/src/ff.o
 .text.f_truncate
                0x00000000      0x128 ./src/lib_FatFS/src/ff.o
 .text.f_unlink
                0x00000000      0x1ac ./src/lib_FatFS/src/ff.o
 .text.f_mkdir  0x00000000      0x364 ./src/lib_FatFS/src/ff.o
 .text.f_chmod  0x00000000       0xc4 ./src/lib_FatFS/src/ff.o
 .text.f_utime  0x00000000       0xcc ./src/lib_FatFS/src/ff.o
 .text.f_rename
                0x00000000      0x25c ./src/lib_FatFS/src/ff.o
 .text          0x00000000        0x0 /home/fanaur/RepositoriosMercurial/trabajoprofesional/Codigo/workspaceLpc/CMSISv2p00_LPC17xx/Debug/libCMSISv2p00_LPC17xx.a(system_LPC17xx.o)
 .data          0x00000000        0x0 /home/fanaur/RepositoriosMercurial/trabajoprofesional/Codigo/workspaceLpc/CMSISv2p00_LPC17xx/Debug/libCMSISv2p00_LPC17xx.a(system_LPC17xx.o)
 .bss           0x00000000        0x0 /home/fanaur/RepositoriosMercurial/trabajoprofesional/Codigo/workspaceLpc/CMSISv2p00_LPC17xx/Debug/libCMSISv2p00_LPC17xx.a(system_LPC17xx.o)
 .text.SystemCoreClockUpdate
                0x00000000       0xf0 /home/fanaur/RepositoriosMercurial/trabajoprofesional/Codigo/workspaceLpc/CMSISv2p00_LPC17xx/Debug/libCMSISv2p00_LPC17xx.a(system_LPC17xx.o)
 .text          0x00000000        0x0 /usr/local/lpcxpresso_4.2.0_224/lpcxpresso/tools/bin/../lib/gcc/arm-none-eabi/4.5.1/../../../../arm-none-eabi/lib/thumb2/libcr_c.a(__weak__main.o)
 .data          0x00000000        0x0 /usr/local/lpcxpresso_4.2.0_224/lpcxpresso/tools/bin/../lib/gcc/arm-none-eabi/4.5.1/../../../../arm-none-eabi/lib/thumb2/libcr_c.a(__weak__main.o)
 .bss           0x00000000        0x0 /usr/local/lpcxpresso_4.2.0_224/lpcxpresso/tools/bin/../lib/gcc/arm-none-eabi/4.5.1/../../../../arm-none-eabi/lib/thumb2/libcr_c.a(__weak__main.o)
 .text          0x00000000        0x0 /usr/local/lpcxpresso_4.2.0_224/lpcxpresso/tools/bin/../lib/gcc/arm-none-eabi/4.5.1/../../../../arm-none-eabi/lib/thumb2/libcr_c.a(fpprintf.o)
 .data          0x00000000        0x0 /usr/local/lpcxpresso_4.2.0_224/lpcxpresso/tools/bin/../lib/gcc/arm-none-eabi/4.5.1/../../../../arm-none-eabi/lib/thumb2/libcr_c.a(fpprintf.o)
 .bss           0x00000000        0x0 /usr/local/lpcxpresso_4.2.0_224/lpcxpresso/tools/bin/../lib/gcc/arm-none-eabi/4.5.1/../../../../arm-none-eabi/lib/thumb2/libcr_c.a(fpprintf.o)
 .text.fprintf  0x00000000       0x30 /usr/local/lpcxpresso_4.2.0_224/lpcxpresso/tools/bin/../lib/gcc/arm-none-eabi/4.5.1/../../../../arm-none-eabi/lib/thumb2/libcr_c.a(fpprintf.o)
 .text.printf_char
                0x00000000       0x34 /usr/local/lpcxpresso_4.2.0_224/lpcxpresso/tools/bin/../lib/gcc/arm-none-eabi/4.5.1/../../../../arm-none-eabi/lib/thumb2/libcr_c.a(fpprintf.o)
 .text.snprintf
                0x00000000       0x6c /usr/local/lpcxpresso_4.2.0_224/lpcxpresso/tools/bin/../lib/gcc/arm-none-eabi/4.5.1/../../../../arm-none-eabi/lib/thumb2/libcr_c.a(fpprintf.o)
 .text.vfprintf
                0x00000000       0x1c /usr/local/lpcxpresso_4.2.0_224/lpcxpresso/tools/bin/../lib/gcc/arm-none-eabi/4.5.1/../../../../arm-none-eabi/lib/thumb2/libcr_c.a(fpprintf.o)
 .text.vprintf  0x00000000       0x24 /usr/local/lpcxpresso_4.2.0_224/lpcxpresso/tools/bin/../lib/gcc/arm-none-eabi/4.5.1/../../../../arm-none-eabi/lib/thumb2/libcr_c.a(fpprintf.o)
 .text.vsprintf
                0x00000000       0x5c /usr/local/lpcxpresso_4.2.0_224/lpcxpresso/tools/bin/../lib/gcc/arm-none-eabi/4.5.1/../../../../arm-none-eabi/lib/thumb2/libcr_c.a(fpprintf.o)
 .text.vsnprintf
                0x00000000       0x5c /usr/local/lpcxpresso_4.2.0_224/lpcxpresso/tools/bin/../lib/gcc/arm-none-eabi/4.5.1/../../../../arm-none-eabi/lib/thumb2/libcr_c.a(fpprintf.o)
 .text.printf   0x00000000       0x50 /usr/local/lpcxpresso_4.2.0_224/lpcxpresso/tools/bin/../lib/gcc/arm-none-eabi/4.5.1/../../../../arm-none-eabi/lib/thumb2/libcr_c.a(fpprintf.o)
 .text          0x00000000        0x0 /usr/local/lpcxpresso_4.2.0_224/lpcxpresso/tools/bin/../lib/gcc/arm-none-eabi/4.5.1/../../../../arm-none-eabi/lib/thumb2/libcr_c.a(printf.o)
 .data          0x00000000        0x0 /usr/local/lpcxpresso_4.2.0_224/lpcxpresso/tools/bin/../lib/gcc/arm-none-eabi/4.5.1/../../../../arm-none-eabi/lib/thumb2/libcr_c.a(printf.o)
 .bss           0x00000000        0x0 /usr/local/lpcxpresso_4.2.0_224/lpcxpresso/tools/bin/../lib/gcc/arm-none-eabi/4.5.1/../../../../arm-none-eabi/lib/thumb2/libcr_c.a(printf.o)
 .text.no_fp_display
                0x00000000        0x4 /usr/local/lpcxpresso_4.2.0_224/lpcxpresso/tools/bin/../lib/gcc/arm-none-eabi/4.5.1/../../../../arm-none-eabi/lib/thumb2/libcr_c.a(printf.o)
 .text._fprintf
                0x00000000       0x30 /usr/local/lpcxpresso_4.2.0_224/lpcxpresso/tools/bin/../lib/gcc/arm-none-eabi/4.5.1/../../../../arm-none-eabi/lib/thumb2/libcr_c.a(printf.o)
 .text._printf_char
                0x00000000       0x34 /usr/local/lpcxpresso_4.2.0_224/lpcxpresso/tools/bin/../lib/gcc/arm-none-eabi/4.5.1/../../../../arm-none-eabi/lib/thumb2/libcr_c.a(printf.o)
 .text._sprintf
                0x00000000       0x70 /usr/local/lpcxpresso_4.2.0_224/lpcxpresso/tools/bin/../lib/gcc/arm-none-eabi/4.5.1/../../../../arm-none-eabi/lib/thumb2/libcr_c.a(printf.o)
 .text._snprintf
                0x00000000       0x6c /usr/local/lpcxpresso_4.2.0_224/lpcxpresso/tools/bin/../lib/gcc/arm-none-eabi/4.5.1/../../../../arm-none-eabi/lib/thumb2/libcr_c.a(printf.o)
 .text._vfprintf
                0x00000000       0x20 /usr/local/lpcxpresso_4.2.0_224/lpcxpresso/tools/bin/../lib/gcc/arm-none-eabi/4.5.1/../../../../arm-none-eabi/lib/thumb2/libcr_c.a(printf.o)
 .text._vsprintf
                0x00000000       0x5c /usr/local/lpcxpresso_4.2.0_224/lpcxpresso/tools/bin/../lib/gcc/arm-none-eabi/4.5.1/../../../../arm-none-eabi/lib/thumb2/libcr_c.a(printf.o)
 .text._vsnprintf
                0x00000000       0x5c /usr/local/lpcxpresso_4.2.0_224/lpcxpresso/tools/bin/../lib/gcc/arm-none-eabi/4.5.1/../../../../arm-none-eabi/lib/thumb2/libcr_c.a(printf.o)
 .text._printf  0x00000000       0x50 /usr/local/lpcxpresso_4.2.0_224/lpcxpresso/tools/bin/../lib/gcc/arm-none-eabi/4.5.1/../../../../arm-none-eabi/lib/thumb2/libcr_c.a(printf.o)
 .text          0x00000000        0x0 /usr/local/lpcxpresso_4.2.0_224/lpcxpresso/tools/bin/../lib/gcc/arm-none-eabi/4.5.1/../../../../arm-none-eabi/lib/thumb2/libcr_c.a(stdio.o)
 .data          0x00000000        0x0 /usr/local/lpcxpresso_4.2.0_224/lpcxpresso/tools/bin/../lib/gcc/arm-none-eabi/4.5.1/../../../../arm-none-eabi/lib/thumb2/libcr_c.a(stdio.o)
 .bss           0x00000000        0x0 /usr/local/lpcxpresso_4.2.0_224/lpcxpresso/tools/bin/../lib/gcc/arm-none-eabi/4.5.1/../../../../arm-none-eabi/lib/thumb2/libcr_c.a(stdio.o)
 .text.fgetc    0x00000000       0x1a /usr/local/lpcxpresso_4.2.0_224/lpcxpresso/tools/bin/../lib/gcc/arm-none-eabi/4.5.1/../../../../arm-none-eabi/lib/thumb2/libcr_c.a(stdio.o)
 .text.fputc    0x00000000       0x22 /usr/local/lpcxpresso_4.2.0_224/lpcxpresso/tools/bin/../lib/gcc/arm-none-eabi/4.5.1/../../../../arm-none-eabi/lib/thumb2/libcr_c.a(stdio.o)
 .text.getc     0x00000000       0x1a /usr/local/lpcxpresso_4.2.0_224/lpcxpresso/tools/bin/../lib/gcc/arm-none-eabi/4.5.1/../../../../arm-none-eabi/lib/thumb2/libcr_c.a(stdio.o)
 .text.getchar  0x00000000       0x20 /usr/local/lpcxpresso_4.2.0_224/lpcxpresso/tools/bin/../lib/gcc/arm-none-eabi/4.5.1/../../../../arm-none-eabi/lib/thumb2/libcr_c.a(stdio.o)
 .text.putc     0x00000000       0x22 /usr/local/lpcxpresso_4.2.0_224/lpcxpresso/tools/bin/../lib/gcc/arm-none-eabi/4.5.1/../../../../arm-none-eabi/lib/thumb2/libcr_c.a(stdio.o)
 .text.putchar  0x00000000       0x24 /usr/local/lpcxpresso_4.2.0_224/lpcxpresso/tools/bin/../lib/gcc/arm-none-eabi/4.5.1/../../../../arm-none-eabi/lib/thumb2/libcr_c.a(stdio.o)
 .text.feof     0x00000000        0x8 /usr/local/lpcxpresso_4.2.0_224/lpcxpresso/tools/bin/../lib/gcc/arm-none-eabi/4.5.1/../../../../arm-none-eabi/lib/thumb2/libcr_c.a(stdio.o)
 .text.ferror   0x00000000        0x8 /usr/local/lpcxpresso_4.2.0_224/lpcxpresso/tools/bin/../lib/gcc/arm-none-eabi/4.5.1/../../../../arm-none-eabi/lib/thumb2/libcr_c.a(stdio.o)
 .text.clearerr
                0x00000000        0xe /usr/local/lpcxpresso_4.2.0_224/lpcxpresso/tools/bin/../lib/gcc/arm-none-eabi/4.5.1/../../../../arm-none-eabi/lib/thumb2/libcr_c.a(stdio.o)
 COMMON         0x00000000      0x140 /usr/local/lpcxpresso_4.2.0_224/lpcxpresso/tools/bin/../lib/gcc/arm-none-eabi/4.5.1/../../../../arm-none-eabi/lib/thumb2/libcr_c.a(stdio.o)
 .text          0x00000000        0x0 /usr/local/lpcxpresso_4.2.0_224/lpcxpresso/tools/bin/../lib/gcc/arm-none-eabi/4.5.1/../../../../arm-none-eabi/lib/thumb2/libcr_c.a(strlen.o)
 .data          0x00000000        0x0 /usr/local/lpcxpresso_4.2.0_224/lpcxpresso/tools/bin/../lib/gcc/arm-none-eabi/4.5.1/../../../../arm-none-eabi/lib/thumb2/libcr_c.a(strlen.o)
 .bss           0x00000000        0x0 /usr/local/lpcxpresso_4.2.0_224/lpcxpresso/tools/bin/../lib/gcc/arm-none-eabi/4.5.1/../../../../arm-none-eabi/lib/thumb2/libcr_c.a(strlen.o)
 .text          0x00000000        0x0 /usr/local/lpcxpresso_4.2.0_224/lpcxpresso/tools/bin/../lib/gcc/arm-none-eabi/4.5.1/../../../../arm-none-eabi/lib/thumb2/libcr_c.a(memset.o)
 .data          0x00000000        0x0 /usr/local/lpcxpresso_4.2.0_224/lpcxpresso/tools/bin/../lib/gcc/arm-none-eabi/4.5.1/../../../../arm-none-eabi/lib/thumb2/libcr_c.a(memset.o)
 .bss           0x00000000        0x0 /usr/local/lpcxpresso_4.2.0_224/lpcxpresso/tools/bin/../lib/gcc/arm-none-eabi/4.5.1/../../../../arm-none-eabi/lib/thumb2/libcr_c.a(memset.o)
 .text          0x00000000        0x0 /usr/local/lpcxpresso_4.2.0_224/lpcxpresso/tools/bin/../lib/gcc/arm-none-eabi/4.5.1/../../../../arm-none-eabi/lib/thumb2/libcr_c.a(__fillbuf.o)
 .data          0x00000000        0x0 /usr/local/lpcxpresso_4.2.0_224/lpcxpresso/tools/bin/../lib/gcc/arm-none-eabi/4.5.1/../../../../arm-none-eabi/lib/thumb2/libcr_c.a(__fillbuf.o)
 .bss           0x00000000        0x0 /usr/local/lpcxpresso_4.2.0_224/lpcxpresso/tools/bin/../lib/gcc/arm-none-eabi/4.5.1/../../../../arm-none-eabi/lib/thumb2/libcr_c.a(__fillbuf.o)
 .text._Csys_read_
                0x00000000       0x22 /usr/local/lpcxpresso_4.2.0_224/lpcxpresso/tools/bin/../lib/gcc/arm-none-eabi/4.5.1/../../../../arm-none-eabi/lib/thumb2/libcr_c.a(__fillbuf.o)
 .text.__filbuf
                0x00000000      0x190 /usr/local/lpcxpresso_4.2.0_224/lpcxpresso/tools/bin/../lib/gcc/arm-none-eabi/4.5.1/../../../../arm-none-eabi/lib/thumb2/libcr_c.a(__fillbuf.o)
 .text._fillb2  0x00000000       0x1e /usr/local/lpcxpresso_4.2.0_224/lpcxpresso/tools/bin/../lib/gcc/arm-none-eabi/4.5.1/../../../../arm-none-eabi/lib/thumb2/libcr_c.a(__fillbuf.o)
 .text          0x00000000        0x0 /usr/local/lpcxpresso_4.2.0_224/lpcxpresso/tools/bin/../lib/gcc/arm-none-eabi/4.5.1/../../../../arm-none-eabi/lib/thumb2/libcr_c.a(_deferredlazyseek.o)
 .data          0x00000000        0x0 /usr/local/lpcxpresso_4.2.0_224/lpcxpresso/tools/bin/../lib/gcc/arm-none-eabi/4.5.1/../../../../arm-none-eabi/lib/thumb2/libcr_c.a(_deferredlazyseek.o)
 .bss           0x00000000        0x0 /usr/local/lpcxpresso_4.2.0_224/lpcxpresso/tools/bin/../lib/gcc/arm-none-eabi/4.5.1/../../../../arm-none-eabi/lib/thumb2/libcr_c.a(_deferredlazyseek.o)
 .text          0x00000000        0x0 /usr/local/lpcxpresso_4.2.0_224/lpcxpresso/tools/bin/../lib/gcc/arm-none-eabi/4.5.1/../../../../arm-none-eabi/lib/thumb2/libcr_c.a(_fflush.o)
 .data          0x00000000        0x0 /usr/local/lpcxpresso_4.2.0_224/lpcxpresso/tools/bin/../lib/gcc/arm-none-eabi/4.5.1/../../../../arm-none-eabi/lib/thumb2/libcr_c.a(_fflush.o)
 .bss           0x00000000        0x0 /usr/local/lpcxpresso_4.2.0_224/lpcxpresso/tools/bin/../lib/gcc/arm-none-eabi/4.5.1/../../../../arm-none-eabi/lib/thumb2/libcr_c.a(_fflush.o)
 .text          0x00000000        0x0 /usr/local/lpcxpresso_4.2.0_224/lpcxpresso/tools/bin/../lib/gcc/arm-none-eabi/4.5.1/../../../../arm-none-eabi/lib/thumb2/libcr_c.a(_frexpl.o)
 .data          0x00000000        0x0 /usr/local/lpcxpresso_4.2.0_224/lpcxpresso/tools/bin/../lib/gcc/arm-none-eabi/4.5.1/../../../../arm-none-eabi/lib/thumb2/libcr_c.a(_frexpl.o)
 .bss           0x00000000        0x0 /usr/local/lpcxpresso_4.2.0_224/lpcxpresso/tools/bin/../lib/gcc/arm-none-eabi/4.5.1/../../../../arm-none-eabi/lib/thumb2/libcr_c.a(_frexpl.o)
 .text          0x00000000        0x0 /usr/local/lpcxpresso_4.2.0_224/lpcxpresso/tools/bin/../lib/gcc/arm-none-eabi/4.5.1/../../../../arm-none-eabi/lib/thumb2/libcr_c.a(_ldexpl.o)
 .data          0x00000000        0x0 /usr/local/lpcxpresso_4.2.0_224/lpcxpresso/tools/bin/../lib/gcc/arm-none-eabi/4.5.1/../../../../arm-none-eabi/lib/thumb2/libcr_c.a(_ldexpl.o)
 .bss           0x00000000        0x0 /usr/local/lpcxpresso_4.2.0_224/lpcxpresso/tools/bin/../lib/gcc/arm-none-eabi/4.5.1/../../../../arm-none-eabi/lib/thumb2/libcr_c.a(_ldexpl.o)
 .text          0x00000000        0x0 /usr/local/lpcxpresso_4.2.0_224/lpcxpresso/tools/bin/../lib/gcc/arm-none-eabi/4.5.1/../../../../arm-none-eabi/lib/thumb2/libcr_c.a(_writebuf.o)
 .data          0x00000000        0x0 /usr/local/lpcxpresso_4.2.0_224/lpcxpresso/tools/bin/../lib/gcc/arm-none-eabi/4.5.1/../../../../arm-none-eabi/lib/thumb2/libcr_c.a(_writebuf.o)
 .bss           0x00000000        0x0 /usr/local/lpcxpresso_4.2.0_224/lpcxpresso/tools/bin/../lib/gcc/arm-none-eabi/4.5.1/../../../../arm-none-eabi/lib/thumb2/libcr_c.a(_writebuf.o)
 .text          0x00000000        0x0 /usr/local/lpcxpresso_4.2.0_224/lpcxpresso/tools/bin/../lib/gcc/arm-none-eabi/4.5.1/../../../../arm-none-eabi/lib/thumb2/libcr_c.a(alloc.o)
 .data          0x00000000        0x0 /usr/local/lpcxpresso_4.2.0_224/lpcxpresso/tools/bin/../lib/gcc/arm-none-eabi/4.5.1/../../../../arm-none-eabi/lib/thumb2/libcr_c.a(alloc.o)
 .bss           0x00000000        0x0 /usr/local/lpcxpresso_4.2.0_224/lpcxpresso/tools/bin/../lib/gcc/arm-none-eabi/4.5.1/../../../../arm-none-eabi/lib/thumb2/libcr_c.a(alloc.o)
 .text.free     0x00000000        0xa /usr/local/lpcxpresso_4.2.0_224/lpcxpresso/tools/bin/../lib/gcc/arm-none-eabi/4.5.1/../../../../arm-none-eabi/lib/thumb2/libcr_c.a(alloc.o)
 .text.calloc   0x00000000       0x50 /usr/local/lpcxpresso_4.2.0_224/lpcxpresso/tools/bin/../lib/gcc/arm-none-eabi/4.5.1/../../../../arm-none-eabi/lib/thumb2/libcr_c.a(alloc.o)
 .text.realloc  0x00000000       0x1c /usr/local/lpcxpresso_4.2.0_224/lpcxpresso/tools/bin/../lib/gcc/arm-none-eabi/4.5.1/../../../../arm-none-eabi/lib/thumb2/libcr_c.a(alloc.o)
 .text          0x00000000        0x0 /usr/local/lpcxpresso_4.2.0_224/lpcxpresso/tools/bin/../lib/gcc/arm-none-eabi/4.5.1/../../../../arm-none-eabi/lib/thumb2/libcr_c.a(ctype.o)
 .data          0x00000000        0x0 /usr/local/lpcxpresso_4.2.0_224/lpcxpresso/tools/bin/../lib/gcc/arm-none-eabi/4.5.1/../../../../arm-none-eabi/lib/thumb2/libcr_c.a(ctype.o)
 .bss           0x00000000        0x0 /usr/local/lpcxpresso_4.2.0_224/lpcxpresso/tools/bin/../lib/gcc/arm-none-eabi/4.5.1/../../../../arm-none-eabi/lib/thumb2/libcr_c.a(ctype.o)
 .text.isalnum  0x00000000       0x14 /usr/local/lpcxpresso_4.2.0_224/lpcxpresso/tools/bin/../lib/gcc/arm-none-eabi/4.5.1/../../../../arm-none-eabi/lib/thumb2/libcr_c.a(ctype.o)
 .text.isalpha  0x00000000       0x14 /usr/local/lpcxpresso_4.2.0_224/lpcxpresso/tools/bin/../lib/gcc/arm-none-eabi/4.5.1/../../../../arm-none-eabi/lib/thumb2/libcr_c.a(ctype.o)
 .text.iscntrl  0x00000000       0x14 /usr/local/lpcxpresso_4.2.0_224/lpcxpresso/tools/bin/../lib/gcc/arm-none-eabi/4.5.1/../../../../arm-none-eabi/lib/thumb2/libcr_c.a(ctype.o)
 .text.isdigit  0x00000000       0x14 /usr/local/lpcxpresso_4.2.0_224/lpcxpresso/tools/bin/../lib/gcc/arm-none-eabi/4.5.1/../../../../arm-none-eabi/lib/thumb2/libcr_c.a(ctype.o)
 .text.isgraph  0x00000000       0x14 /usr/local/lpcxpresso_4.2.0_224/lpcxpresso/tools/bin/../lib/gcc/arm-none-eabi/4.5.1/../../../../arm-none-eabi/lib/thumb2/libcr_c.a(ctype.o)
 .text.islower  0x00000000       0x14 /usr/local/lpcxpresso_4.2.0_224/lpcxpresso/tools/bin/../lib/gcc/arm-none-eabi/4.5.1/../../../../arm-none-eabi/lib/thumb2/libcr_c.a(ctype.o)
 .text.isprint  0x00000000       0x14 /usr/local/lpcxpresso_4.2.0_224/lpcxpresso/tools/bin/../lib/gcc/arm-none-eabi/4.5.1/../../../../arm-none-eabi/lib/thumb2/libcr_c.a(ctype.o)
 .text.ispunct  0x00000000       0x14 /usr/local/lpcxpresso_4.2.0_224/lpcxpresso/tools/bin/../lib/gcc/arm-none-eabi/4.5.1/../../../../arm-none-eabi/lib/thumb2/libcr_c.a(ctype.o)
 .text.isspace  0x00000000       0x14 /usr/local/lpcxpresso_4.2.0_224/lpcxpresso/tools/bin/../lib/gcc/arm-none-eabi/4.5.1/../../../../arm-none-eabi/lib/thumb2/libcr_c.a(ctype.o)
 .text.isupper  0x00000000       0x14 /usr/local/lpcxpresso_4.2.0_224/lpcxpresso/tools/bin/../lib/gcc/arm-none-eabi/4.5.1/../../../../arm-none-eabi/lib/thumb2/libcr_c.a(ctype.o)
 .text.isxdigit
                0x00000000       0x14 /usr/local/lpcxpresso_4.2.0_224/lpcxpresso/tools/bin/../lib/gcc/arm-none-eabi/4.5.1/../../../../arm-none-eabi/lib/thumb2/libcr_c.a(ctype.o)
 .text.tolower  0x00000000       0x18 /usr/local/lpcxpresso_4.2.0_224/lpcxpresso/tools/bin/../lib/gcc/arm-none-eabi/4.5.1/../../../../arm-none-eabi/lib/thumb2/libcr_c.a(ctype.o)
 .text.toupper  0x00000000       0x18 /usr/local/lpcxpresso_4.2.0_224/lpcxpresso/tools/bin/../lib/gcc/arm-none-eabi/4.5.1/../../../../arm-none-eabi/lib/thumb2/libcr_c.a(ctype.o)
 .text          0x00000000        0x0 /usr/local/lpcxpresso_4.2.0_224/lpcxpresso/tools/bin/../lib/gcc/arm-none-eabi/4.5.1/../../../../arm-none-eabi/lib/thumb2/libcr_c.a(errno.o)
 .data          0x00000000        0x0 /usr/local/lpcxpresso_4.2.0_224/lpcxpresso/tools/bin/../lib/gcc/arm-none-eabi/4.5.1/../../../../arm-none-eabi/lib/thumb2/libcr_c.a(errno.o)
 .bss           0x00000000        0x0 /usr/local/lpcxpresso_4.2.0_224/lpcxpresso/tools/bin/../lib/gcc/arm-none-eabi/4.5.1/../../../../arm-none-eabi/lib/thumb2/libcr_c.a(errno.o)
 .text          0x00000000        0x0 /usr/local/lpcxpresso_4.2.0_224/lpcxpresso/tools/bin/../lib/gcc/arm-none-eabi/4.5.1/../../../../arm-none-eabi/lib/thumb2/libcr_c.a(fseek.o)
 .data          0x00000000        0x0 /usr/local/lpcxpresso_4.2.0_224/lpcxpresso/tools/bin/../lib/gcc/arm-none-eabi/4.5.1/../../../../arm-none-eabi/lib/thumb2/libcr_c.a(fseek.o)
 .bss           0x00000000        0x0 /usr/local/lpcxpresso_4.2.0_224/lpcxpresso/tools/bin/../lib/gcc/arm-none-eabi/4.5.1/../../../../arm-none-eabi/lib/thumb2/libcr_c.a(fseek.o)
 .text          0x00000000        0x0 /usr/local/lpcxpresso_4.2.0_224/lpcxpresso/tools/bin/../lib/gcc/arm-none-eabi/4.5.1/../../../../arm-none-eabi/lib/thumb2/libcr_c.a(ftell.o)
 .data          0x00000000        0x0 /usr/local/lpcxpresso_4.2.0_224/lpcxpresso/tools/bin/../lib/gcc/arm-none-eabi/4.5.1/../../../../arm-none-eabi/lib/thumb2/libcr_c.a(ftell.o)
 .bss           0x00000000        0x0 /usr/local/lpcxpresso_4.2.0_224/lpcxpresso/tools/bin/../lib/gcc/arm-none-eabi/4.5.1/../../../../arm-none-eabi/lib/thumb2/libcr_c.a(ftell.o)
 .text          0x00000000        0x0 /usr/local/lpcxpresso_4.2.0_224/lpcxpresso/tools/bin/../lib/gcc/arm-none-eabi/4.5.1/../../../../arm-none-eabi/lib/thumb2/libcr_c.a(memcpy.o)
 .data          0x00000000        0x0 /usr/local/lpcxpresso_4.2.0_224/lpcxpresso/tools/bin/../lib/gcc/arm-none-eabi/4.5.1/../../../../arm-none-eabi/lib/thumb2/libcr_c.a(memcpy.o)
 .bss           0x00000000        0x0 /usr/local/lpcxpresso_4.2.0_224/lpcxpresso/tools/bin/../lib/gcc/arm-none-eabi/4.5.1/../../../../arm-none-eabi/lib/thumb2/libcr_c.a(memcpy.o)
 .text.memcpy   0x00000000        0x4 /usr/local/lpcxpresso_4.2.0_224/lpcxpresso/tools/bin/../lib/gcc/arm-none-eabi/4.5.1/../../../../arm-none-eabi/lib/thumb2/libcr_c.a(memcpy.o)
 .text          0x00000000        0x0 /usr/local/lpcxpresso_4.2.0_224/lpcxpresso/tools/bin/../lib/gcc/arm-none-eabi/4.5.1/../../../../arm-none-eabi/lib/thumb2/libcr_c.a(__init_alloc.o)
 .data          0x00000000        0x0 /usr/local/lpcxpresso_4.2.0_224/lpcxpresso/tools/bin/../lib/gcc/arm-none-eabi/4.5.1/../../../../arm-none-eabi/lib/thumb2/libcr_c.a(__init_alloc.o)
 .bss           0x00000000        0x0 /usr/local/lpcxpresso_4.2.0_224/lpcxpresso/tools/bin/../lib/gcc/arm-none-eabi/4.5.1/../../../../arm-none-eabi/lib/thumb2/libcr_c.a(__init_alloc.o)
 .text._init_alloc
                0x00000000       0x14 /usr/local/lpcxpresso_4.2.0_224/lpcxpresso/tools/bin/../lib/gcc/arm-none-eabi/4.5.1/../../../../arm-none-eabi/lib/thumb2/libcr_c.a(__init_alloc.o)
 .text          0x00000000        0x0 /usr/local/lpcxpresso_4.2.0_224/lpcxpresso/tools/bin/../lib/gcc/arm-none-eabi/4.5.1/../../../../arm-none-eabi/lib/thumb2/libcr_c.a(_hugeval.o)
 .data          0x00000000        0x0 /usr/local/lpcxpresso_4.2.0_224/lpcxpresso/tools/bin/../lib/gcc/arm-none-eabi/4.5.1/../../../../arm-none-eabi/lib/thumb2/libcr_c.a(_hugeval.o)
 .bss           0x00000000        0x0 /usr/local/lpcxpresso_4.2.0_224/lpcxpresso/tools/bin/../lib/gcc/arm-none-eabi/4.5.1/../../../../arm-none-eabi/lib/thumb2/libcr_c.a(_hugeval.o)
 .rodata.__huge_val
                0x00000000        0x8 /usr/local/lpcxpresso_4.2.0_224/lpcxpresso/tools/bin/../lib/gcc/arm-none-eabi/4.5.1/../../../../arm-none-eabi/lib/thumb2/libcr_c.a(_hugeval.o)
 .text          0x00000000        0x0 /usr/local/lpcxpresso_4.2.0_224/lpcxpresso/tools/bin/../lib/gcc/arm-none-eabi/4.5.1/thumb2/libcr_eabihelpers.a(division.o)
 .data          0x00000000        0x0 /usr/local/lpcxpresso_4.2.0_224/lpcxpresso/tools/bin/../lib/gcc/arm-none-eabi/4.5.1/thumb2/libcr_eabihelpers.a(division.o)
 .bss           0x00000000        0x0 /usr/local/lpcxpresso_4.2.0_224/lpcxpresso/tools/bin/../lib/gcc/arm-none-eabi/4.5.1/thumb2/libcr_eabihelpers.a(division.o)
 .text.__aeabi_division_idiv
                0x00000000       0x10 /usr/local/lpcxpresso_4.2.0_224/lpcxpresso/tools/bin/../lib/gcc/arm-none-eabi/4.5.1/thumb2/libcr_eabihelpers.a(division.o)
 .text.__aeabi_division_idivmod
                0x00000000       0x16 /usr/local/lpcxpresso_4.2.0_224/lpcxpresso/tools/bin/../lib/gcc/arm-none-eabi/4.5.1/thumb2/libcr_eabihelpers.a(division.o)
 .text.__aeabi_division_uidiv
                0x00000000       0x10 /usr/local/lpcxpresso_4.2.0_224/lpcxpresso/tools/bin/../lib/gcc/arm-none-eabi/4.5.1/thumb2/libcr_eabihelpers.a(division.o)
 .text.__aeabi_division_uidivmod
                0x00000000       0x16 /usr/local/lpcxpresso_4.2.0_224/lpcxpresso/tools/bin/../lib/gcc/arm-none-eabi/4.5.1/thumb2/libcr_eabihelpers.a(division.o)
 .text.__aeabi_division_ldivmod
                0x00000000       0x26 /usr/local/lpcxpresso_4.2.0_224/lpcxpresso/tools/bin/../lib/gcc/arm-none-eabi/4.5.1/thumb2/libcr_eabihelpers.a(division.o)
 .text.__aeabi_division_uldivmod
                0x00000000      0x174 /usr/local/lpcxpresso_4.2.0_224/lpcxpresso/tools/bin/../lib/gcc/arm-none-eabi/4.5.1/thumb2/libcr_eabihelpers.a(division.o)
 .text.__aeabi_division_idiv0
                0x00000000        0x2 /usr/local/lpcxpresso_4.2.0_224/lpcxpresso/tools/bin/../lib/gcc/arm-none-eabi/4.5.1/thumb2/libcr_eabihelpers.a(division.o)
 .text.__aeabi_division_ldiv0
                0x00000000        0x2 /usr/local/lpcxpresso_4.2.0_224/lpcxpresso/tools/bin/../lib/gcc/arm-none-eabi/4.5.1/thumb2/libcr_eabihelpers.a(division.o)
 .text          0x00000000        0x0 /usr/local/lpcxpresso_4.2.0_224/lpcxpresso/tools/bin/../lib/gcc/arm-none-eabi/4.5.1/thumb2/libcr_eabihelpers.a(double.o)
 .data          0x00000000        0x0 /usr/local/lpcxpresso_4.2.0_224/lpcxpresso/tools/bin/../lib/gcc/arm-none-eabi/4.5.1/thumb2/libcr_eabihelpers.a(double.o)
 .bss           0x00000000        0x0 /usr/local/lpcxpresso_4.2.0_224/lpcxpresso/tools/bin/../lib/gcc/arm-none-eabi/4.5.1/thumb2/libcr_eabihelpers.a(double.o)
 .text.__aeabi_drsub
                0x00000000       0x1c /usr/local/lpcxpresso_4.2.0_224/lpcxpresso/tools/bin/../lib/gcc/arm-none-eabi/4.5.1/thumb2/libcr_eabihelpers.a(double.o)
 .text.__aeabi_dneg
                0x00000000        0xc /usr/local/lpcxpresso_4.2.0_224/lpcxpresso/tools/bin/../lib/gcc/arm-none-eabi/4.5.1/thumb2/libcr_eabihelpers.a(double.o)
 .text.__aeabi_d2f
                0x00000000       0x54 /usr/local/lpcxpresso_4.2.0_224/lpcxpresso/tools/bin/../lib/gcc/arm-none-eabi/4.5.1/thumb2/libcr_eabihelpers.a(double.o)
 .text.__aeabi_d2uiz
                0x00000000       0x30 /usr/local/lpcxpresso_4.2.0_224/lpcxpresso/tools/bin/../lib/gcc/arm-none-eabi/4.5.1/thumb2/libcr_eabihelpers.a(double.o)
 .text.__aeabi_d2lz
                0x00000000       0x64 /usr/local/lpcxpresso_4.2.0_224/lpcxpresso/tools/bin/../lib/gcc/arm-none-eabi/4.5.1/thumb2/libcr_eabihelpers.a(double.o)
 .text.__aeabi_d2ulz
                0x00000000       0x50 /usr/local/lpcxpresso_4.2.0_224/lpcxpresso/tools/bin/../lib/gcc/arm-none-eabi/4.5.1/thumb2/libcr_eabihelpers.a(double.o)
 .text.__bhs_ul2d
                0x00000000       0x92 /usr/local/lpcxpresso_4.2.0_224/lpcxpresso/tools/bin/../lib/gcc/arm-none-eabi/4.5.1/thumb2/libcr_eabihelpers.a(double.o)
 .text.__aeabi_ui2d
                0x00000000        0x8 /usr/local/lpcxpresso_4.2.0_224/lpcxpresso/tools/bin/../lib/gcc/arm-none-eabi/4.5.1/thumb2/libcr_eabihelpers.a(double.o)
 .text.__aeabi_l2d
                0x00000000       0x16 /usr/local/lpcxpresso_4.2.0_224/lpcxpresso/tools/bin/../lib/gcc/arm-none-eabi/4.5.1/thumb2/libcr_eabihelpers.a(double.o)
 .text.__aeabi_ul2d
                0x00000000        0x8 /usr/local/lpcxpresso_4.2.0_224/lpcxpresso/tools/bin/../lib/gcc/arm-none-eabi/4.5.1/thumb2/libcr_eabihelpers.a(double.o)
 .text.__aeabi_dcmpgt
                0x00000000       0x58 /usr/local/lpcxpresso_4.2.0_224/lpcxpresso/tools/bin/../lib/gcc/arm-none-eabi/4.5.1/thumb2/libcr_eabihelpers.a(double.o)
 .text.__aeabi_dcmpun
                0x00000000       0x1a /usr/local/lpcxpresso_4.2.0_224/lpcxpresso/tools/bin/../lib/gcc/arm-none-eabi/4.5.1/thumb2/libcr_eabihelpers.a(double.o)
 .text.__aeabi_cdcmple
                0x00000000       0x30 /usr/local/lpcxpresso_4.2.0_224/lpcxpresso/tools/bin/../lib/gcc/arm-none-eabi/4.5.1/thumb2/libcr_eabihelpers.a(double.o)
 .text.__aeabi_cdrcmple
                0x00000000       0x16 /usr/local/lpcxpresso_4.2.0_224/lpcxpresso/tools/bin/../lib/gcc/arm-none-eabi/4.5.1/thumb2/libcr_eabihelpers.a(double.o)
 .text          0x00000000        0x0 /usr/local/lpcxpresso_4.2.0_224/lpcxpresso/tools/bin/../lib/gcc/arm-none-eabi/4.5.1/thumb2/libcr_eabihelpers.a(memcpy.o)
 .data          0x00000000        0x0 /usr/local/lpcxpresso_4.2.0_224/lpcxpresso/tools/bin/../lib/gcc/arm-none-eabi/4.5.1/thumb2/libcr_eabihelpers.a(memcpy.o)
 .bss           0x00000000        0x0 /usr/local/lpcxpresso_4.2.0_224/lpcxpresso/tools/bin/../lib/gcc/arm-none-eabi/4.5.1/thumb2/libcr_eabihelpers.a(memcpy.o)
 .text.__aeabi_memcpy
                0x00000000       0x26 /usr/local/lpcxpresso_4.2.0_224/lpcxpresso/tools/bin/../lib/gcc/arm-none-eabi/4.5.1/thumb2/libcr_eabihelpers.a(memcpy.o)
 .text.__aeabi_memmove
                0x00000000       0x1c /usr/local/lpcxpresso_4.2.0_224/lpcxpresso/tools/bin/../lib/gcc/arm-none-eabi/4.5.1/thumb2/libcr_eabihelpers.a(memcpy.o)
 .text.__aeabi_memclr
                0x00000000        0x8 /usr/local/lpcxpresso_4.2.0_224/lpcxpresso/tools/bin/../lib/gcc/arm-none-eabi/4.5.1/thumb2/libcr_eabihelpers.a(memcpy.o)
 .text.__aeabi_memset
                0x00000000        0xa /usr/local/lpcxpresso_4.2.0_224/lpcxpresso/tools/bin/../lib/gcc/arm-none-eabi/4.5.1/thumb2/libcr_eabihelpers.a(memcpy.o)

Memory Configuration

Name             Origin             Length             Attributes
MFlash512        0x00000000         0x00080000         xr
RamLoc32         0x10000000         0x00008000         xrw
RamAHB32         0x2007c000         0x00008000         xrw
*default*        0x00000000         0xffffffff

Linker script and memory map

LOAD ./src/FatFS_support.o
LOAD ./src/cr_startup_lpc176x.o
LOAD ./src/main.o
LOAD ./src/lib_FatFS/src/option/cc932.o
LOAD ./src/lib_FatFS/src/option/syscall.o
LOAD ./src/lib_FatFS/src/lpc1xxx_spi_sd/lpc17xx_spi.o
LOAD ./src/lib_FatFS/src/lpc1xxx_spi_sd/sd.o
LOAD ./src/lib_FatFS/src/clocking.o
LOAD ./src/lib_FatFS/src/ff.o
LOAD /home/fanaur/RepositoriosMercurial/trabajoprofesional/Codigo/workspaceLpc/CMSISv2p00_LPC17xx/Debug/libCMSISv2p00_LPC17xx.a
LOAD /home/fanaur/RepositoriosMercurial/trabajoprofesional/Codigo/workspaceLpc/libDriversMcuPeripherals/Debug/libDriversMcuPeripherals.a
START GROUP
LOAD /usr/local/lpcxpresso_4.2.0_224/lpcxpresso/tools/bin/../lib/gcc/arm-none-eabi/4.5.1/../../../../arm-none-eabi/lib/thumb2/libcr_c.a
LOAD /usr/local/lpcxpresso_4.2.0_224/lpcxpresso/tools/bin/../lib/gcc/arm-none-eabi/4.5.1/thumb2/libcr_eabihelpers.a
END GROUP
                0x00080000                __top_MFlash512 = 0x80000
                0x10008000                __top_RamLoc32 = 0x10008000
                0x20084000                __top_RamAHB32 = 0x20084000

.text           0x00000000     0x65b0
 FILL mask 0xff
 *(.isr_vector)
 .isr_vector    0x00000000       0xcc ./src/cr_startup_lpc176x.o
                0x00000000                g_pfnVectors
                0x000000cc                . = ALIGN (0x4)
                0x000000cc                __section_table_start = .
                0x000000cc                __data_section_table = .
                0x000000cc        0x4 LONG 0x65b0 LOADADDR (.data)
                0x000000d0        0x4 LONG 0x10000000 ADDR (.data)
                0x000000d4        0x4 LONG 0x16c SIZEOF (.data)
                0x000000d8        0x4 LONG 0x65b0 LOADADDR (.data_RAM2)
                0x000000dc        0x4 LONG 0x2007c000 ADDR (.data_RAM2)
                0x000000e0        0x4 LONG 0x0 SIZEOF (.data_RAM2)
                0x000000e4                __data_section_table_end = .
                0x000000e4                __bss_section_table = .
                0x000000e4        0x4 LONG 0x1000016c ADDR (.bss)
                0x000000e8        0x4 LONG 0x6c8 SIZEOF (.bss)
                0x000000ec        0x4 LONG 0x2007c000 ADDR (.bss_RAM2)
                0x000000f0        0x4 LONG 0x0 SIZEOF (.bss_RAM2)
                0x000000f4                __bss_section_table_end = .
                0x000000f4                __section_table_end = .
 *(.after_vectors*)
 .after_vectors
                0x000000f4       0x78 ./src/cr_startup_lpc176x.o
                0x000000f4                NMI_Handler
                0x000000f6                HardFault_Handler
                0x000000f8                MemManage_Handler
                0x000000fa                BusFault_Handler
                0x000000fc                UsageFault_Handler
                0x000000fe                SVCall_Handler
                0x00000100                DebugMon_Handler
                0x00000102                PendSV_Handler
                0x00000106                data_init
                0x00000118                bss_init
                0x00000128                ResetISR
                0x00000168                TIMER2_IRQHandler
                0x00000168                RIT_IRQHandler
                0x00000168                I2C0_IRQHandler
                0x00000168                USBActivity_IRQHandler
                0x00000168                PWM1_IRQHandler
                0x00000168                I2C1_IRQHandler
                0x00000168                EINT2_IRQHandler
                0x00000168                UART1_IRQHandler
                0x00000168                EINT3_IRQHandler
                0x00000168                CANActivity_IRQHandler
                0x00000168                TIMER3_IRQHandler
                0x00000168                UART0_IRQHandler
                0x00000168                IntDefaultHandler
                0x00000168                PLL0_IRQHandler
                0x00000168                CAN_IRQHandler
                0x00000168                PLL1_IRQHandler
                0x00000168                SSP0_IRQHandler
                0x00000168                I2S_IRQHandler
                0x00000168                I2C2_IRQHandler
                0x00000168                RTC_IRQHandler
                0x00000168                TIMER0_IRQHandler
                0x00000168                SPI_IRQHandler
                0x00000168                EINT1_IRQHandler
                0x00000168                TIMER1_IRQHandler
                0x00000168                UART2_IRQHandler
                0x00000168                ADC_IRQHandler
                0x00000168                SSP1_IRQHandler
                0x00000168                USB_IRQHandler
                0x00000168                BOD_IRQHandler
                0x00000168                WDT_IRQHandler
                0x00000168                QEI_IRQHandler
                0x00000168                EINT0_IRQHandler
                0x00000168                DMA_IRQHandler
                0x00000168                UART3_IRQHandler
                0x00000168                MCPWM_IRQHandler
                0x00000168                ENET_IRQHandler
 *(.text*)
 .text.get_fattime
                0x0000016c       0x8c ./src/FatFS_support.o
                0x0000016c                get_fattime
 .text.SysTick_Handler
                0x000001f8       0x48 ./src/FatFS_support.o
                0x000001f8                SysTick_Handler
 .text.SetSPIClocks
                0x00000240       0xb0 ./src/main.o
 .text.TimerReset
                0x000002f0       0x58 ./src/main.o
                0x000002f0                TimerReset
 .text.TimerStart
                0x00000348       0x18 ./src/main.o
                0x00000348                TimerStart
 .text.TimerStop
                0x00000360       0x18 ./src/main.o
                0x00000360                TimerStop
 .text.write_file
                0x00000378       0xc8 ./src/main.o
 .text.main     0x00000440       0xd8 ./src/main.o
                0x00000440                main
 .text.SPI_Init
                0x00000518      0x11c ./src/lib_FatFS/src/lpc1xxx_spi_sd/lpc17xx_spi.o
                0x00000518                SPI_Init
 .text.SPI_ConfigClockRate
                0x00000634       0x24 ./src/lib_FatFS/src/lpc1xxx_spi_sd/lpc17xx_spi.o
                0x00000634                SPI_ConfigClockRate
 .text.SPI_CS_Low
                0x00000658       0x24 ./src/lib_FatFS/src/lpc1xxx_spi_sd/lpc17xx_spi.o
                0x00000658                SPI_CS_Low
 .text.SPI_CS_High
                0x0000067c       0x24 ./src/lib_FatFS/src/lpc1xxx_spi_sd/lpc17xx_spi.o
                0x0000067c                SPI_CS_High
 .text.SPI_SendByte
                0x000006a0       0x44 ./src/lib_FatFS/src/lpc1xxx_spi_sd/lpc17xx_spi.o
                0x000006a0                SPI_SendByte
 .text.SPI_RecvByte
                0x000006e4       0x14 ./src/lib_FatFS/src/lpc1xxx_spi_sd/lpc17xx_spi.o
                0x000006e4                SPI_RecvByte
 .text.SPI_SendBlock_FIFO
                0x000006f8       0xdc ./src/lib_FatFS/src/lpc1xxx_spi_sd/lpc17xx_spi.o
                0x000006f8                SPI_SendBlock_FIFO
 .text.SPI_RecvBlock_FIFO
                0x000007d4       0xf4 ./src/lib_FatFS/src/lpc1xxx_spi_sd/lpc17xx_spi.o
                0x000007d4                SPI_RecvBlock_FIFO
 .text.disk_initialize
                0x000008c8       0x5c ./src/lib_FatFS/src/lpc1xxx_spi_sd/sd.o
                0x000008c8                disk_initialize
 .text.disk_ioctl
                0x00000924      0x1f0 ./src/lib_FatFS/src/lpc1xxx_spi_sd/sd.o
                0x00000924                disk_ioctl
 .text.disk_read
                0x00000b14       0x64 ./src/lib_FatFS/src/lpc1xxx_spi_sd/sd.o
                0x00000b14                disk_read
 .text.disk_status
                0x00000b78       0x30 ./src/lib_FatFS/src/lpc1xxx_spi_sd/sd.o
                0x00000b78                disk_status
 .text.disk_write
                0x00000ba8       0x64 ./src/lib_FatFS/src/lpc1xxx_spi_sd/sd.o
                0x00000ba8                disk_write
 .text.disk_timerproc
                0x00000c0c       0x5c ./src/lib_FatFS/src/lpc1xxx_spi_sd/sd.o
                0x00000c0c                disk_timerproc
 .text.SD_Init  0x00000c68      0x284 ./src/lib_FatFS/src/lpc1xxx_spi_sd/sd.o
                0x00000c68                SD_Init
 .text.SD_WaitForReady
                0x00000eec       0x40 ./src/lib_FatFS/src/lpc1xxx_spi_sd/sd.o
                0x00000eec                SD_WaitForReady
 .text.SD_SendCommand
                0x00000f2c      0x100 ./src/lib_FatFS/src/lpc1xxx_spi_sd/sd.o
                0x00000f2c                SD_SendCommand
 .text.SD_SendACommand
                0x0000102c       0x4c ./src/lib_FatFS/src/lpc1xxx_spi_sd/sd.o
                0x0000102c                SD_SendACommand
 .text.SD_ReadSector
                0x00001078       0xe0 ./src/lib_FatFS/src/lpc1xxx_spi_sd/sd.o
                0x00001078                SD_ReadSector
 .text.SD_WriteSector
                0x00001158       0xdc ./src/lib_FatFS/src/lpc1xxx_spi_sd/sd.o
                0x00001158                SD_WriteSector
 .text.SD_ReadConfiguration
                0x00001234      0x30c ./src/lib_FatFS/src/lpc1xxx_spi_sd/sd.o
                0x00001234                SD_ReadConfiguration
 .text.SD_RecvDataBlock
                0x00001540       0x64 ./src/lib_FatFS/src/lpc1xxx_spi_sd/sd.o
                0x00001540                SD_RecvDataBlock
 .text.SD_SendDataBlock
                0x000015a4       0x8c ./src/lib_FatFS/src/lpc1xxx_spi_sd/sd.o
                0x000015a4                SD_SendDataBlock
 .text.LPC_UseOscillator
                0x00001630      0x1f8 ./src/lib_FatFS/src/clocking.o
                0x00001630                LPC_UseOscillator
 .text.LPC_SetPLL0
                0x00001828      0x430 ./src/lib_FatFS/src/clocking.o
                0x00001828                LPC_SetPLL0
 .text.mem_cpy  0x00001c58       0x50 ./src/lib_FatFS/src/ff.o
 .text.mem_set  0x00001ca8       0x44 ./src/lib_FatFS/src/ff.o
 .text.mem_cmp  0x00001cec       0x70 ./src/lib_FatFS/src/ff.o
 .text.chk_chr  0x00001d5c       0x38 ./src/lib_FatFS/src/ff.o
 .text.move_window
                0x00001d94       0xd4 ./src/lib_FatFS/src/ff.o
 .text.sync     0x00001e68      0x1d0 ./src/lib_FatFS/src/ff.o
 .text.clust2sect
                0x00002038       0x44 ./src/lib_FatFS/src/ff.o
                0x00002038                clust2sect
 .text.get_fat  0x0000207c      0x1a4 ./src/lib_FatFS/src/ff.o
                0x0000207c                get_fat
 .text.put_fat  0x00002220      0x264 ./src/lib_FatFS/src/ff.o
                0x00002220                put_fat
 .text.remove_chain
                0x00002484       0xb0 ./src/lib_FatFS/src/ff.o
 .text.create_chain
                0x00002534      0x12c ./src/lib_FatFS/src/ff.o
 .text.dir_sdi  0x00002660      0x118 ./src/lib_FatFS/src/ff.o
 .text.dir_next
                0x00002778      0x1dc ./src/lib_FatFS/src/ff.o
 .text.dir_find
                0x00002954       0xa4 ./src/lib_FatFS/src/ff.o
 .text.dir_register
                0x000029f8       0xbc ./src/lib_FatFS/src/ff.o
 .text.create_name
                0x00002ab4      0x1b8 ./src/lib_FatFS/src/ff.o
 .text.follow_path
                0x00002c6c      0x11c ./src/lib_FatFS/src/ff.o
 .text.check_fs
                0x00002d88      0x108 ./src/lib_FatFS/src/ff.o
 .text.chk_mounted
                0x00002e90      0x66c ./src/lib_FatFS/src/ff.o
 .text.validate
                0x000034fc       0x54 ./src/lib_FatFS/src/ff.o
 .text.f_mount  0x00003550       0x64 ./src/lib_FatFS/src/ff.o
                0x00003550                f_mount
 .text.f_open   0x000035b4      0x35c ./src/lib_FatFS/src/ff.o
                0x000035b4                f_open
 .text.f_write  0x00003910      0x354 ./src/lib_FatFS/src/ff.o
                0x00003910                f_write
 .text.f_sync   0x00003c64      0x1c0 ./src/lib_FatFS/src/ff.o
                0x00003c64                f_sync
 .text.f_close  0x00003e24       0x2c ./src/lib_FatFS/src/ff.o
                0x00003e24                f_close
 .text.SystemInit
                0x00003e50       0xe4 /home/fanaur/RepositoriosMercurial/trabajoprofesional/Codigo/workspaceLpc/CMSISv2p00_LPC17xx/Debug/libCMSISv2p00_LPC17xx.a(system_LPC17xx.o)
                0x00003e50                SystemInit
 .text.__weak_main
                0x00003f34        0x4 /usr/local/lpcxpresso_4.2.0_224/lpcxpresso/tools/bin/../lib/gcc/arm-none-eabi/4.5.1/../../../../arm-none-eabi/lib/thumb2/libcr_c.a(__weak__main.o)
                0x00003f34                __main
                0x00003f34                __weak_main
 .text.fp_round
                0x00003f38       0x56 /usr/local/lpcxpresso_4.2.0_224/lpcxpresso/tools/bin/../lib/gcc/arm-none-eabi/4.5.1/../../../../arm-none-eabi/lib/thumb2/libcr_c.a(fpprintf.o)
 .text.lose_trailing_zeros
                0x00003f8e       0x1e /usr/local/lpcxpresso_4.2.0_224/lpcxpresso/tools/bin/../lib/gcc/arm-none-eabi/4.5.1/../../../../arm-none-eabi/lib/thumb2/libcr_c.a(fpprintf.o)
 .text.pr_dec.clone.0
                0x00003fac       0x24 /usr/local/lpcxpresso_4.2.0_224/lpcxpresso/tools/bin/../lib/gcc/arm-none-eabi/4.5.1/../../../../arm-none-eabi/lib/thumb2/libcr_c.a(fpprintf.o)
 .text.sprintf  0x00003fd0       0x70 /usr/local/lpcxpresso_4.2.0_224/lpcxpresso/tools/bin/../lib/gcc/arm-none-eabi/4.5.1/../../../../arm-none-eabi/lib/thumb2/libcr_c.a(fpprintf.o)
                0x00003fd0                sprintf
 .text.fp_display
                0x00004040      0x918 /usr/local/lpcxpresso_4.2.0_224/lpcxpresso/tools/bin/../lib/gcc/arm-none-eabi/4.5.1/../../../../arm-none-eabi/lib/thumb2/libcr_c.a(fpprintf.o)
 .text.__vfprintf
                0x00004958      0xc3c /usr/local/lpcxpresso_4.2.0_224/lpcxpresso/tools/bin/../lib/gcc/arm-none-eabi/4.5.1/../../../../arm-none-eabi/lib/thumb2/libcr_c.a(printf.o)
                0x00004958                __vfprintf
 .text.strlen   0x00005594       0x4e /usr/local/lpcxpresso_4.2.0_224/lpcxpresso/tools/bin/../lib/gcc/arm-none-eabi/4.5.1/../../../../arm-none-eabi/lib/thumb2/libcr_c.a(strlen.o)
                0x00005594                strlen
 .text.memset   0x000055e2        0x4 /usr/local/lpcxpresso_4.2.0_224/lpcxpresso/tools/bin/../lib/gcc/arm-none-eabi/4.5.1/../../../../arm-none-eabi/lib/thumb2/libcr_c.a(memset.o)
                0x000055e2                memset
 .text._deferredlazyseek
                0x000055e6       0x44 /usr/local/lpcxpresso_4.2.0_224/lpcxpresso/tools/bin/../lib/gcc/arm-none-eabi/4.5.1/../../../../arm-none-eabi/lib/thumb2/libcr_c.a(_deferredlazyseek.o)
                0x000055e6                _deferredlazyseek
 .text.__flsbuf
                0x0000562a      0x15e /usr/local/lpcxpresso_4.2.0_224/lpcxpresso/tools/bin/../lib/gcc/arm-none-eabi/4.5.1/../../../../arm-none-eabi/lib/thumb2/libcr_c.a(_deferredlazyseek.o)
                0x0000562a                __flsbuf
 .text._fflush  0x00005788       0x58 /usr/local/lpcxpresso_4.2.0_224/lpcxpresso/tools/bin/../lib/gcc/arm-none-eabi/4.5.1/../../../../arm-none-eabi/lib/thumb2/libcr_c.a(_fflush.o)
                0x00005788                _fflush
 .text._frexpl  0x000057e0       0x62 /usr/local/lpcxpresso_4.2.0_224/lpcxpresso/tools/bin/../lib/gcc/arm-none-eabi/4.5.1/../../../../arm-none-eabi/lib/thumb2/libcr_c.a(_frexpl.o)
                0x000057e0                _frexpl
 *fill*         0x00005842        0x2 00
 .text._ldexpl  0x00005844       0x50 /usr/local/lpcxpresso_4.2.0_224/lpcxpresso/tools/bin/../lib/gcc/arm-none-eabi/4.5.1/../../../../arm-none-eabi/lib/thumb2/libcr_c.a(_ldexpl.o)
                0x00005844                _ldexpl
 .text._Cwritebuf
                0x00005894       0x88 /usr/local/lpcxpresso_4.2.0_224/lpcxpresso/tools/bin/../lib/gcc/arm-none-eabi/4.5.1/../../../../arm-none-eabi/lib/thumb2/libcr_c.a(_writebuf.o)
                0x00005894                _Cwritebuf
 .text.malloc   0x0000591c       0xd0 /usr/local/lpcxpresso_4.2.0_224/lpcxpresso/tools/bin/../lib/gcc/arm-none-eabi/4.5.1/../../../../arm-none-eabi/lib/thumb2/libcr_c.a(alloc.o)
                0x0000591c                malloc
 .text._Csys_alloc
                0x000059ec       0x20 /usr/local/lpcxpresso_4.2.0_224/lpcxpresso/tools/bin/../lib/gcc/arm-none-eabi/4.5.1/../../../../arm-none-eabi/lib/thumb2/libcr_c.a(alloc.o)
                0x000059ec                _Csys_alloc
 .text.fseek    0x00005a0c      0x110 /usr/local/lpcxpresso_4.2.0_224/lpcxpresso/tools/bin/../lib/gcc/arm-none-eabi/4.5.1/../../../../arm-none-eabi/lib/thumb2/libcr_c.a(fseek.o)
                0x00005a0c                fseek
 .text.ftell    0x00005b1c       0x50 /usr/local/lpcxpresso_4.2.0_224/lpcxpresso/tools/bin/../lib/gcc/arm-none-eabi/4.5.1/../../../../arm-none-eabi/lib/thumb2/libcr_c.a(ftell.o)
                0x00005b1c                ftell
 .text.__aeabi_dmul
                0x00005b6c      0x128 /usr/local/lpcxpresso_4.2.0_224/lpcxpresso/tools/bin/../lib/gcc/arm-none-eabi/4.5.1/thumb2/libcr_eabihelpers.a(double.o)
                0x00005b6c                __aeabi_dmul
 .text.__aeabi_ddiv
                0x00005c94      0x144 /usr/local/lpcxpresso_4.2.0_224/lpcxpresso/tools/bin/../lib/gcc/arm-none-eabi/4.5.1/thumb2/libcr_eabihelpers.a(double.o)
                0x00005c94                __aeabi_ddiv
 .text.__aeabi_dsub
                0x00005dd8      0x1d8 /usr/local/lpcxpresso_4.2.0_224/lpcxpresso/tools/bin/../lib/gcc/arm-none-eabi/4.5.1/thumb2/libcr_eabihelpers.a(double.o)
                0x00005dd8                __aeabi_dsub
 .text.__aeabi_dadd
                0x00005fb0      0x13c /usr/local/lpcxpresso_4.2.0_224/lpcxpresso/tools/bin/../lib/gcc/arm-none-eabi/4.5.1/thumb2/libcr_eabihelpers.a(double.o)
                0x00005fb0                __aeabi_dadd
 .text.__aeabi_d2iz
                0x000060ec       0x3e /usr/local/lpcxpresso_4.2.0_224/lpcxpresso/tools/bin/../lib/gcc/arm-none-eabi/4.5.1/thumb2/libcr_eabihelpers.a(double.o)
                0x000060ec                __aeabi_d2iz
 .text.__bhs_ui2d
                0x0000612a       0x50 /usr/local/lpcxpresso_4.2.0_224/lpcxpresso/tools/bin/../lib/gcc/arm-none-eabi/4.5.1/thumb2/libcr_eabihelpers.a(double.o)
                0x0000612a                __bhs_ui2d
 .text.__aeabi_i2d
                0x0000617a       0x10 /usr/local/lpcxpresso_4.2.0_224/lpcxpresso/tools/bin/../lib/gcc/arm-none-eabi/4.5.1/thumb2/libcr_eabihelpers.a(double.o)
                0x0000617a                __aeabi_i2d
 .text.__aeabi_dcmpeq
                0x0000618a       0x36 /usr/local/lpcxpresso_4.2.0_224/lpcxpresso/tools/bin/../lib/gcc/arm-none-eabi/4.5.1/thumb2/libcr_eabihelpers.a(double.o)
                0x0000618a                __aeabi_dcmpeq
 .text.__aeabi_dcmplt
                0x000061c0       0x5a /usr/local/lpcxpresso_4.2.0_224/lpcxpresso/tools/bin/../lib/gcc/arm-none-eabi/4.5.1/thumb2/libcr_eabihelpers.a(double.o)
                0x000061c0                __aeabi_dcmplt
 .text.__aeabi_dcmple
                0x0000621a       0x5a /usr/local/lpcxpresso_4.2.0_224/lpcxpresso/tools/bin/../lib/gcc/arm-none-eabi/4.5.1/thumb2/libcr_eabihelpers.a(double.o)
                0x0000621a                __aeabi_dcmple
 .text.__aeabi_dcmpge
                0x00006274       0x5a /usr/local/lpcxpresso_4.2.0_224/lpcxpresso/tools/bin/../lib/gcc/arm-none-eabi/4.5.1/thumb2/libcr_eabihelpers.a(double.o)
                0x00006274                __aeabi_dcmpge
 .text.__aeabi_memset_lowlevel
                0x000062ce       0x24 /usr/local/lpcxpresso_4.2.0_224/lpcxpresso/tools/bin/../lib/gcc/arm-none-eabi/4.5.1/thumb2/libcr_eabihelpers.a(memcpy.o)
                0x000062ce                __aeabi_lowlevel_memset
 *(.rodata .rodata.*)
 *fill*         0x000062f2        0x2 00
 .rodata        0x000062f4       0x20 ./src/main.o
 .rodata        0x00006314       0x10 ./src/lib_FatFS/src/ff.o
 .rodata.excvt.1172
                0x00006324       0x80 ./src/lib_FatFS/src/ff.o
 .rodata.str1.1
                0x000063a4       0x34 /usr/local/lpcxpresso_4.2.0_224/lpcxpresso/tools/bin/../lib/gcc/arm-none-eabi/4.5.1/../../../../arm-none-eabi/lib/thumb2/libcr_c.a(fpprintf.o)
                                 0x35 (size before relaxing)
 .rodata.str1.1
                0x000063d8       0x31 /usr/local/lpcxpresso_4.2.0_224/lpcxpresso/tools/bin/../lib/gcc/arm-none-eabi/4.5.1/../../../../arm-none-eabi/lib/thumb2/libcr_c.a(printf.o)
                                 0x38 (size before relaxing)
 .rodata.str1.1
                0x00006409       0x18 /usr/local/lpcxpresso_4.2.0_224/lpcxpresso/tools/bin/../lib/gcc/arm-none-eabi/4.5.1/../../../../arm-none-eabi/lib/thumb2/libcr_c.a(alloc.o)
 .rodata.__ctype
                0x00006421      0x180 /usr/local/lpcxpresso_4.2.0_224/lpcxpresso/tools/bin/../lib/gcc/arm-none-eabi/4.5.1/../../../../arm-none-eabi/lib/thumb2/libcr_c.a(ctype.o)
                0x00006421                __ctype
 *fill*         0x000065a1        0x7 00
 .rodata.__huge_vall
                0x000065a8        0x8 /usr/local/lpcxpresso_4.2.0_224/lpcxpresso/tools/bin/../lib/gcc/arm-none-eabi/4.5.1/../../../../arm-none-eabi/lib/thumb2/libcr_c.a(_hugeval.o)
                0x000065a8                __huge_vall
                0x000065b0                . = ALIGN (0x4)

.glue_7         0x000065b0        0x0
 .glue_7        0x00000000        0x0 linker stubs

.glue_7t        0x000065b0        0x0
 .glue_7t       0x00000000        0x0 linker stubs

.vfp11_veneer   0x000065b0        0x0
 .vfp11_veneer  0x00000000        0x0 linker stubs

.v4_bx          0x000065b0        0x0
 .v4_bx         0x00000000        0x0 linker stubs

.ARM.extab
 *(.ARM.extab* .gnu.linkonce.armextab.*)
                0x000065b0                __exidx_start = .

.ARM.exidx
 *(.ARM.exidx* .gnu.linkonce.armexidx.*)
                0x000065b0                __exidx_end = .
                0x000065b0                _etext = .

.data_RAM2      0x2007c000        0x0 load address 0x000065b0
 FILL mask 0xff
 *(.data.$RAM2*)
 *(.data.$RamAHB32*)
                0x2007c000                . = ALIGN (0x4)

.uninit_RESERVED
 *(.bss.$RESERVED*)

.data           0x10000000      0x16c load address 0x000065b0
 FILL mask 0xff
                0x10000000                _data = .
 *(vtable)
 *(.data*)
 .data.timerproc_interval
                0x10000000        0x4 ./src/FatFS_support.o
                0x10000000                timerproc_interval
 .data.spi_div_low
                0x10000004        0x1 ./src/main.o
                0x10000004                spi_div_low
 .data.spi_div_high
                0x10000005        0x1 ./src/main.o
                0x10000005                spi_div_high
 .data.Stat     0x10000006        0x1 ./src/lib_FatFS/src/lpc1xxx_spi_sd/sd.o
 *fill*         0x10000007        0x1 00
 .data.MainOscPLL0conf
                0x10000008       0xb0 ./src/lib_FatFS/src/clocking.o
 .data.IntRCOscPLL0conf
                0x100000b8       0xb0 ./src/lib_FatFS/src/clocking.o
 .data.SystemCoreClock
                0x10000168        0x4 /home/fanaur/RepositoriosMercurial/trabajoprofesional/Codigo/workspaceLpc/CMSISv2p00_LPC17xx/Debug/libCMSISv2p00_LPC17xx.a(system_LPC17xx.o)
                0x10000168                SystemCoreClock
                0x1000016c                . = ALIGN (0x4)
                0x1000016c                _edata = .

.bss_RAM2       0x2007c000        0x0
 *(.bss.$RAM2*)
 *(.bss.$RamAHB32*)
                0x2007c000                . = ALIGN (0x4)

.bss            0x1000016c      0x6c8
                0x1000016c                _bss = .
 *(.bss*)
 .bss.div10.2315
                0x1000016c        0x4 ./src/FatFS_support.o
 .bss.Timer1    0x10000170        0x2 ./src/lib_FatFS/src/lpc1xxx_spi_sd/sd.o
 .bss.Timer2    0x10000172        0x2 ./src/lib_FatFS/src/lpc1xxx_spi_sd/sd.o
 .bss.FatFs     0x10000174        0x4 ./src/lib_FatFS/src/ff.o
 .bss.Fsid      0x10000178        0x2 ./src/lib_FatFS/src/ff.o
 *fill*         0x1000017a        0x2 00
 .bss.errno     0x1000017c        0x4 /usr/local/lpcxpresso_4.2.0_224/lpcxpresso/tools/bin/../lib/gcc/arm-none-eabi/4.5.1/../../../../arm-none-eabi/lib/thumb2/libcr_c.a(errno.o)
                0x1000017c                errno
 *(COMMON)
 COMMON         0x10000180      0x637 ./src/main.o
                0x10000180                args
                0x10000188                fs
                0x100003b8                line
                0x100004b8                Buffer
                0x100006b8                str
 *fill*         0x100007b7        0x1 00
 COMMON         0x100007b8       0x74 ./src/lib_FatFS/src/lpc1xxx_spi_sd/sd.o
                0x100007b8                CardType
                0x100007bc                CardConfig
 COMMON         0x1000082c        0x8 /usr/local/lpcxpresso_4.2.0_224/lpcxpresso/tools/bin/../lib/gcc/arm-none-eabi/4.5.1/../../../../arm-none-eabi/lib/thumb2/libcr_c.a(__init_alloc.o)
                0x1000082c                __heaps
                0x10000830                __end_of_heap
                0x10000834                . = ALIGN (0x4)
                0x10000834                _ebss = .
                0x10000834                PROVIDE (end, .)
                0x10000834                PROVIDE (_pvHeapStart, .)
                0x10008000                PROVIDE (_vStackTop, (__top_RamLoc32 - 0x0))
OUTPUT(testSdCard.axf elf32-littlearm)

.debug_abbrev   0x00000000      0xd3e
 .debug_abbrev  0x00000000      0x103 ./src/FatFS_support.o
 .debug_abbrev  0x00000103      0x10f ./src/cr_startup_lpc176x.o
 .debug_abbrev  0x00000212      0x2e5 ./src/main.o
 .debug_abbrev  0x000004f7       0xbb ./src/lib_FatFS/src/option/cc932.o
 .debug_abbrev  0x000005b2       0x2c ./src/lib_FatFS/src/option/syscall.o
 .debug_abbrev  0x000005de      0x1fc ./src/lib_FatFS/src/lpc1xxx_spi_sd/lpc17xx_spi.o
 .debug_abbrev  0x000007da      0x1d3 ./src/lib_FatFS/src/lpc1xxx_spi_sd/sd.o
 .debug_abbrev  0x000009ad      0x14a ./src/lib_FatFS/src/clocking.o
 .debug_abbrev  0x00000af7      0x164 ./src/lib_FatFS/src/ff.o
 .debug_abbrev  0x00000c5b       0xe3 /home/fanaur/RepositoriosMercurial/trabajoprofesional/Codigo/workspaceLpc/CMSISv2p00_LPC17xx/Debug/libCMSISv2p00_LPC17xx.a(system_LPC17xx.o)

.debug_info     0x00000000     0x4b4b
 .debug_info    0x00000000      0x4a2 ./src/FatFS_support.o
 .debug_info    0x000004a2      0x2e3 ./src/cr_startup_lpc176x.o
 .debug_info    0x00000785     0x102e ./src/main.o
 .debug_info    0x000017b3      0x1cb ./src/lib_FatFS/src/option/cc932.o
 .debug_info    0x0000197e       0x70 ./src/lib_FatFS/src/option/syscall.o
 .debug_info    0x000019ee      0xa44 ./src/lib_FatFS/src/lpc1xxx_spi_sd/lpc17xx_spi.o
 .debug_info    0x00002432      0x788 ./src/lib_FatFS/src/lpc1xxx_spi_sd/sd.o
 .debug_info    0x00002bba      0x53a ./src/lib_FatFS/src/clocking.o
 .debug_info    0x000030f4     0x16c8 ./src/lib_FatFS/src/ff.o
 .debug_info    0x000047bc      0x38f /home/fanaur/RepositoriosMercurial/trabajoprofesional/Codigo/workspaceLpc/CMSISv2p00_LPC17xx/Debug/libCMSISv2p00_LPC17xx.a(system_LPC17xx.o)

.debug_line     0x00000000     0x3592
 .debug_line    0x00000000      0x483 ./src/FatFS_support.o
 .debug_line    0x00000483      0x3fd ./src/cr_startup_lpc176x.o
 .debug_line    0x00000880      0x668 ./src/main.o
 .debug_line    0x00000ee8      0x13a ./src/lib_FatFS/src/option/cc932.o
 .debug_line    0x00001022      0x340 ./src/lib_FatFS/src/option/syscall.o
 .debug_line    0x00001362      0x4e5 ./src/lib_FatFS/src/lpc1xxx_spi_sd/lpc17xx_spi.o
 .debug_line    0x00001847      0x7ed ./src/lib_FatFS/src/lpc1xxx_spi_sd/sd.o
 .debug_line    0x00002034      0x55f ./src/lib_FatFS/src/clocking.o
 .debug_line    0x00002593      0xc18 ./src/lib_FatFS/src/ff.o
 .debug_line    0x000031ab      0x3e7 /home/fanaur/RepositoriosMercurial/trabajoprofesional/Codigo/workspaceLpc/CMSISv2p00_LPC17xx/Debug/libCMSISv2p00_LPC17xx.a(system_LPC17xx.o)

.debug_macinfo  0x00000000    0x3792b
 .debug_macinfo
                0x00000000     0x7d8c ./src/FatFS_support.o
 .debug_macinfo
                0x00007d8c     0x313f ./src/cr_startup_lpc176x.o
 .debug_macinfo
                0x0000aecb     0x7c98 ./src/main.o
 .debug_macinfo
                0x00012b63     0x1c70 ./src/lib_FatFS/src/option/cc932.o
 .debug_macinfo
                0x000147d3     0x232f ./src/lib_FatFS/src/option/syscall.o
 .debug_macinfo
                0x00016b02     0x77f5 ./src/lib_FatFS/src/lpc1xxx_spi_sd/lpc17xx_spi.o
 .debug_macinfo
                0x0001e2f7     0x7b93 ./src/lib_FatFS/src/lpc1xxx_spi_sd/sd.o
 .debug_macinfo
                0x00025e8a     0x7a75 ./src/lib_FatFS/src/clocking.o
 .debug_macinfo
                0x0002d8ff     0x2701 ./src/lib_FatFS/src/ff.o
 .debug_macinfo
                0x00030000     0x792b /home/fanaur/RepositoriosMercurial/trabajoprofesional/Codigo/workspaceLpc/CMSISv2p00_LPC17xx/Debug/libCMSISv2p00_LPC17xx.a(system_LPC17xx.o)

.debug_loc      0x00000000     0x13ee
 .debug_loc     0x00000000       0x58 ./src/FatFS_support.o
 .debug_loc     0x00000058      0x1b8 ./src/cr_startup_lpc176x.o
 .debug_loc     0x00000210      0x2ea ./src/main.o
 .debug_loc     0x000004fa       0x70 ./src/lib_FatFS/src/option/cc932.o
 .debug_loc     0x0000056a      0x190 ./src/lib_FatFS/src/lpc1xxx_spi_sd/lpc17xx_spi.o
 .debug_loc     0x000006fa      0x33c ./src/lib_FatFS/src/lpc1xxx_spi_sd/sd.o
 .debug_loc     0x00000a36       0xc8 ./src/lib_FatFS/src/clocking.o
 .debug_loc     0x00000afe      0x8d0 ./src/lib_FatFS/src/ff.o
 .debug_loc     0x000013ce       0x20 /home/fanaur/RepositoriosMercurial/trabajoprofesional/Codigo/workspaceLpc/CMSISv2p00_LPC17xx/Debug/libCMSISv2p00_LPC17xx.a(system_LPC17xx.o)

.debug_pubnames
                0x00000000      0x5e6
 .debug_pubnames
                0x00000000       0x4d ./src/FatFS_support.o
 .debug_pubnames
                0x0000004d      0x118 ./src/cr_startup_lpc176x.o
 .debug_pubnames
                0x00000165       0xb0 ./src/main.o
 .debug_pubnames
                0x00000215       0x31 ./src/lib_FatFS/src/option/cc932.o
 .debug_pubnames
                0x00000246       0xa6 ./src/lib_FatFS/src/lpc1xxx_spi_sd/lpc17xx_spi.o
 .debug_pubnames
                0x000002ec      0x140 ./src/lib_FatFS/src/lpc1xxx_spi_sd/sd.o
 .debug_pubnames
                0x0000042c       0x5f ./src/lib_FatFS/src/clocking.o
 .debug_pubnames
                0x0000048b      0x10c ./src/lib_FatFS/src/ff.o
 .debug_pubnames
                0x00000597       0x4f /home/fanaur/RepositoriosMercurial/trabajoprofesional/Codigo/workspaceLpc/CMSISv2p00_LPC17xx/Debug/libCMSISv2p00_LPC17xx.a(system_LPC17xx.o)

.debug_pubtypes
                0x00000000      0x3ec
 .debug_pubtypes
                0x00000000       0x62 ./src/FatFS_support.o
 .debug_pubtypes
                0x00000062       0x12 ./src/cr_startup_lpc176x.o
 .debug_pubtypes
                0x00000074       0xe1 ./src/main.o
 .debug_pubtypes
                0x00000155       0x25 ./src/lib_FatFS/src/option/cc932.o
 .debug_pubtypes
                0x0000017a       0x12 ./src/lib_FatFS/src/option/syscall.o
 .debug_pubtypes
                0x0000018c       0x97 ./src/lib_FatFS/src/lpc1xxx_spi_sd/lpc17xx_spi.o
 .debug_pubtypes
                0x00000223       0xa5 ./src/lib_FatFS/src/lpc1xxx_spi_sd/sd.o
 .debug_pubtypes
                0x000002c8       0x67 ./src/lib_FatFS/src/clocking.o
 .debug_pubtypes
                0x0000032f       0x7f ./src/lib_FatFS/src/ff.o
 .debug_pubtypes
                0x000003ae       0x3e /home/fanaur/RepositoriosMercurial/trabajoprofesional/Codigo/workspaceLpc/CMSISv2p00_LPC17xx/Debug/libCMSISv2p00_LPC17xx.a(system_LPC17xx.o)

.debug_aranges  0x00000000      0x3f8
 .debug_aranges
                0x00000000       0x28 ./src/FatFS_support.o
 .debug_aranges
                0x00000028       0x80 ./src/cr_startup_lpc176x.o
 .debug_aranges
                0x000000a8       0x88 ./src/main.o
 .debug_aranges
                0x00000130       0x28 ./src/lib_FatFS/src/option/cc932.o
 .debug_aranges
                0x00000158       0x58 ./src/lib_FatFS/src/lpc1xxx_spi_sd/lpc17xx_spi.o
 .debug_aranges
                0x000001b0       0x90 ./src/lib_FatFS/src/lpc1xxx_spi_sd/sd.o
 .debug_aranges
                0x00000240       0x38 ./src/lib_FatFS/src/clocking.o
 .debug_aranges
                0x00000278      0x158 ./src/lib_FatFS/src/ff.o
 .debug_aranges
                0x000003d0       0x28 /home/fanaur/RepositoriosMercurial/trabajoprofesional/Codigo/workspaceLpc/CMSISv2p00_LPC17xx/Debug/libCMSISv2p00_LPC17xx.a(system_LPC17xx.o)

.debug_ranges   0x00000000      0x380
 .debug_ranges  0x00000000       0x18 ./src/FatFS_support.o
 .debug_ranges  0x00000018       0x70 ./src/cr_startup_lpc176x.o
 .debug_ranges  0x00000088       0x90 ./src/main.o
 .debug_ranges  0x00000118       0x18 ./src/lib_FatFS/src/option/cc932.o
 .debug_ranges  0x00000130       0x48 ./src/lib_FatFS/src/lpc1xxx_spi_sd/lpc17xx_spi.o
 .debug_ranges  0x00000178       0x80 ./src/lib_FatFS/src/lpc1xxx_spi_sd/sd.o
 .debug_ranges  0x000001f8       0x28 ./src/lib_FatFS/src/clocking.o
 .debug_ranges  0x00000220      0x148 ./src/lib_FatFS/src/ff.o
 .debug_ranges  0x00000368       0x18 /home/fanaur/RepositoriosMercurial/trabajoprofesional/Codigo/workspaceLpc/CMSISv2p00_LPC17xx/Debug/libCMSISv2p00_LPC17xx.a(system_LPC17xx.o)

.debug_str      0x00000000     0x116b
 .debug_str     0x00000000      0x2c2 ./src/FatFS_support.o
                                0x30d (size before relaxing)
 .debug_str     0x000002c2      0x16a ./src/cr_startup_lpc176x.o
                                0x260 (size before relaxing)
 .debug_str     0x0000042c      0x53d ./src/main.o
                                0x721 (size before relaxing)
 .debug_str     0x00000969       0x67 ./src/lib_FatFS/src/option/cc932.o
                                0x12b (size before relaxing)
 .debug_str     0x000009d0       0x26 ./src/lib_FatFS/src/option/syscall.o
                                 0xfa (size before relaxing)
 .debug_str     0x000009f6      0x1f3 ./src/lib_FatFS/src/lpc1xxx_spi_sd/lpc17xx_spi.o
                                0x583 (size before relaxing)
 .debug_str     0x00000be9      0x1ec ./src/lib_FatFS/src/lpc1xxx_spi_sd/sd.o
                                0x363 (size before relaxing)
 .debug_str     0x00000dd5       0xce ./src/lib_FatFS/src/clocking.o
                                0x33a (size before relaxing)
 .debug_str     0x00000ea3      0x22c ./src/lib_FatFS/src/ff.o
                                0x55f (size before relaxing)
 .debug_str     0x000010cf       0x9c /home/fanaur/RepositoriosMercurial/trabajoprofesional/Codigo/workspaceLpc/CMSISv2p00_LPC17xx/Debug/libCMSISv2p00_LPC17xx.a(system_LPC17xx.o)
                                0x299 (size before relaxing)

.comment        0x00000000       0x2a
 .comment       0x00000000       0x2a ./src/FatFS_support.o
                                 0x2b (size before relaxing)
 .comment       0x00000000       0x2b ./src/cr_startup_lpc176x.o
 .comment       0x00000000       0x2b ./src/main.o
 .comment       0x00000000       0x2b ./src/lib_FatFS/src/option/cc932.o
 .comment       0x00000000       0x2b ./src/lib_FatFS/src/option/syscall.o
 .comment       0x00000000       0x2b ./src/lib_FatFS/src/lpc1xxx_spi_sd/lpc17xx_spi.o
 .comment       0x00000000       0x2b ./src/lib_FatFS/src/lpc1xxx_spi_sd/sd.o
 .comment       0x00000000       0x2b ./src/lib_FatFS/src/clocking.o
 .comment       0x00000000       0x2b ./src/lib_FatFS/src/ff.o
 .comment       0x00000000       0x2b /home/fanaur/RepositoriosMercurial/trabajoprofesional/Codigo/workspaceLpc/CMSISv2p00_LPC17xx/Debug/libCMSISv2p00_LPC17xx.a(system_LPC17xx.o)
 .comment       0x00000000       0x2b /usr/local/lpcxpresso_4.2.0_224/lpcxpresso/tools/bin/../lib/gcc/arm-none-eabi/4.5.1/../../../../arm-none-eabi/lib/thumb2/libcr_c.a(__weak__main.o)
 .comment       0x00000000       0x2b /usr/local/lpcxpresso_4.2.0_224/lpcxpresso/tools/bin/../lib/gcc/arm-none-eabi/4.5.1/../../../../arm-none-eabi/lib/thumb2/libcr_c.a(fpprintf.o)
 .comment       0x00000000       0x2b /usr/local/lpcxpresso_4.2.0_224/lpcxpresso/tools/bin/../lib/gcc/arm-none-eabi/4.5.1/../../../../arm-none-eabi/lib/thumb2/libcr_c.a(printf.o)
 .comment       0x00000000       0x2b /usr/local/lpcxpresso_4.2.0_224/lpcxpresso/tools/bin/../lib/gcc/arm-none-eabi/4.5.1/../../../../arm-none-eabi/lib/thumb2/libcr_c.a(stdio.o)
 .comment       0x00000000       0x2b /usr/local/lpcxpresso_4.2.0_224/lpcxpresso/tools/bin/../lib/gcc/arm-none-eabi/4.5.1/../../../../arm-none-eabi/lib/thumb2/libcr_c.a(strlen.o)
 .comment       0x00000000       0x2b /usr/local/lpcxpresso_4.2.0_224/lpcxpresso/tools/bin/../lib/gcc/arm-none-eabi/4.5.1/../../../../arm-none-eabi/lib/thumb2/libcr_c.a(memset.o)
 .comment       0x00000000       0x2b /usr/local/lpcxpresso_4.2.0_224/lpcxpresso/tools/bin/../lib/gcc/arm-none-eabi/4.5.1/../../../../arm-none-eabi/lib/thumb2/libcr_c.a(__fillbuf.o)
 .comment       0x00000000       0x2b /usr/local/lpcxpresso_4.2.0_224/lpcxpresso/tools/bin/../lib/gcc/arm-none-eabi/4.5.1/../../../../arm-none-eabi/lib/thumb2/libcr_c.a(_deferredlazyseek.o)
 .comment       0x00000000       0x2b /usr/local/lpcxpresso_4.2.0_224/lpcxpresso/tools/bin/../lib/gcc/arm-none-eabi/4.5.1/../../../../arm-none-eabi/lib/thumb2/libcr_c.a(_fflush.o)
 .comment       0x00000000       0x2b /usr/local/lpcxpresso_4.2.0_224/lpcxpresso/tools/bin/../lib/gcc/arm-none-eabi/4.5.1/../../../../arm-none-eabi/lib/thumb2/libcr_c.a(_frexpl.o)
 .comment       0x00000000       0x2b /usr/local/lpcxpresso_4.2.0_224/lpcxpresso/tools/bin/../lib/gcc/arm-none-eabi/4.5.1/../../../../arm-none-eabi/lib/thumb2/libcr_c.a(_ldexpl.o)
 .comment       0x00000000       0x2b /usr/local/lpcxpresso_4.2.0_224/lpcxpresso/tools/bin/../lib/gcc/arm-none-eabi/4.5.1/../../../../arm-none-eabi/lib/thumb2/libcr_c.a(_writebuf.o)
 .comment       0x00000000       0x2b /usr/local/lpcxpresso_4.2.0_224/lpcxpresso/tools/bin/../lib/gcc/arm-none-eabi/4.5.1/../../../../arm-none-eabi/lib/thumb2/libcr_c.a(alloc.o)
 .comment       0x00000000       0x2b /usr/local/lpcxpresso_4.2.0_224/lpcxpresso/tools/bin/../lib/gcc/arm-none-eabi/4.5.1/../../../../arm-none-eabi/lib/thumb2/libcr_c.a(ctype.o)
 .comment       0x00000000       0x2b /usr/local/lpcxpresso_4.2.0_224/lpcxpresso/tools/bin/../lib/gcc/arm-none-eabi/4.5.1/../../../../arm-none-eabi/lib/thumb2/libcr_c.a(errno.o)
 .comment       0x00000000       0x2b /usr/local/lpcxpresso_4.2.0_224/lpcxpresso/tools/bin/../lib/gcc/arm-none-eabi/4.5.1/../../../../arm-none-eabi/lib/thumb2/libcr_c.a(fseek.o)
 .comment       0x00000000       0x2b /usr/local/lpcxpresso_4.2.0_224/lpcxpresso/tools/bin/../lib/gcc/arm-none-eabi/4.5.1/../../../../arm-none-eabi/lib/thumb2/libcr_c.a(ftell.o)
 .comment       0x00000000       0x2b /usr/local/lpcxpresso_4.2.0_224/lpcxpresso/tools/bin/../lib/gcc/arm-none-eabi/4.5.1/../../../../arm-none-eabi/lib/thumb2/libcr_c.a(memcpy.o)
 .comment       0x00000000       0x2b /usr/local/lpcxpresso_4.2.0_224/lpcxpresso/tools/bin/../lib/gcc/arm-none-eabi/4.5.1/../../../../arm-none-eabi/lib/thumb2/libcr_c.a(__init_alloc.o)
 .comment       0x00000000       0x2b /usr/local/lpcxpresso_4.2.0_224/lpcxpresso/tools/bin/../lib/gcc/arm-none-eabi/4.5.1/../../../../arm-none-eabi/lib/thumb2/libcr_c.a(_hugeval.o)
 .comment       0x00000000       0x2b /usr/local/lpcxpresso_4.2.0_224/lpcxpresso/tools/bin/../lib/gcc/arm-none-eabi/4.5.1/thumb2/libcr_eabihelpers.a(double.o)

.ARM.attributes
                0x00000000       0x2f
 .ARM.attributes
                0x00000000       0x31 ./src/FatFS_support.o
 .ARM.attributes
                0x00000031       0x31 ./src/cr_startup_lpc176x.o
 .ARM.attributes
                0x00000062       0x31 ./src/main.o
 .ARM.attributes
                0x00000093       0x31 ./src/lib_FatFS/src/option/cc932.o
 .ARM.attributes
                0x000000c4       0x31 ./src/lib_FatFS/src/option/syscall.o
 .ARM.attributes
                0x000000f5       0x31 ./src/lib_FatFS/src/lpc1xxx_spi_sd/lpc17xx_spi.o
 .ARM.attributes
                0x00000126       0x31 ./src/lib_FatFS/src/lpc1xxx_spi_sd/sd.o
 .ARM.attributes
                0x00000157       0x31 ./src/lib_FatFS/src/clocking.o
 .ARM.attributes
                0x00000188       0x31 ./src/lib_FatFS/src/ff.o
 .ARM.attributes
                0x000001b9       0x31 /home/fanaur/RepositoriosMercurial/trabajoprofesional/Codigo/workspaceLpc/CMSISv2p00_LPC17xx/Debug/libCMSISv2p00_LPC17xx.a(system_LPC17xx.o)
 .ARM.attributes
                0x000001ea       0x31 /usr/local/lpcxpresso_4.2.0_224/lpcxpresso/tools/bin/../lib/gcc/arm-none-eabi/4.5.1/../../../../arm-none-eabi/lib/thumb2/libcr_c.a(__weak__main.o)
 .ARM.attributes
                0x0000021b       0x31 /usr/local/lpcxpresso_4.2.0_224/lpcxpresso/tools/bin/../lib/gcc/arm-none-eabi/4.5.1/../../../../arm-none-eabi/lib/thumb2/libcr_c.a(fpprintf.o)
 .ARM.attributes
                0x0000024c       0x31 /usr/local/lpcxpresso_4.2.0_224/lpcxpresso/tools/bin/../lib/gcc/arm-none-eabi/4.5.1/../../../../arm-none-eabi/lib/thumb2/libcr_c.a(printf.o)
 .ARM.attributes
                0x0000027d       0x31 /usr/local/lpcxpresso_4.2.0_224/lpcxpresso/tools/bin/../lib/gcc/arm-none-eabi/4.5.1/../../../../arm-none-eabi/lib/thumb2/libcr_c.a(stdio.o)
 .ARM.attributes
                0x000002ae       0x31 /usr/local/lpcxpresso_4.2.0_224/lpcxpresso/tools/bin/../lib/gcc/arm-none-eabi/4.5.1/../../../../arm-none-eabi/lib/thumb2/libcr_c.a(strlen.o)
 .ARM.attributes
                0x000002df       0x31 /usr/local/lpcxpresso_4.2.0_224/lpcxpresso/tools/bin/../lib/gcc/arm-none-eabi/4.5.1/../../../../arm-none-eabi/lib/thumb2/libcr_c.a(memset.o)
 .ARM.attributes
                0x00000310       0x31 /usr/local/lpcxpresso_4.2.0_224/lpcxpresso/tools/bin/../lib/gcc/arm-none-eabi/4.5.1/../../../../arm-none-eabi/lib/thumb2/libcr_c.a(__fillbuf.o)
 .ARM.attributes
                0x00000341       0x31 /usr/local/lpcxpresso_4.2.0_224/lpcxpresso/tools/bin/../lib/gcc/arm-none-eabi/4.5.1/../../../../arm-none-eabi/lib/thumb2/libcr_c.a(_deferredlazyseek.o)
 .ARM.attributes
                0x00000372       0x31 /usr/local/lpcxpresso_4.2.0_224/lpcxpresso/tools/bin/../lib/gcc/arm-none-eabi/4.5.1/../../../../arm-none-eabi/lib/thumb2/libcr_c.a(_fflush.o)
 .ARM.attributes
                0x000003a3       0x31 /usr/local/lpcxpresso_4.2.0_224/lpcxpresso/tools/bin/../lib/gcc/arm-none-eabi/4.5.1/../../../../arm-none-eabi/lib/thumb2/libcr_c.a(_frexpl.o)
 .ARM.attributes
                0x000003d4       0x31 /usr/local/lpcxpresso_4.2.0_224/lpcxpresso/tools/bin/../lib/gcc/arm-none-eabi/4.5.1/../../../../arm-none-eabi/lib/thumb2/libcr_c.a(_ldexpl.o)
 .ARM.attributes
                0x00000405       0x31 /usr/local/lpcxpresso_4.2.0_224/lpcxpresso/tools/bin/../lib/gcc/arm-none-eabi/4.5.1/../../../../arm-none-eabi/lib/thumb2/libcr_c.a(_writebuf.o)
 .ARM.attributes
                0x00000436       0x31 /usr/local/lpcxpresso_4.2.0_224/lpcxpresso/tools/bin/../lib/gcc/arm-none-eabi/4.5.1/../../../../arm-none-eabi/lib/thumb2/libcr_c.a(alloc.o)
 .ARM.attributes
                0x00000467       0x31 /usr/local/lpcxpresso_4.2.0_224/lpcxpresso/tools/bin/../lib/gcc/arm-none-eabi/4.5.1/../../../../arm-none-eabi/lib/thumb2/libcr_c.a(ctype.o)
 .ARM.attributes
                0x00000498       0x31 /usr/local/lpcxpresso_4.2.0_224/lpcxpresso/tools/bin/../lib/gcc/arm-none-eabi/4.5.1/../../../../arm-none-eabi/lib/thumb2/libcr_c.a(errno.o)
 .ARM.attributes
                0x000004c9       0x31 /usr/local/lpcxpresso_4.2.0_224/lpcxpresso/tools/bin/../lib/gcc/arm-none-eabi/4.5.1/../../../../arm-none-eabi/lib/thumb2/libcr_c.a(fseek.o)
 .ARM.attributes
                0x000004fa       0x31 /usr/local/lpcxpresso_4.2.0_224/lpcxpresso/tools/bin/../lib/gcc/arm-none-eabi/4.5.1/../../../../arm-none-eabi/lib/thumb2/libcr_c.a(ftell.o)
 .ARM.attributes
                0x0000052b       0x31 /usr/local/lpcxpresso_4.2.0_224/lpcxpresso/tools/bin/../lib/gcc/arm-none-eabi/4.5.1/../../../../arm-none-eabi/lib/thumb2/libcr_c.a(memcpy.o)
 .ARM.attributes
                0x0000055c       0x31 /usr/local/lpcxpresso_4.2.0_224/lpcxpresso/tools/bin/../lib/gcc/arm-none-eabi/4.5.1/../../../../arm-none-eabi/lib/thumb2/libcr_c.a(__init_alloc.o)
 .ARM.attributes
                0x0000058d       0x31 /usr/local/lpcxpresso_4.2.0_224/lpcxpresso/tools/bin/../lib/gcc/arm-none-eabi/4.5.1/../../../../arm-none-eabi/lib/thumb2/libcr_c.a(_hugeval.o)
 .ARM.attributes
                0x000005be       0x21 /usr/local/lpcxpresso_4.2.0_224/lpcxpresso/tools/bin/../lib/gcc/arm-none-eabi/4.5.1/thumb2/libcr_eabihelpers.a(division.o)
 .ARM.attributes
                0x000005df       0x31 /usr/local/lpcxpresso_4.2.0_224/lpcxpresso/tools/bin/../lib/gcc/arm-none-eabi/4.5.1/thumb2/libcr_eabihelpers.a(double.o)
 .ARM.attributes
                0x00000610       0x21 /usr/local/lpcxpresso_4.2.0_224/lpcxpresso/tools/bin/../lib/gcc/arm-none-eabi/4.5.1/thumb2/libcr_eabihelpers.a(memcpy.o)

.debug_frame    0x00000000      0xb94
 .debug_frame   0x00000000       0x44 ./src/FatFS_support.o
 .debug_frame   0x00000044       0xf0 ./src/cr_startup_lpc176x.o
 .debug_frame   0x00000134      0x1a4 ./src/main.o
 .debug_frame   0x000002d8       0x48 ./src/lib_FatFS/src/option/cc932.o
 .debug_frame   0x00000320       0xe8 ./src/lib_FatFS/src/lpc1xxx_spi_sd/lpc17xx_spi.o
 .debug_frame   0x00000408      0x1e4 ./src/lib_FatFS/src/lpc1xxx_spi_sd/sd.o
 .debug_frame   0x000005ec       0x78 ./src/lib_FatFS/src/clocking.o
 .debug_frame   0x00000664      0x4f4 ./src/lib_FatFS/src/ff.o
 .debug_frame   0x00000b58       0x3c /home/fanaur/RepositoriosMercurial/trabajoprofesional/Codigo/workspaceLpc/CMSISv2p00_LPC17xx/Debug/libCMSISv2p00_LPC17xx.a(system_LPC17xx.o)
